04-11 03:58:04.448  2759  7293 W libc    : Unable to set property "ctl.interface_start" to "android.hardware.usb.gadget@1.0::IUsbGadget/default": error code: 0x20
04-11 03:58:04.450     0     0 E [3:           init:    1] init: Control message: Could not find 'android.hardware.usb.gadget@1.0::IUsbGadget/default' for ctl.interface_start from pid: 2759 (/system/bin/hwservicemanager)
04-11 03:58:04.464  6108  6593 E AudioSystem-JNI: AudioSystem::listAudioPorts error -19
04-11 03:58:04.465  6108  6593 W AudioManager: updateAudioPortCache: listAudioPorts failed
04-11 03:58:04.565  6108  6593 E AudioSystem-JNI: AudioSystem::listAudioPorts error -19
04-11 03:58:04.565  6108  6593 W AudioManager: updateAudioPortCache: listAudioPorts failed
04-11 03:58:04.667  6108  6593 E AudioSystem-JNI: AudioSystem::listAudioPorts error -19
04-11 03:58:04.667  6108  6593 W AudioManager: updateAudioPortCache: listAudioPorts failed
04-11 03:58:04.664     0     0 E [1:health@2.0-serv: 2884] sec_bat_get_property: Fail to s2mu004-fuelgauge get (32=>-22)
04-11 03:58:04.668     0     0 W [1:health@2.0-serv: 2884] healthd: battery l=100 v=4303 t=27.4 h=2 st=5 c=-4 fc=0 chg=u
04-11 03:58:04.768  6108  6593 E AudioSystem-JNI: AudioSystem::listAudioPorts error -19
04-11 03:58:04.768  6108  6593 W AudioManager: updateAudioPortCache: listAudioPorts failed
04-11 03:58:04.870  6108  6593 E AudioSystem-JNI: AudioSystem::listAudioPorts error -19
04-11 03:58:04.870  6108  6593 W AudioManager: updateAudioPortCache: listAudioPorts failed
04-11 03:58:04.971  6108  6593 E AudioSystem-JNI: AudioSystem::listAudioPorts error -19
04-11 03:58:04.972  6108  6593 W AudioManager: updateAudioPortCache: listAudioPorts failed
04-11 03:58:05.059  6488  6488 W HidlServiceManagement: Waited one second for android.hardware.radio@1.4::IRadio/slot1
04-11 03:58:05.060  2759  2759 I hwservicemanager: Since android.hardware.radio@1.4::IRadio/slot1 is not registered, trying to start it as a lazy HAL.
04-11 03:58:05.061  6488  6488 I HidlServiceManagement: getService: Trying again for android.hardware.radio@1.4::IRadio/slot1...
04-11 03:58:05.063  2759  7294 W libc    : Unable to set property "ctl.interface_start" to "android.hardware.radio@1.4::IRadio/slot1": error code: 0x20
04-11 03:58:05.064     0     0 E [3:           init:    1] init: Control message: Could not find 'android.hardware.radio@1.4::IRadio/slot1' for ctl.interface_start from pid: 2759 (/system/bin/hwservicemanager)
04-11 03:58:05.072  6108  6593 E AudioSystem-JNI: AudioSystem::listAudioPorts error -19
04-11 03:58:05.072  6108  6593 W AudioManager: updateAudioPortCache: listAudioPorts failed
04-11 03:58:05.174  6108  6593 E AudioSystem-JNI: AudioSystem::listAudioPorts error -19
04-11 03:58:05.174  6108  6593 W AudioManager: updateAudioPortCache: listAudioPorts failed
04-11 03:58:05.258  6108  6206 E AudioSystem-JNI: Command failed for android_media_AudioSystem_initStreamVolume: -19
04-11 03:58:05.258  6108  6206 E AS.AudioService: Failed to initStreamVolume (1) for stream 11
04-11 03:58:05.258  6108  6206 E AS.AudioService: VSS(): initStreamVolume failed with 1 will retry
04-11 03:58:05.261     0     0 I         : [0:    kworker/0:2: 1598] [sec_input] HOME key is pressed
04-11 03:58:05.275  6108  6593 E AudioSystem-JNI: AudioSystem::listAudioPorts error -19
04-11 03:58:05.275  6108  6593 W AudioManager: updateAudioPortCache: listAudioPorts failed
04-11 03:58:05.291     0     0 I         : [0:light@2.0-servi: 2885] abov-touchkey-ft1804 5-0020: [sec_input] touchkey_led_control data(1)
04-11 03:58:05.321  6108  6210 W HidlServiceManagement: Waited one second for android.hardware.usb.gadget@1.0::IUsbGadget/default
04-11 03:58:05.321  2759  2759 I hwservicemanager: Since android.hardware.usb.gadget@1.0::IUsbGadget/default is not registered, trying to start it as a lazy HAL.
04-11 03:58:05.321  6108  6210 I HidlServiceManagement: getService: Trying again for android.hardware.usb.gadget@1.0::IUsbGadget/default...
04-11 03:58:05.322  2759  7295 W libc    : Unable to set property "ctl.interface_start" to "android.hardware.usb.gadget@1.0::IUsbGadget/default": error code: 0x20
04-11 03:58:05.324     0     0 E [2:           init:    1] init: Control message: Could not find 'android.hardware.usb.gadget@1.0::IUsbGadget/default' for ctl.interface_start from pid: 2759 (/system/bin/hwservicemanager)
04-11 03:58:05.376  6108  6593 E AudioSystem-JNI: AudioSystem::listAudioPorts error -19
04-11 03:58:05.376  6108  6593 W AudioManager: updateAudioPortCache: listAudioPorts failed
04-11 03:58:05.447  2997  2997 W HidlServiceManagement: Waited one second for android.hardware.usb.gadget@1.0::IUsbGadget/default
04-11 03:58:05.448  2759  2759 I hwservicemanager: Since android.hardware.usb.gadget@1.0::IUsbGadget/default is not registered, trying to start it as a lazy HAL.
04-11 03:58:05.448  2997  2997 I HidlServiceManagement: getService: Trying again for android.hardware.usb.gadget@1.0::IUsbGadget/default...
04-11 03:58:05.450  2759  7296 W libc    : Unable to set property "ctl.interface_start" to "android.hardware.usb.gadget@1.0::IUsbGadget/default": error code: 0x20
04-11 03:58:05.452     0     0 E [1:           init:    1] init: Control message: Could not find 'android.hardware.usb.gadget@1.0::IUsbGadget/default' for ctl.interface_start from pid: 2759 (/system/bin/hwservicemanager)
04-11 03:58:05.477  6108  6593 E AudioSystem-JNI: AudioSystem::listAudioPorts error -19
04-11 03:58:05.478  6108  6593 W AudioManager: updateAudioPortCache: listAudioPorts failed
04-11 03:58:05.531     0     0 I         : [0:    kworker/0:2: 1598] [sec_input] HOME key is released
04-11 03:58:05.577  6108  6593 E AudioSystem-JNI: AudioSystem::listAudioPorts error -19
04-11 03:58:05.577  6108  6593 W AudioManager: updateAudioPortCache: listAudioPorts failed
04-11 03:58:05.651     0     0 I         : [2:  kworker/u16:2: 1493] etspi_work_func_debug ldo: 0, sleep: 0, tz: 1, type: unknown
04-11 03:58:05.662     0     0 E [2:health@2.0-serv: 2884] sec_bat_get_property: Fail to s2mu004-fuelgauge get (32=>-22)
04-11 03:58:05.664     0     0 W [2:health@2.0-serv: 2884] healthd: battery l=100 v=4303 t=27.4 h=2 st=5 c=-4 fc=0 chg=u
04-11 03:58:05.678  6108  6593 E AudioSystem-JNI: AudioSystem::listAudioPorts error -19
04-11 03:58:05.678  6108  6593 W AudioManager: updateAudioPortCache: listAudioPorts failed
04-11 03:58:05.779  6108  6593 E AudioSystem-JNI: AudioSystem::listAudioPorts error -19
04-11 03:58:05.780  6108  6593 W AudioManager: updateAudioPortCache: listAudioPorts failed
04-11 03:58:05.836  6108  6125 D AutofillManagerService: Close system dialogs
04-11 03:58:05.838  6108  6126 I WindowManager: Not going home because user setup is in progress.
04-11 03:58:05.846  6260  6260 V ShadeControllerImpl: NotificationShadeWindow: com.android.systemui.statusbar.phone.NotificationShadeWindowView{31ea9ec I.E...... ......ID 0,0-720,1280} canPanelBeCollapsed(): false
04-11 03:58:05.880  6108  6593 E AudioSystem-JNI: AudioSystem::listAudioPorts error -19
04-11 03:58:05.881  6108  6593 W AudioManager: updateAudioPortCache: listAudioPorts failed
04-11 03:58:05.982  6108  6593 E AudioSystem-JNI: AudioSystem::listAudioPorts error -19
04-11 03:58:05.982  6108  6593 W AudioManager: updateAudioPortCache: listAudioPorts failed
04-11 03:58:06.061  6488  6488 W HidlServiceManagement: Waited one second for android.hardware.radio@1.4::IRadio/slot1
04-11 03:58:06.062  2759  2759 I hwservicemanager: Since android.hardware.radio@1.4::IRadio/slot1 is not registered, trying to start it as a lazy HAL.
04-11 03:58:06.063  6488  6488 I HidlServiceManagement: getService: Trying again for android.hardware.radio@1.4::IRadio/slot1...
04-11 03:58:06.065  2759  7297 W libc    : Unable to set property "ctl.interface_start" to "android.hardware.radio@1.4::IRadio/slot1": error code: 0x20
04-11 03:58:06.066     0     0 E [2:           init:    1] init: Control message: Could not find 'android.hardware.radio@1.4::IRadio/slot1' for ctl.interface_start from pid: 2759 (/system/bin/hwservicemanager)
04-11 03:58:06.083  6108  6593 E AudioSystem-JNI: AudioSystem::listAudioPorts error -19
04-11 03:58:06.084  6108  6593 W AudioManager: updateAudioPortCache: listAudioPorts failed
04-11 03:58:06.184  6108  6593 E AudioSystem-JNI: AudioSystem::listAudioPorts error -19
04-11 03:58:06.184  6108  6593 W AudioManager: updateAudioPortCache: listAudioPorts failed
04-11 03:58:06.286  6108  6593 E AudioSystem-JNI: AudioSystem::listAudioPorts error -19
04-11 03:58:06.286  6108  6593 W AudioManager: updateAudioPortCache: listAudioPorts failed
04-11 03:58:06.322  6108  6210 W HidlServiceManagement: Waited one second for android.hardware.usb.gadget@1.0::IUsbGadget/default
04-11 03:58:06.323  2759  2759 I hwservicemanager: Since android.hardware.usb.gadget@1.0::IUsbGadget/default is not registered, trying to start it as a lazy HAL.
04-11 03:58:06.323  6108  6210 I HidlServiceManagement: getService: Trying again for android.hardware.usb.gadget@1.0::IUsbGadget/default...
04-11 03:58:06.325  2759  7298 W libc    : Unable to set property "ctl.interface_start" to "android.hardware.usb.gadget@1.0::IUsbGadget/default": error code: 0x20
04-11 03:58:06.327     0     0 E [2:           init:    1] init: Control message: Could not find 'android.hardware.usb.gadget@1.0::IUsbGadget/default' for ctl.interface_start from pid: 2759 (/system/bin/hwservicemanager)
04-11 03:58:06.387  6108  6593 E AudioSystem-JNI: AudioSystem::listAudioPorts error -19
04-11 03:58:06.387  6108  6593 W AudioManager: updateAudioPortCache: listAudioPorts failed
04-11 03:58:06.449  2997  2997 W HidlServiceManagement: Waited one second for android.hardware.usb.gadget@1.0::IUsbGadget/default
04-11 03:58:06.450  2759  2759 I hwservicemanager: Since android.hardware.usb.gadget@1.0::IUsbGadget/default is not registered, trying to start it as a lazy HAL.
04-11 03:58:06.451  2997  2997 I HidlServiceManagement: getService: Trying again for android.hardware.usb.gadget@1.0::IUsbGadget/default...
04-11 03:58:06.453  2759  7299 W libc    : Unable to set property "ctl.interface_start" to "android.hardware.usb.gadget@1.0::IUsbGadget/default": error code: 0x20
04-11 03:58:06.489  6108  6593 E AudioSystem-JNI: AudioSystem::listAudioPorts error -19
04-11 03:58:06.489  6108  6593 W AudioManager: updateAudioPortCache: listAudioPorts failed
04-11 03:58:06.590  6108  6593 E AudioSystem-JNI: AudioSystem::listAudioPorts error -19
04-11 03:58:06.591  6108  6593 W AudioManager: updateAudioPortCache: listAudioPorts failed
04-11 03:58:06.454     0     0 E [2:           init:    1] init: Control message: Could not find 'android.hardware.usb.gadget@1.0::IUsbGadget/default' for ctl.interface_start from pid: 2759 (/system/bin/hwservicemanager)
04-11 03:58:06.651     0     0 I         : [2:  kworker/u16:2: 1493] [SSP]      debug_work_func( 452): (100) - Sensor state: 0xf24f4176, RC: 1, CC: 0 DC: 0 TC: 0
04-11 03:58:06.651     0     0 I         : [2:  kworker/u16:2: 1493] [SSP] 1 : 8, -11, 4060 (66ms, 0ms)
04-11 03:58:06.664     0     0 E [2:health@2.0-serv: 2884] sec_bat_get_property: Fail to s2mu004-fuelgauge get (32=>-22)
04-11 03:58:06.668     0     0 W [2:health@2.0-serv: 2884] healthd: battery l=100 v=4303 t=27.4 h=2 st=5 c=-4 fc=0 chg=u
04-11 03:58:06.691  6108  6593 E AudioSystem-JNI: AudioSystem::listAudioPorts error -19
04-11 03:58:06.691  6108  6593 W AudioManager: updateAudioPortCache: listAudioPorts failed
04-11 03:58:06.792  6108  6593 E AudioSystem-JNI: AudioSystem::listAudioPorts error -19
04-11 03:58:06.793  6108  6593 W AudioManager: updateAudioPortCache: listAudioPorts failed
04-11 03:58:06.893  6108  6593 E AudioSystem-JNI: AudioSystem::listAudioPorts error -19
04-11 03:58:06.893  6108  6593 W AudioManager: updateAudioPortCache: listAudioPorts failed
04-11 03:58:06.994  6108  6593 E AudioSystem-JNI: AudioSystem::listAudioPorts error -19
04-11 03:58:06.995  6108  6593 W AudioManager: updateAudioPortCache: listAudioPorts failed
04-11 03:58:07.063  6488  6488 W HidlServiceManagement: Waited one second for android.hardware.radio@1.4::IRadio/slot1
04-11 03:58:07.064  2759  2759 I hwservicemanager: Since android.hardware.radio@1.4::IRadio/slot1 is not registered, trying to start it as a lazy HAL.
04-11 03:58:07.065  6488  6488 I HidlServiceManagement: getService: Trying again for android.hardware.radio@1.4::IRadio/slot1...
04-11 03:58:07.067  2759  7300 W libc    : Unable to set property "ctl.interface_start" to "android.hardware.radio@1.4::IRadio/slot1": error code: 0x20
04-11 03:58:07.069     0     0 E [2:           init:    1] init: Control message: Could not find 'android.hardware.radio@1.4::IRadio/slot1' for ctl.interface_start from pid: 2759 (/system/bin/hwservicemanager)
04-11 03:58:07.095  6108  6593 E AudioSystem-JNI: AudioSystem::listAudioPorts error -19
04-11 03:58:07.095  6108  6593 W AudioManager: updateAudioPortCache: listAudioPorts failed
04-11 03:58:07.196  6108  6593 E AudioSystem-JNI: AudioSystem::listAudioPorts error -19
04-11 03:58:07.197  6108  6593 W AudioManager: updateAudioPortCache: listAudioPorts failed
04-11 03:58:07.261  6108  6206 E AudioSystem-JNI: Command failed for android_media_AudioSystem_initStreamVolume: -19
04-11 03:58:07.262  6108  6206 E AS.AudioService: Failed to initStreamVolume (1) for stream 11
04-11 03:58:07.262  6108  6206 E AS.AudioService: VSS(): initStreamVolume failed with 1 will retry
04-11 03:58:07.298  6108  6593 E AudioSystem-JNI: AudioSystem::listAudioPorts error -19
04-11 03:58:07.298  6108  6593 W AudioManager: updateAudioPortCache: listAudioPorts failed
04-11 03:58:07.325  6108  6210 W HidlServiceManagement: Waited one second for android.hardware.usb.gadget@1.0::IUsbGadget/default
04-11 03:58:07.325  2759  2759 I hwservicemanager: Since android.hardware.usb.gadget@1.0::IUsbGadget/default is not registered, trying to start it as a lazy HAL.
04-11 03:58:07.326  6108  6210 I HidlServiceManagement: getService: Trying again for android.hardware.usb.gadget@1.0::IUsbGadget/default...
04-11 03:58:07.328  2759  7301 W libc    : Unable to set property "ctl.interface_start" to "android.hardware.usb.gadget@1.0::IUsbGadget/default": error code: 0x20
04-11 03:58:07.330     0     0 E [2:           init:    1] init: Control message: Could not find 'android.hardware.usb.gadget@1.0::IUsbGadget/default' for ctl.interface_start from pid: 2759 (/system/bin/hwservicemanager)
04-11 03:58:07.400  6108  6593 E AudioSystem-JNI: AudioSystem::listAudioPorts error -19
04-11 03:58:07.400  6108  6593 W AudioManager: updateAudioPortCache: listAudioPorts failed
04-11 03:58:07.451  2997  2997 W HidlServiceManagement: Waited one second for android.hardware.usb.gadget@1.0::IUsbGadget/default
04-11 03:58:07.452  2759  2759 I hwservicemanager: Since android.hardware.usb.gadget@1.0::IUsbGadget/default is not registered, trying to start it as a lazy HAL.
04-11 03:58:07.453  2997  2997 I HidlServiceManagement: getService: Trying again for android.hardware.usb.gadget@1.0::IUsbGadget/default...
04-11 03:58:07.455  2759  7302 W libc    : Unable to set property "ctl.interface_start" to "android.hardware.usb.gadget@1.0::IUsbGadget/default": error code: 0x20
04-11 03:58:07.501  6108  6593 E AudioSystem-JNI: AudioSystem::listAudioPorts error -19
04-11 03:58:07.502  6108  6593 W AudioManager: updateAudioPortCache: listAudioPorts failed
04-11 03:58:07.603  6108  6593 E AudioSystem-JNI: AudioSystem::listAudioPorts error -19
04-11 03:58:07.603  6108  6593 W AudioManager: updateAudioPortCache: listAudioPorts failed
04-11 03:58:07.456     0     0 E [2:           init:    1] init: Control message: Could not find 'android.hardware.usb.gadget@1.0::IUsbGadget/default' for ctl.interface_start from pid: 2759 (/system/bin/hwservicemanager)
04-11 03:58:07.664     0     0 E [2:health@2.0-serv: 2884] sec_bat_get_property: Fail to s2mu004-fuelgauge get (32=>-22)
04-11 03:58:07.669     0     0 W [2:health@2.0-serv: 2884] healthd: battery l=100 v=4303 t=27.4 h=2 st=5 c=-4 fc=0 chg=u
04-11 03:58:07.705  6108  6593 E AudioSystem-JNI: AudioSystem::listAudioPorts error -19
04-11 03:58:07.705  6108  6593 W AudioManager: updateAudioPortCache: listAudioPorts failed
04-11 03:58:07.806  6108  6593 E AudioSystem-JNI: AudioSystem::listAudioPorts error -19
04-11 03:58:07.807  6108  6593 W AudioManager: updateAudioPortCache: listAudioPorts failed
04-11 03:58:07.871     0     0 I [2:           init:    1] init: starting service 'vendor.memtrack-hal-1-0'...
04-11 03:58:07.908  6108  6593 E AudioSystem-JNI: AudioSystem::listAudioPorts error -19
04-11 03:58:07.908  6108  6593 W AudioManager: updateAudioPortCache: listAudioPorts failed
04-11 03:58:07.917  7303  7303 D android.hardware.memtrack@1.0-service: memtrack_open: enter; name=memtrack
04-11 03:58:07.917  7303  7303 D android.hardware.memtrack@1.0-service: memtrack_open: exit 0
04-11 03:58:07.918  7303  7303 E HidlServiceManagement: Service android.hardware.memtrack@1.0::IMemtrack/default must be in VINTF manifest in order to register/get.
04-11 03:58:07.918  7303  7303 E LegacySupport: Could not register service android.hardware.memtrack@1.0::IMemtrack/default (-2147483648).
04-11 03:58:07.921     0     0 I [3:           init:    1] init: Service 'vendor.memtrack-hal-1-0' (pid 7303) exited with status 0
04-11 03:58:07.922     0     0 I [3:           init:    1] init: Sending signal 9 to service 'vendor.memtrack-hal-1-0' (pid 7303) process group...
04-11 03:58:07.922     0     0 I [3:           init:    1] libprocessgroup: Successfully killed process cgroup uid 1000 pid 7303 in 0ms
04-11 03:58:07.955     0     0 W         : [0:irq/8-ist30xx_t: 1192] [sec_input][ TSP ] p1
04-11 03:58:07.955     0     0 W         : [0:irq/8-ist30xx_t: 1192] [sec_input][ TSP ] p1 (p:0, ma:1, mi:1) (0)
04-11 03:58:08.009  6108  6593 E AudioSystem-JNI: AudioSystem::listAudioPorts error -19
04-11 03:58:08.009  6108  6593 W AudioManager: updateAudioPortCache: listAudioPorts failed
04-11 03:58:08.065  6488  6488 W HidlServiceManagement: Waited one second for android.hardware.radio@1.4::IRadio/slot1
04-11 03:58:08.066  2759  2759 I hwservicemanager: Since android.hardware.radio@1.4::IRadio/slot1 is not registered, trying to start it as a lazy HAL.
04-11 03:58:08.066  6488  6488 I HidlServiceManagement: getService: Trying again for android.hardware.radio@1.4::IRadio/slot1...
04-11 03:58:08.067  2759  7304 W libc    : Unable to set property "ctl.interface_start" to "android.hardware.radio@1.4::IRadio/slot1": error code: 0x20
04-11 03:58:08.068     0     0 E [3:           init:    1] init: Control message: Could not find 'android.hardware.radio@1.4::IRadio/slot1' for ctl.interface_start from pid: 2759 (/system/bin/hwservicemanager)
04-11 03:58:08.110  6108  6593 E AudioSystem-JNI: AudioSystem::listAudioPorts error -19
04-11 03:58:08.110  6108  6593 W AudioManager: updateAudioPortCache: listAudioPorts failed
04-11 03:58:08.210  6108  6593 E AudioSystem-JNI: AudioSystem::listAudioPorts error -19
04-11 03:58:08.210  6108  6593 W AudioManager: updateAudioPortCache: listAudioPorts failed
04-11 03:58:08.262     0     0 W         : [0:irq/8-ist30xx_t: 1192] [sec_input][ TSP ] r1 mc:31 (0x30120) (0,P03T0120)
04-11 03:58:08.311  6108  6593 E AudioSystem-JNI: AudioSystem::listAudioPorts error -19
04-11 03:58:08.311  6108  6593 W AudioManager: updateAudioPortCache: listAudioPorts failed
04-11 03:58:08.326  6108  6210 W HidlServiceManagement: Waited one second for android.hardware.usb.gadget@1.0::IUsbGadget/default
04-11 03:58:08.327  2759  2759 I hwservicemanager: Since android.hardware.usb.gadget@1.0::IUsbGadget/default is not registered, trying to start it as a lazy HAL.
04-11 03:58:08.327  6108  6210 I HidlServiceManagement: getService: Trying again for android.hardware.usb.gadget@1.0::IUsbGadget/default...
04-11 03:58:08.328  2759  7305 W libc    : Unable to set property "ctl.interface_start" to "android.hardware.usb.gadget@1.0::IUsbGadget/default": error code: 0x20
04-11 03:58:08.330     0     0 E [0:           init:    1] init: Control message: Could not find 'android.hardware.usb.gadget@1.0::IUsbGadget/default' for ctl.interface_start from pid: 2759 (/system/bin/hwservicemanager)
04-11 03:58:08.412  6108  6593 E AudioSystem-JNI: AudioSystem::listAudioPorts error -19
04-11 03:58:08.412  6108  6593 W AudioManager: updateAudioPortCache: listAudioPorts failed
04-11 03:58:08.453  2997  2997 W HidlServiceManagement: Waited one second for android.hardware.usb.gadget@1.0::IUsbGadget/default
04-11 03:58:08.453  2759  2759 I hwservicemanager: Since android.hardware.usb.gadget@1.0::IUsbGadget/default is not registered, trying to start it as a lazy HAL.
04-11 03:58:08.454  2997  2997 I HidlServiceManagement: getService: Trying again for android.hardware.usb.gadget@1.0::IUsbGadget/default...
04-11 03:58:08.455  2759  7306 W libc    : Unable to set property "ctl.interface_start" to "android.hardware.usb.gadget@1.0::IUsbGadget/default": error code: 0x20
04-11 03:58:08.512  6108  6593 E AudioSystem-JNI: AudioSystem::listAudioPorts error -19
04-11 03:58:08.512  6108  6593 W AudioManager: updateAudioPortCache: listAudioPorts failed
04-11 03:58:08.614  6108  6593 E AudioSystem-JNI: AudioSystem::listAudioPorts error -19
04-11 03:58:08.614  6108  6593 W AudioManager: updateAudioPortCache: listAudioPorts failed
04-11 03:58:08.456     0     0 E [0:           init:    1] init: Control message: Could not find 'android.hardware.usb.gadget@1.0::IUsbGadget/default' for ctl.interface_start from pid: 2759 (/system/bin/hwservicemanager)
04-11 03:58:08.665     0     0 E [2:health@2.0-serv: 2884] sec_bat_get_property: Fail to s2mu004-fuelgauge get (32=>-22)
04-11 03:58:08.669     0     0 W [2:health@2.0-serv: 2884] healthd: battery l=100 v=4303 t=27.4 h=2 st=5 c=-4 fc=0 chg=u
04-11 03:58:08.715  6108  6593 E AudioSystem-JNI: AudioSystem::listAudioPorts error -19
04-11 03:58:08.715  6108  6593 W AudioManager: updateAudioPortCache: listAudioPorts failed
04-11 03:58:08.777     0     0 I [0:           init:    1] init: starting service 'cpboot-daemon'...
04-11 03:58:08.816  6108  6593 E AudioSystem-JNI: AudioSystem::listAudioPorts error -19
04-11 03:58:08.816  6108  6593 W AudioManager: updateAudioPortCache: listAudioPorts failed
04-11 03:58:08.815     0     0 E [3:            cbd: 7307] mif: cbd:  : get_cmdline_str: find str androidboot.debug_level=0x4f4c form /proc/cmdline
04-11 03:58:08.815     0     0 E [3:            cbd: 7307] mif: cbd:  : check_debug_level: androidboot.debug_level=0x4f4c, 0
04-11 03:58:08.815     0     0 E [3:            cbd: 7307] mif: cbd:  : check_debug_level: debug level=0, cp_debug=0
04-11 03:58:08.815     0     0 E [3:            cbd: 7307] mif: cbd:  : main: Start CP Boot Daemon (CBD)
04-11 03:58:08.815     0     0 E [3:            cbd: 7307] mif: cbd:  : main: Daemon Mode
04-11 03:58:08.815     0     0 E [3:            cbd: 7307] mif: cbd:  : main: SS310 modem
04-11 03:58:08.815     0     0 E [3:            cbd: 7307] mif: cbd:  : main: boot SHMEM link
04-11 03:58:08.815     0     0 E [3:            cbd: 7307] mif: cbd: m: main: main SHMEM link
04-11 03:58:08.815     0     0 E [3:            cbd: 7307] mif: cbd: m: main: partition number : platform/13540000.dwmmc0/by-name/RADIO
04-11 03:58:08.815     0     0 E [3:            cbd: 7307] mif: cbd: m: main: partition path : /dev/block/platform/13540000.dwmmc0/by-name/RADIO
04-11 03:58:08.815     0     0 E [3:            cbd: 7307] mif: cbd: m: main: set nv partition : /efs
04-11 03:58:08.815     0     0 E [3:            cbd: 7307] mif: cbd: m: main: nv file path : /efs/nv_data.bin
04-11 03:58:08.815     0     0 E [3:            cbd: 7307] mif: cbd: m: main: Call boot start
04-11 03:58:08.815     0     0 E [3:            cbd: 7307] mif: cbd: m: main: Modem type = 12
04-11 03:58:08.815     0     0 E [3:            cbd: 7307] mif: cbd: m: main: Boot link = 9
04-11 03:58:08.815     0     0 E [3:            cbd: 7307] mif: cbd: m: main: Main link = 9
04-11 03:58:08.815     0     0 E [3:            cbd: 7307] mif: cbd: m: check_board_revision: model_info-system_rev: 004
04-11 03:58:08.816     0     0 E [3:            cbd: 7307] mif: cbd: m: start_shannon310_boot: CP boot device = /dev/umts_boot0
04-11 03:58:08.816     0     0 E [3:            cbd: 7307] mif: cbd: m: start_shannon310_boot: CP binary file = /dev/block/platform/13540000.dwmmc0/by-name/RADIO
04-11 03:58:08.816     0     0 E [3:            cbd: 7307] mif: cbd: m: start_shannon310_boot: CP NV file = /efs/nv_data.bin
04-11 03:58:08.816     0     0 E [3:            cbd: 7307] mif: cbd: m: start_shannon310_boot: BOOT link SHMEM
04-11 03:58:08.816     0     0 E [3:            cbd: 7307] mif: cbd: m: start_shannon310_boot: MAIN link SHMEM
04-11 03:58:08.848     0     0 I [1:           init:    1] init: starting service 'gpsd'...
04-11 03:58:08.884     0     0 W         : [0:irq/8-ist30xx_t: 1192] [sec_input][ TSP ] p1
04-11 03:58:08.884     0     0 W         : [0:irq/8-ist30xx_t: 1192] [sec_input][ TSP ] p1 (p:0, ma:1, mi:1) (0)
04-11 03:58:08.894     0     0 I [1:           init:    1] init: starting service 'ril-daemon'...
04-11 03:58:08.896     0     0 I [1:           init:    1] init: Created socket '/dev/socket/sap_uim_socket1', mode 660, user 1002, group 1002
04-11 03:58:08.897     0     0 F [2:           init: 7309] init: /vendor/bin/hw/rild: cannot expand arguments': property 'vendor.sec.rild.libpath' doesn't exist while expanding '${vendor.sec.rild.libpath}'
04-11 03:58:08.899     0     0 I [0:           init:    1] init: Service 'ril-daemon' (pid 7309) exited with status 6
04-11 03:58:08.899     0     0 I [0:           init:    1] init: Sending signal 9 to service 'ril-daemon' (pid 7309) process group...
04-11 03:58:08.900     0     0 I [0:           init:    1] libprocessgroup: Successfully killed process cgroup uid 1001 pid 7309 in 0ms
04-11 03:58:08.900     0     0 I [0:           init:    1] init: Sending signal 9 to service 'cpboot-daemon' (pid 7307) process group...
04-11 03:58:08.905     0     0 I [0:           init:    1] libprocessgroup: Successfully killed process cgroup uid 0 pid 7307 in 5ms
04-11 03:58:08.906     0     0 I [0:           init:    1] init: Command 'restart DIAG-daemon' action=onrestart (<Service 'ril-daemon' onrestart>:2) took 0ms and failed: service DIAG-daemon not found
04-11 03:58:08.906     0     0 I [2:           init:    1] init: Service 'cpboot-daemon' (pid 7307) received signal 9
04-11 03:58:08.907     0     0 I [2:           init:    1] init: starting service 'ril-daemon1'...
04-11 03:58:08.909     0     0 F [0:           init: 7310] init: /vendor/bin/hw/rild: cannot expand arguments': property 'vendor.sec.rild.libpath2' doesn't exist while expanding '${vendor.sec.rild.libpath2}'
04-11 03:58:08.917  6108  6593 E AudioSystem-JNI: AudioSystem::listAudioPorts error -19
04-11 03:58:08.917  6108  6593 W AudioManager: updateAudioPortCache: listAudioPorts failed
04-11 03:58:08.911     0     0 I [1:           init:    1] init: Service 'ril-daemon1' (pid 7310) exited with status 6
04-11 03:58:08.911     0     0 I [1:           init:    1] init: Sending signal 9 to service 'ril-daemon1' (pid 7310) process group...
04-11 03:58:08.912     0     0 I [1:           init:    1] libprocessgroup: Successfully killed process cgroup uid 1001 pid 7310 in 0ms
04-11 03:58:08.912     0     0 I [2:           init:    1] init: Command 'restart DIAG-daemon' action=onrestart (<Service 'ril-daemon1' onrestart>:2) took 0ms and failed: service DIAG-daemon not found
04-11 03:58:08.914     0     0 I [0:           init:    1] init: Service 'gpsd' (pid 7308) exited with status 1
04-11 03:58:08.914     0     0 I [0:           init:    1] init: Sending signal 9 to service 'gpsd' (pid 7308) process group...
04-11 03:58:08.915     0     0 I [0:           init:    1] libprocessgroup: Successfully killed process cgroup uid 1021 pid 7308 in 0ms
04-11 03:58:09.017  6108  6593 E AudioSystem-JNI: AudioSystem::listAudioPorts error -19
04-11 03:58:09.017  6108  6593 W AudioManager: updateAudioPortCache: listAudioPorts failed
04-11 03:58:09.066  6488  6488 W HidlServiceManagement: Waited one second for android.hardware.radio@1.4::IRadio/slot1
04-11 03:58:09.066  2759  2759 I hwservicemanager: Since android.hardware.radio@1.4::IRadio/slot1 is not registered, trying to start it as a lazy HAL.
04-11 03:58:09.067  6488  6488 I HidlServiceManagement: getService: Trying again for android.hardware.radio@1.4::IRadio/slot1...
04-11 03:58:09.067  2759  7311 W libc    : Unable to set property "ctl.interface_start" to "android.hardware.radio@1.4::IRadio/slot1": error code: 0x20
04-11 03:58:09.069     0     0 E [0:           init:    1] init: Control message: Could not find 'android.hardware.radio@1.4::IRadio/slot1' for ctl.interface_start from pid: 2759 (/system/bin/hwservicemanager)
04-11 03:58:09.086     0     0 W         : [0:irq/8-ist30xx_t: 1192] [sec_input][ TSP ] r1 mc:21 (0x30120) (0,P03T0120)
04-11 03:58:09.118  6108  6593 E AudioSystem-JNI: AudioSystem::listAudioPorts error -19
04-11 03:58:09.118  6108  6593 W AudioManager: updateAudioPortCache: listAudioPorts failed
04-11 03:58:09.218  6108  6593 E AudioSystem-JNI: AudioSystem::listAudioPorts error -19
04-11 03:58:09.218  6108  6593 W AudioManager: updateAudioPortCache: listAudioPorts failed
04-11 03:58:09.264  6108  6206 E AudioSystem-JNI: Command failed for android_media_AudioSystem_initStreamVolume: -19
04-11 03:58:09.264  6108  6206 E AS.AudioService: Failed to initStreamVolume (1) for stream 11
04-11 03:58:09.265  6108  6206 E AS.AudioService: VSS(): initStreamVolume failed with 1 will retry
04-11 03:58:09.319  6108  6593 E AudioSystem-JNI: AudioSystem::listAudioPorts error -19
04-11 03:58:09.319  6108  6593 W AudioManager: updateAudioPortCache: listAudioPorts failed
04-11 03:58:09.327  6108  6210 W HidlServiceManagement: Waited one second for android.hardware.usb.gadget@1.0::IUsbGadget/default
04-11 03:58:09.328  2759  2759 I hwservicemanager: Since android.hardware.usb.gadget@1.0::IUsbGadget/default is not registered, trying to start it as a lazy HAL.
04-11 03:58:09.328  6108  6210 I HidlServiceManagement: getService: Trying again for android.hardware.usb.gadget@1.0::IUsbGadget/default...
04-11 03:58:09.329  2759  7312 W libc    : Unable to set property "ctl.interface_start" to "android.hardware.usb.gadget@1.0::IUsbGadget/default": error code: 0x20
04-11 03:58:09.331     0     0 E [0:           init:    1] init: Control message: Could not find 'android.hardware.usb.gadget@1.0::IUsbGadget/default' for ctl.interface_start from pid: 2759 (/system/bin/hwservicemanager)
04-11 03:58:09.420  6108  6593 E AudioSystem-JNI: AudioSystem::listAudioPorts error -19
04-11 03:58:09.421  6108  6593 W AudioManager: updateAudioPortCache: listAudioPorts failed
04-11 03:58:09.454  2997  2997 W HidlServiceManagement: Waited one second for android.hardware.usb.gadget@1.0::IUsbGadget/default
04-11 03:58:09.455  2759  2759 I hwservicemanager: Since android.hardware.usb.gadget@1.0::IUsbGadget/default is not registered, trying to start it as a lazy HAL.
04-11 03:58:09.456  2997  2997 I HidlServiceManagement: getService: Trying again for android.hardware.usb.gadget@1.0::IUsbGadget/default...
04-11 03:58:09.457  2759  7313 W libc    : Unable to set property "ctl.interface_start" to "android.hardware.usb.gadget@1.0::IUsbGadget/default": error code: 0x20
04-11 03:58:09.521  6108  6593 E AudioSystem-JNI: AudioSystem::listAudioPorts error -19
04-11 03:58:09.521  6108  6593 W AudioManager: updateAudioPortCache: listAudioPorts failed
04-11 03:58:09.622  6108  6593 E AudioSystem-JNI: AudioSystem::listAudioPorts error -19
04-11 03:58:09.623  6108  6593 W AudioManager: updateAudioPortCache: listAudioPorts failed
04-11 03:58:09.459     0     0 E [0:           init:    1] init: Control message: Could not find 'android.hardware.usb.gadget@1.0::IUsbGadget/default' for ctl.interface_start from pid: 2759 (/system/bin/hwservicemanager)
04-11 03:58:09.664     0     0 E [2:health@2.0-serv: 2884] sec_bat_get_property: Fail to s2mu004-fuelgauge get (32=>-22)
04-11 03:58:09.669     0     0 W [2:health@2.0-serv: 2884] healthd: battery l=100 v=4303 t=27.4 h=2 st=5 c=-4 fc=0 chg=u
04-11 03:58:09.724  6108  6593 E AudioSystem-JNI: AudioSystem::listAudioPorts error -19
04-11 03:58:09.724  6108  6593 W AudioManager: updateAudioPortCache: listAudioPorts failed
04-11 03:58:09.826  6108  6593 E AudioSystem-JNI: AudioSystem::listAudioPorts error -19
04-11 03:58:09.826  6108  6593 W AudioManager: updateAudioPortCache: listAudioPorts failed
04-11 03:58:09.857     0     0 W         : [0:irq/8-ist30xx_t: 1192] [sec_input][ TSP ] p1
04-11 03:58:09.857     0     0 W         : [0:irq/8-ist30xx_t: 1192] [sec_input][ TSP ] p1 (p:0, ma:1, mi:1) (0)
04-11 03:58:09.927  6108  6593 E AudioSystem-JNI: AudioSystem::listAudioPorts error -19
04-11 03:58:09.927  6108  6593 W AudioManager: updateAudioPortCache: listAudioPorts failed
04-11 03:58:10.026  6108  6593 E AudioSystem-JNI: AudioSystem::listAudioPorts error -19
04-11 03:58:10.026  6108  6593 W AudioManager: updateAudioPortCache: listAudioPorts failed
04-11 03:58:10.067  6488  6488 W HidlServiceManagement: Waited one second for android.hardware.radio@1.4::IRadio/slot1
04-11 03:58:10.067  2759  2759 I hwservicemanager: Since android.hardware.radio@1.4::IRadio/slot1 is not registered, trying to start it as a lazy HAL.
04-11 03:58:10.067  6488  6488 I HidlServiceManagement: getService: Trying again for android.hardware.radio@1.4::IRadio/slot1...
04-11 03:58:10.068  2759  7314 W libc    : Unable to set property "ctl.interface_start" to "android.hardware.radio@1.4::IRadio/slot1": error code: 0x20
04-11 03:58:10.070     0     0 E [1:           init:    1] init: Control message: Could not find 'android.hardware.radio@1.4::IRadio/slot1' for ctl.interface_start from pid: 2759 (/system/bin/hwservicemanager)
04-11 03:58:10.087     0     0 W         : [0:irq/8-ist30xx_t: 1192] [sec_input][ TSP ] r1 mc:24 (0x30120) (0,P03T0120)
04-11 03:58:10.127  6108  6593 E AudioSystem-JNI: AudioSystem::listAudioPorts error -19
04-11 03:58:10.127  6108  6593 W AudioManager: updateAudioPortCache: listAudioPorts failed
04-11 03:58:10.227  6108  6593 E AudioSystem-JNI: AudioSystem::listAudioPorts error -19
04-11 03:58:10.227  6108  6593 W AudioManager: updateAudioPortCache: listAudioPorts failed
04-11 03:58:10.328  6108  6210 W HidlServiceManagement: Waited one second for android.hardware.usb.gadget@1.0::IUsbGadget/default
04-11 03:58:10.328  6108  6593 E AudioSystem-JNI: AudioSystem::listAudioPorts error -19
04-11 03:58:10.328  6108  6593 W AudioManager: updateAudioPortCache: listAudioPorts failed
04-11 03:58:10.328  2759  2759 I hwservicemanager: Since android.hardware.usb.gadget@1.0::IUsbGadget/default is not registered, trying to start it as a lazy HAL.
04-11 03:58:10.329  6108  6210 I HidlServiceManagement: getService: Trying again for android.hardware.usb.gadget@1.0::IUsbGadget/default...
04-11 03:58:10.330  2759  7315 W libc    : Unable to set property "ctl.interface_start" to "android.hardware.usb.gadget@1.0::IUsbGadget/default": error code: 0x20
04-11 03:58:10.331     0     0 E [1:           init:    1] init: Control message: Could not find 'android.hardware.usb.gadget@1.0::IUsbGadget/default' for ctl.interface_start from pid: 2759 (/system/bin/hwservicemanager)
04-11 03:58:10.430  6108  6593 E AudioSystem-JNI: AudioSystem::listAudioPorts error -19
04-11 03:58:10.430  6108  6593 W AudioManager: updateAudioPortCache: listAudioPorts failed
04-11 03:58:10.456  2997  2997 W HidlServiceManagement: Waited one second for android.hardware.usb.gadget@1.0::IUsbGadget/default
04-11 03:58:10.457  2759  2759 I hwservicemanager: Since android.hardware.usb.gadget@1.0::IUsbGadget/default is not registered, trying to start it as a lazy HAL.
04-11 03:58:10.458  2997  2997 I HidlServiceManagement: getService: Trying again for android.hardware.usb.gadget@1.0::IUsbGadget/default...
04-11 03:58:10.460  2759  7316 W libc    : Unable to set property "ctl.interface_start" to "android.hardware.usb.gadget@1.0::IUsbGadget/default": error code: 0x20
04-11 03:58:10.462     0     0 E [2:           init:    1] init: Control message: Could not find 'android.hardware.usb.gadget@1.0::IUsbGadget/default' for ctl.interface_start from pid: 2759 (/system/bin/hwservicemanager)
04-11 03:58:10.531  6108  6593 E AudioSystem-JNI: AudioSystem::listAudioPorts error -19
04-11 03:58:10.531  6108  6593 W AudioManager: updateAudioPortCache: listAudioPorts failed
04-11 03:58:10.591     0     0 I         : [1:irq/568-SSP_Int: 1678] [SSP] [M] AR-1,-6,4058,60,-1
04-11 03:58:10.602     0     0 W         : [0:irq/8-ist30xx_t: 1192] [sec_input][ TSP ] p1
04-11 03:58:10.602     0     0 W         : [0:irq/8-ist30xx_t: 1192] [sec_input][ TSP ] p1 (p:0, ma:1, mi:1) (0)
04-11 03:58:10.632  6108  6593 E AudioSystem-JNI: AudioSystem::listAudioPorts error -19
04-11 03:58:10.632  6108  6593 W AudioManager: updateAudioPortCache: listAudioPorts failed
04-11 03:58:10.663     0     0 E [2:health@2.0-serv: 2884] sec_bat_get_property: Fail to s2mu004-fuelgauge get (32=>-22)
04-11 03:58:10.664     0     0 W [2:health@2.0-serv: 2884] healthd: battery l=100 v=4303 t=27.4 h=2 st=5 c=-4 fc=0 chg=u
04-11 03:58:10.733  6108  6593 E AudioSystem-JNI: AudioSystem::listAudioPorts error -19
04-11 03:58:10.733  6108  6593 W AudioManager: updateAudioPortCache: listAudioPorts failed
04-11 03:58:10.737     0     0 W         : [0:irq/8-ist30xx_t: 1192] [sec_input][ TSP ] r1 mc:10 (0x30120) (0,P03T0120)
04-11 03:58:10.830     0     0 W         : [0:irq/8-ist30xx_t: 1192] [sec_input][ TSP ] p1
04-11 03:58:10.830     0     0 W         : [0:irq/8-ist30xx_t: 1192] [sec_input][ TSP ] p1 (p:0, ma:1, mi:1) (0)
04-11 03:58:10.833  6108  6593 E AudioSystem-JNI: AudioSystem::listAudioPorts error -19
04-11 03:58:10.834  6108  6593 W AudioManager: updateAudioPortCache: listAudioPorts failed
04-11 03:58:10.934  6108  6593 E AudioSystem-JNI: AudioSystem::listAudioPorts error -19
04-11 03:58:10.934  6108  6593 W AudioManager: updateAudioPortCache: listAudioPorts failed
04-11 03:58:10.948     0     0 W         : [0:irq/8-ist30xx_t: 1192] [sec_input][ TSP ] r1 mc:9 (0x30120) (0,P03T0120)
04-11 03:58:11.025     0     0 W         : [0:irq/8-ist30xx_t: 1192] [sec_input][ TSP ] p1
04-11 03:58:11.025     0     0 W         : [0:irq/8-ist30xx_t: 1192] [sec_input][ TSP ] p1 (p:0, ma:1, mi:1) (0)
04-11 03:58:11.035  6108  6593 E AudioSystem-JNI: AudioSystem::listAudioPorts error -19
04-11 03:58:11.035  6108  6593 W AudioManager: updateAudioPortCache: listAudioPorts failed
04-11 03:58:11.068  6488  6488 W HidlServiceManagement: Waited one second for android.hardware.radio@1.4::IRadio/slot1
04-11 03:58:11.068  2759  2759 I hwservicemanager: Since android.hardware.radio@1.4::IRadio/slot1 is not registered, trying to start it as a lazy HAL.
04-11 03:58:11.068  6488  6488 I HidlServiceManagement: getService: Trying again for android.hardware.radio@1.4::IRadio/slot1...
04-11 03:58:11.071     0     0 E [2:           init:    1] init: Control message: Could not find 'android.hardware.radio@1.4::IRadio/slot1' for ctl.interface_start from pid: 2759 (/system/bin/hwservicemanager)
04-11 03:58:11.069  2759  7317 W libc    : Unable to set property "ctl.interface_start" to "android.hardware.radio@1.4::IRadio/slot1": error code: 0x20
04-11 03:58:11.135  6108  6593 E AudioSystem-JNI: AudioSystem::listAudioPorts error -19
04-11 03:58:11.135  6108  6593 W AudioManager: updateAudioPortCache: listAudioPorts failed
04-11 03:58:11.171     0     0 W         : [0:irq/8-ist30xx_t: 1192] [sec_input][ TSP ] r1 mc:14 (0x30120) (0,P03T0120)
04-11 03:58:11.236  6108  6593 E AudioSystem-JNI: AudioSystem::listAudioPorts error -19
04-11 03:58:11.236  6108  6593 W AudioManager: updateAudioPortCache: listAudioPorts failed
04-11 03:58:11.267  6108  6206 E AudioSystem-JNI: Command failed for android_media_AudioSystem_initStreamVolume: -19
04-11 03:58:11.267  6108  6206 E AS.AudioService: Failed to initStreamVolume (1) for stream 11
04-11 03:58:11.267  6108  6206 E AS.AudioService: VSS(): initStreamVolume failed with 1 will retry
04-11 03:58:11.329  6108  6210 W HidlServiceManagement: Waited one second for android.hardware.usb.gadget@1.0::IUsbGadget/default
04-11 03:58:11.329  2759  2759 I hwservicemanager: Since android.hardware.usb.gadget@1.0::IUsbGadget/default is not registered, trying to start it as a lazy HAL.
04-11 03:58:11.330  6108  6210 I HidlServiceManagement: getService: Trying again for android.hardware.usb.gadget@1.0::IUsbGadget/default...
04-11 03:58:11.331  2759  7318 W libc    : Unable to set property "ctl.interface_start" to "android.hardware.usb.gadget@1.0::IUsbGadget/default": error code: 0x20
04-11 03:58:11.335  6108  6593 E AudioSystem-JNI: AudioSystem::listAudioPorts error -19
04-11 03:58:11.335  6108  6593 W AudioManager: updateAudioPortCache: listAudioPorts failed
04-11 03:58:11.332     0     0 E [2:           init:    1] init: Control message: Could not find 'android.hardware.usb.gadget@1.0::IUsbGadget/default' for ctl.interface_start from pid: 2759 (/system/bin/hwservicemanager)
04-11 03:58:11.436  6108  6593 E AudioSystem-JNI: AudioSystem::listAudioPorts error -19
04-11 03:58:11.436  6108  6593 W AudioManager: updateAudioPortCache: listAudioPorts failed
04-11 03:58:11.458  2997  2997 W HidlServiceManagement: Waited one second for android.hardware.usb.gadget@1.0::IUsbGadget/default
04-11 03:58:11.459  2759  2759 I hwservicemanager: Since android.hardware.usb.gadget@1.0::IUsbGadget/default is not registered, trying to start it as a lazy HAL.
04-11 03:58:11.459  2997  2997 I HidlServiceManagement: getService: Trying again for android.hardware.usb.gadget@1.0::IUsbGadget/default...
04-11 03:58:11.460  2759  7319 W libc    : Unable to set property "ctl.interface_start" to "android.hardware.usb.gadget@1.0::IUsbGadget/default": error code: 0x20
04-11 03:58:11.462     0     0 E [0:           init:    1] init: Control message: Could not find 'android.hardware.usb.gadget@1.0::IUsbGadget/default' for ctl.interface_start from pid: 2759 (/system/bin/hwservicemanager)
04-11 03:58:11.506     0     0 W         : [0:irq/8-ist30xx_t: 1192] [sec_input][ TSP ] p1
04-11 03:58:11.506     0     0 W         : [0:irq/8-ist30xx_t: 1192] [sec_input][ TSP ] p1 (p:0, ma:1, mi:1) (0)
04-11 03:58:11.537  6108  6593 E AudioSystem-JNI: AudioSystem::listAudioPorts error -19
04-11 03:58:11.537  6108  6593 W AudioManager: updateAudioPortCache: listAudioPorts failed
04-11 03:58:11.614     0     0 W         : [0:irq/8-ist30xx_t: 1192] [sec_input][ TSP ] r1 mc:10 (0x30120) (0,P03T0120)
04-11 03:58:11.638  6108  6593 E AudioSystem-JNI: AudioSystem::listAudioPorts error -19
04-11 03:58:11.638  6108  6593 W AudioManager: updateAudioPortCache: listAudioPorts failed
04-11 03:58:11.662     0     0 E [3:health@2.0-serv: 2884] sec_bat_get_property: Fail to s2mu004-fuelgauge get (32=>-22)
04-11 03:58:11.663     0     0 W [3:health@2.0-serv: 2884] healthd: battery l=100 v=4303 t=27.4 h=2 st=5 c=-4 fc=0 chg=u
04-11 03:58:11.738  6108  6593 E AudioSystem-JNI: AudioSystem::listAudioPorts error -19
04-11 03:58:11.738  6108  6593 W AudioManager: updateAudioPortCache: listAudioPorts failed
04-11 03:58:11.839  6108  6593 E AudioSystem-JNI: AudioSystem::listAudioPorts error -19
04-11 03:58:11.839  6108  6593 W AudioManager: updateAudioPortCache: listAudioPorts failed
04-11 03:58:11.916     0     0 W         : [0:irq/8-ist30xx_t: 1192] [sec_input][ TSP ] p1
04-11 03:58:11.916     0     0 W         : [0:irq/8-ist30xx_t: 1192] [sec_input][ TSP ] p1 (p:0, ma:1, mi:1) (0)
04-11 03:58:11.940  6108  6593 E AudioSystem-JNI: AudioSystem::listAudioPorts error -19
04-11 03:58:11.940  6108  6593 W AudioManager: updateAudioPortCache: listAudioPorts failed
04-11 03:58:12.040  6108  6593 E AudioSystem-JNI: AudioSystem::listAudioPorts error -19
04-11 03:58:12.040  6108  6593 W AudioManager: updateAudioPortCache: listAudioPorts failed
04-11 03:58:12.043     0     0 W         : [0:irq/8-ist30xx_t: 1192] [sec_input][ TSP ] r1 mc:12 (0x30120) (0,P03T0120)
04-11 03:58:12.068  6488  6488 W HidlServiceManagement: Waited one second for android.hardware.radio@1.4::IRadio/slot1
04-11 03:58:12.069  2759  2759 I hwservicemanager: Since android.hardware.radio@1.4::IRadio/slot1 is not registered, trying to start it as a lazy HAL.
04-11 03:58:12.069  6488  6488 I HidlServiceManagement: getService: Trying again for android.hardware.radio@1.4::IRadio/slot1...
04-11 03:58:12.070  2759  7320 W libc    : Unable to set property "ctl.interface_start" to "android.hardware.radio@1.4::IRadio/slot1": error code: 0x20
04-11 03:58:12.071     0     0 E [1:           init:    1] init: Control message: Could not find 'android.hardware.radio@1.4::IRadio/slot1' for ctl.interface_start from pid: 2759 (/system/bin/hwservicemanager)
04-11 03:58:12.141  6108  6593 E AudioSystem-JNI: AudioSystem::listAudioPorts error -19
04-11 03:58:12.141  6108  6593 W AudioManager: updateAudioPortCache: listAudioPorts failed
04-11 03:58:12.241  6108  6593 E AudioSystem-JNI: AudioSystem::listAudioPorts error -19
04-11 03:58:12.242  6108  6593 W AudioManager: updateAudioPortCache: listAudioPorts failed
04-11 03:58:12.330  6108  6210 W HidlServiceManagement: Waited one second for android.hardware.usb.gadget@1.0::IUsbGadget/default
04-11 03:58:12.330  2759  2759 I hwservicemanager: Since android.hardware.usb.gadget@1.0::IUsbGadget/default is not registered, trying to start it as a lazy HAL.
04-11 03:58:12.331  6108  6210 I HidlServiceManagement: getService: Trying again for android.hardware.usb.gadget@1.0::IUsbGadget/default...
04-11 03:58:12.332  2759  7321 W libc    : Unable to set property "ctl.interface_start" to "android.hardware.usb.gadget@1.0::IUsbGadget/default": error code: 0x20
04-11 03:58:12.333     0     0 E [2:           init:    1] init: Control message: Could not find 'android.hardware.usb.gadget@1.0::IUsbGadget/default' for ctl.interface_start from pid: 2759 (/system/bin/hwservicemanager)
04-11 03:58:12.343  6108  6593 E AudioSystem-JNI: AudioSystem::listAudioPorts error -19
04-11 03:58:12.343  6108  6593 W AudioManager: updateAudioPortCache: listAudioPorts failed
04-11 03:58:12.444  6108  6593 E AudioSystem-JNI: AudioSystem::listAudioPorts error -19
04-11 03:58:12.445  6108  6593 W AudioManager: updateAudioPortCache: listAudioPorts failed
04-11 03:58:12.459  2997  2997 W HidlServiceManagement: Waited one second for android.hardware.usb.gadget@1.0::IUsbGadget/default
04-11 03:58:12.460  2759  2759 I hwservicemanager: Since android.hardware.usb.gadget@1.0::IUsbGadget/default is not registered, trying to start it as a lazy HAL.
04-11 03:58:12.461  2997  2997 I HidlServiceManagement: getService: Trying again for android.hardware.usb.gadget@1.0::IUsbGadget/default...
04-11 03:58:12.463  2759  7322 W libc    : Unable to set property "ctl.interface_start" to "android.hardware.usb.gadget@1.0::IUsbGadget/default": error code: 0x20
04-11 03:58:12.464     0     0 E [0:           init:    1] init: Control message: Could not find 'android.hardware.usb.gadget@1.0::IUsbGadget/default' for ctl.interface_start from pid: 2759 (/system/bin/hwservicemanager)
04-11 03:58:12.546  6108  6593 E AudioSystem-JNI: AudioSystem::listAudioPorts error -19
04-11 03:58:12.546  6108  6593 W AudioManager: updateAudioPortCache: listAudioPorts failed
04-11 03:58:12.647  6108  6593 E AudioSystem-JNI: AudioSystem::listAudioPorts error -19
04-11 03:58:12.648  6108  6593 W AudioManager: updateAudioPortCache: listAudioPorts failed
04-11 03:58:12.651     0     0 I         : [3:  kworker/u16:2: 1493] [SSP]      debug_work_func( 452): (100) - Sensor state: 0xf24f4176, RC: 1, CC: 0 DC: 0 TC: 0
04-11 03:58:12.651     0     0 I         : [3:  kworker/u16:2: 1493] [SSP] 1 : 3, -10, 4059 (66ms, 0ms)
04-11 03:58:12.664     0     0 E [1:health@2.0-serv: 2884] sec_bat_get_property: Fail to s2mu004-fuelgauge get (32=>-22)
04-11 03:58:12.668     0     0 W [1:health@2.0-serv: 2884] healthd: battery l=100 v=4303 t=27.4 h=2 st=5 c=-4 fc=0 chg=u
04-11 03:58:12.749  6108  6593 E AudioSystem-JNI: AudioSystem::listAudioPorts error -19
04-11 03:58:12.749  6108  6593 W AudioManager: updateAudioPortCache: listAudioPorts failed
04-11 03:58:12.790     0     0 W         : [0:irq/8-ist30xx_t: 1192] [sec_input][ TSP ] p1
04-11 03:58:12.790     0     0 W         : [0:irq/8-ist30xx_t: 1192] [sec_input][ TSP ] p1 (p:0, ma:1, mi:1) (0)
04-11 03:58:12.843     0     0 W         : [0:irq/8-ist30xx_t: 1192] [sec_input][ TSP ] r1 mc:4 (0x30120) (0,P03T0120)
04-11 03:58:12.850  6108  6593 E AudioSystem-JNI: AudioSystem::listAudioPorts error -19
04-11 03:58:12.850  6108  6593 W AudioManager: updateAudioPortCache: listAudioPorts failed
04-11 03:58:12.876     0     0 I [0:           init:    1] init: starting service 'vendor.memtrack-hal-1-0'...
04-11 03:58:12.890  7323  7323 D android.hardware.memtrack@1.0-service: memtrack_open: enter; name=memtrack
04-11 03:58:12.890  7323  7323 D android.hardware.memtrack@1.0-service: memtrack_open: exit 0
04-11 03:58:12.891  7323  7323 E HidlServiceManagement: Service android.hardware.memtrack@1.0::IMemtrack/default must be in VINTF manifest in order to register/get.
04-11 03:58:12.891  7323  7323 E LegacySupport: Could not register service android.hardware.memtrack@1.0::IMemtrack/default (-2147483648).
04-11 03:58:12.895     0     0 I [0:           init:    1] init: Service 'vendor.memtrack-hal-1-0' (pid 7323) exited with status 0
04-11 03:58:12.895     0     0 I [0:           init:    1] init: Sending signal 9 to service 'vendor.memtrack-hal-1-0' (pid 7323) process group...
04-11 03:58:12.895     0     0 I [0:           init:    1] libprocessgroup: Successfully killed process cgroup uid 1000 pid 7323 in 0ms
04-11 03:58:12.951  6108  6593 E AudioSystem-JNI: AudioSystem::listAudioPorts error -19
