04-11 03:58:15.195  6504  6558 D mali_winsys: EGLint new_window_surface(egl_winsys_display *, void *, EGLSurface, EGLConfig, egl_winsys_surface **, EGLBoolean) returns 0x3000,  [720x1280]-format:1
04-11 03:58:15.191     0     0 W         : [1:vibrator@1.0-se: 2895] [VIB] sec_vib_enable, timedout = 10
04-11 03:58:15.191     0     0 W         : [2:  kworker/u16:1:   51] [VIB] sec_vib_work, timedout = 10 , running = 0
04-11 03:58:15.202     0     0 W         : [2:  kworker/u16:1:   51] [VIB] sec_vib_work, timedout = 0 , running = 1
04-11 03:58:15.210  6108  6593 E AudioSystem-JNI: AudioSystem::listAudioPorts error -19
04-11 03:58:15.210  6108  6179 W InputDispatcher: Still no focused window. Will drop the event in 4979ms
04-11 03:58:15.211  6108  6593 W AudioManager: updateAudioPortCache: listAudioPorts failed
04-11 03:58:15.212  2901  3107 E BufferQueueProducer: [com.android.settings/com.android.settings.FallbackHome#0](id:b5500000024,api:0,p:-1,c:2901) disconnect: not connected (req=1)
04-11 03:58:15.212  6504  6558 W libEGL  : EGLNativeWindowType 0x7aa832c0a0 disconnect failed
04-11 03:58:15.218  6108  6179 D InputDispatcher: Waiting to send key to Window{adbb603 u0 com.android.settings/com.android.settings.FallbackHome} because there are unprocessed events that may cause focus to change
04-11 03:58:15.220  6108  6133 I ActivityTaskManager: Displayed com.android.settings/.FallbackHome: +56s723ms
04-11 03:58:15.222     0     0 W         : [1:vibrator@1.0-se: 2895] [VIB] sec_vib_enable, timedout = 30
04-11 03:58:15.222     0     0 W         : [0:  kworker/u16:1:   51] [VIB] sec_vib_work, timedout = 30 , running = 0
04-11 03:58:15.251  6108  7427 E AppOps  : Attribution not found: uid=1000 pkg=android(null) op=VIBRATE
04-11 03:58:15.252     0     0 W         : [1:  kworker/u16:1:   51] [VIB] sec_vib_work, timedout = 0 , running = 1
04-11 03:58:15.253     0     0 W         : [1:vibrator@1.0-se: 2895] [VIB] sec_vib_enable, timedout = 0
04-11 03:58:15.253     0     0 W         : [2:  kworker/u16:1:   51] [VIB] sec_vib_work, timedout = 0 , running = 0
04-11 03:58:15.287  6108  6126 D AutofillManagerService: onBackKeyPressed()
04-11 03:58:15.287  6108  6126 E RemoteAugmentedAutofillService: Bad service name for flags 1048704: com.google.android.as/com.google.android.apps.miphone.aiai.app.AiAiAugmentedAutofillService
04-11 03:58:15.288     0     0 I         : [2:irq/4-abov-touc: 1183] abov-touchkey-ft1804 5-0020: [sec_input]  abov_tk_interrupt buf = 0x04
04-11 03:58:15.288     0     0 I         : [2:irq/4-abov-touc: 1183] abov-touchkey-ft1804 5-0020: [sec_input] keycode : R ver 0x0c
04-11 03:58:15.296  6108  7245 I ActivityTaskManager: START u0 {act=android.intent.action.MAIN cat=[android.intent.category.HOME] flg=0x10000100 cmp=com.android.settings/.FallbackHome} from uid 0
04-11 03:58:15.301  6108  7245 W ActivityTaskManager: Tried to set launchTime (0) < mLastActivityLaunchTime (209478)
04-11 03:58:15.302  6108  6206 E AudioSystem-JNI: Command failed for android_media_AudioSystem_initStreamVolume: -19
04-11 03:58:15.302  6108  6206 E AS.AudioService: Failed to initStreamVolume (1) for stream 11
04-11 03:58:15.302  6108  6206 E AS.AudioService: VSS(): initStreamVolume failed with 1 will retry
04-11 03:58:15.303  6108  7245 D GamingModeHelper: onTopAppChanged: com.android.settings
04-11 03:58:15.311  6108  6593 E AudioSystem-JNI: AudioSystem::listAudioPorts error -19
04-11 03:58:15.311  6108  6593 W AudioManager: updateAudioPortCache: listAudioPorts failed
04-11 03:58:15.333  6108  6210 W HidlServiceManagement: Waited one second for android.hardware.usb.gadget@1.0::IUsbGadget/default
04-11 03:58:15.333  2759  2759 I hwservicemanager: Since android.hardware.usb.gadget@1.0::IUsbGadget/default is not registered, trying to start it as a lazy HAL.
04-11 03:58:15.333  6108  6210 I HidlServiceManagement: getService: Trying again for android.hardware.usb.gadget@1.0::IUsbGadget/default...
04-11 03:58:15.334  2759  7430 W libc    : Unable to set property "ctl.interface_start" to "android.hardware.usb.gadget@1.0::IUsbGadget/default": error code: 0x20
04-11 03:58:15.336     0     0 E [1:           init:    1] init: Control message: Could not find 'android.hardware.usb.gadget@1.0::IUsbGadget/default' for ctl.interface_start from pid: 2759 (/system/bin/hwservicemanager)
04-11 03:58:15.340  6504  6558 D mali_winsys: EGLint new_window_surface(egl_winsys_display *, void *, EGLSurface, EGLConfig, egl_winsys_surface **, EGLBoolean) returns 0x3000,  [720x1280]-format:1
04-11 03:58:15.355  6108  6133 I ActivityTaskManager: Displayed com.android.settings/.FallbackHome: +58ms
04-11 03:58:15.361  2901  3107 E BufferQueueProducer: [com.android.settings/com.android.settings.FallbackHome#1](id:b5500000029,api:0,p:-1,c:2901) disconnect: not connected (req=1)
04-11 03:58:15.362  6504  6558 W libEGL  : EGLNativeWindowType 0x7aa83348e0 disconnect failed
04-11 03:58:15.384     0     0 I         : [2:irq/4-abov-touc: 1183] abov-touchkey-ft1804 5-0020: [sec_input]  abov_tk_interrupt buf = 0x08
04-11 03:58:15.384     0     0 I         : [2:irq/4-abov-touc: 1183] abov-touchkey-ft1804 5-0020: [sec_input] keycode : P ver 0x0c
04-11 03:58:15.386     0     0 W         : [1:vibrator@1.0-se: 2895] [VIB] sec_vib_enable, timedout = 0
04-11 03:58:15.386     0     0 W         : [2:  kworker/u16:1:   51] [VIB] sec_vib_work, timedout = 0 , running = 0
04-11 03:58:15.387     0     0 W         : [1:vibrator@1.0-se: 2895] [VIB] sec_vib_enable, timedout = 10
04-11 03:58:15.387     0     0 W         : [3:  kworker/u16:1:   51] [VIB] sec_vib_work, timedout = 10 , running = 0
04-11 03:58:15.397     0     0 W         : [1:  kworker/u16:1:   51] [VIB] sec_vib_work, timedout = 0 , running = 1
04-11 03:58:15.412  6108  6593 E AudioSystem-JNI: AudioSystem::listAudioPorts error -19
04-11 03:58:15.412  6108  6593 W AudioManager: updateAudioPortCache: listAudioPorts failed
04-11 03:58:15.418     0     0 W         : [1:vibrator@1.0-se: 2895] [VIB] sec_vib_enable, timedout = 30
04-11 03:58:15.418     0     0 W         : [2:  kworker/u16:1:   51] [VIB] sec_vib_work, timedout = 30 , running = 0
04-11 03:58:15.447  6108  7431 E AppOps  : Attribution not found: uid=1000 pkg=android(null) op=VIBRATE
04-11 03:58:15.448     0     0 W         : [1:  kworker/u16:1:   51] [VIB] sec_vib_work, timedout = 0 , running = 1
04-11 03:58:15.449     0     0 W         : [1:vibrator@1.0-se: 2895] [VIB] sec_vib_enable, timedout = 0
04-11 03:58:15.449     0     0 W         : [2:  kworker/u16:1:   51] [VIB] sec_vib_work, timedout = 0 , running = 0
04-11 03:58:15.456  6108  6126 D AutofillManagerService: onBackKeyPressed()
04-11 03:58:15.457  6108  6126 E RemoteAugmentedAutofillService: Bad service name for flags 1048704: com.google.android.as/com.google.android.apps.miphone.aiai.app.AiAiAugmentedAutofillService
04-11 03:58:15.458     0     0 I         : [2:irq/4-abov-touc: 1183] abov-touchkey-ft1804 5-0020: [sec_input]  abov_tk_interrupt buf = 0x04
04-11 03:58:15.458     0     0 I         : [2:irq/4-abov-touc: 1183] abov-touchkey-ft1804 5-0020: [sec_input] keycode : R ver 0x0c
04-11 03:58:15.463  2997  2997 W HidlServiceManagement: Waited one second for android.hardware.usb.gadget@1.0::IUsbGadget/default
04-11 03:58:15.463  2759  2759 I hwservicemanager: Since android.hardware.usb.gadget@1.0::IUsbGadget/default is not registered, trying to start it as a lazy HAL.
04-11 03:58:15.464  2997  2997 I HidlServiceManagement: getService: Trying again for android.hardware.usb.gadget@1.0::IUsbGadget/default...
04-11 03:58:15.464  2759  7432 W libc    : Unable to set property "ctl.interface_start" to "android.hardware.usb.gadget@1.0::IUsbGadget/default": error code: 0x20
04-11 03:58:15.466  6108  7245 I ActivityTaskManager: START u0 {act=android.intent.action.MAIN cat=[android.intent.category.HOME] flg=0x10000100 cmp=com.android.settings/.FallbackHome} from uid 0
04-11 03:58:15.466     0     0 E [2:           init:    1] init: Control message: Could not find 'android.hardware.usb.gadget@1.0::IUsbGadget/default' for ctl.interface_start from pid: 2759 (/system/bin/hwservicemanager)
04-11 03:58:15.470  6108  7245 W ActivityTaskManager: Tried to set launchTime (0) < mLastActivityLaunchTime (209642)
04-11 03:58:15.473  6108  7245 D GamingModeHelper: onTopAppChanged: com.android.settings
04-11 03:58:15.506  6504  6558 D mali_winsys: EGLint new_window_surface(egl_winsys_display *, void *, EGLSurface, EGLConfig, egl_winsys_surface **, EGLBoolean) returns 0x3000,  [720x1280]-format:1
04-11 03:58:15.512  6108  6593 E AudioSystem-JNI: AudioSystem::listAudioPorts error -19
04-11 03:58:15.513  6108  6593 W AudioManager: updateAudioPortCache: listAudioPorts failed
04-11 03:58:15.514     0     0 W [1:mali-cmar-backe: 6583] pd-g3d: Power-on latency exceeded, new value 1486846 ns
04-11 03:58:15.525  6108  6133 I ActivityTaskManager: Displayed com.android.settings/.FallbackHome: +59ms
04-11 03:58:15.552  6504  6504 I ndroid.setting: Explicit concurrent copying GC freed 6474(397KB) AllocSpace objects, 0(0B) LOS objects, 49% free, 2051KB/4102KB, paused 47us total 16.441ms
04-11 03:58:15.554  6504  6521 D StrictMode: StrictMode policy violation: android.os.strictmode.LeakedClosableViolation: A resource was acquired at attached stack trace but never released. See java.io.Closeable for information on avoiding resource leaks. Callsite: readFromParcel
04-11 03:58:15.554  6504  6521 D StrictMode:    at android.os.StrictMode$AndroidCloseGuardReporter.report(StrictMode.java:1912)
04-11 03:58:15.554  6504  6521 D StrictMode:    at dalvik.system.CloseGuard.warnIfOpen(CloseGuard.java:305)
04-11 03:58:15.554  6504  6521 D StrictMode:    at android.view.SurfaceControl.finalize(SurfaceControl.java:1104)
04-11 03:58:15.554  6504  6521 D StrictMode:    at java.lang.Daemons$FinalizerDaemon.doFinalize(Daemons.java:291)
04-11 03:58:15.554  6504  6521 D StrictMode:    at java.lang.Daemons$FinalizerDaemon.runInternal(Daemons.java:278)
04-11 03:58:15.554  6504  6521 D StrictMode:    at java.lang.Daemons$Daemon.run(Daemons.java:139)
04-11 03:58:15.554  6504  6521 D StrictMode:    at java.lang.Thread.run(Thread.java:923)
04-11 03:58:15.567  6108  6127 I DropBoxManagerService: add tag=system_app_strictmode isTagEnabled=true flags=0x2
04-11 03:58:15.570  6504  6504 I ndroid.setting: Explicit concurrent copying GC freed 2320(162KB) AllocSpace objects, 0(0B) LOS objects, 49% free, 2048KB/4097KB, paused 66us total 14.870ms
04-11 03:58:15.583  2901  3107 E BufferQueueProducer: [com.android.settings/com.android.settings.FallbackHome#0](id:b550000002b,api:0,p:-1,c:2901) disconnect: not connected (req=1)
04-11 03:58:15.583  6504  6558 W libEGL  : EGLNativeWindowType 0x7aa832c0a0 disconnect failed
04-11 03:58:15.613  6108  6593 E AudioSystem-JNI: AudioSystem::listAudioPorts error -19
04-11 03:58:15.613  6108  6593 W AudioManager: updateAudioPortCache: listAudioPorts failed
04-11 03:58:15.662     0     0 E [3:health@2.0-serv: 2884] sec_bat_get_property: Fail to s2mu004-fuelgauge get (32=>-22)
04-11 03:58:15.663     0     0 W [3:health@2.0-serv: 2884] healthd: battery l=100 v=4303 t=27.4 h=2 st=5 c=-4 fc=0 chg=u
04-11 03:58:15.714  6108  6593 E AudioSystem-JNI: AudioSystem::listAudioPorts error -19
04-11 03:58:15.714  6108  6593 W AudioManager: updateAudioPortCache: listAudioPorts failed
04-11 03:58:15.782  6108  6239 D StrictMode: StrictMode policy violation: android.os.strictmode.CredentialProtectedWhileLockedViolation: Accessed credential protected path /data/system_ce/0/snapshots/5.proto while user 0 was locked
04-11 03:58:15.782  6108  6239 D StrictMode:    at android.os.StrictMode.onCredentialProtectedPathAccess(StrictMode.java:2209)
04-11 03:58:15.782  6108  6239 D StrictMode:    at android.os.StrictMode.access$2000(StrictMode.java:153)
04-11 03:58:15.782  6108  6239 D StrictMode:    at android.os.StrictMode$5.onPathAccess(StrictMode.java:1841)
04-11 03:58:15.782  6108  6239 D StrictMode:    at libcore.io.BlockGuardOs.remove(BlockGuardOs.java:341)
04-11 03:58:15.782  6108  6239 D StrictMode:    at java.io.UnixFileSystem.delete(UnixFileSystem.java:331)
04-11 03:58:15.782  6108  6239 D StrictMode:    at java.io.File.delete(File.java:1037)
04-11 03:58:15.782  6108  6239 D StrictMode:    at com.android.server.wm.TaskSnapshotPersister.deleteSnapshot(TaskSnapshotPersister.java:249)
04-11 03:58:15.782  6108  6239 D StrictMode:    at com.android.server.wm.TaskSnapshotPersister.access$1000(TaskSnapshotPersister.java:52)
04-11 03:58:15.782  6108  6239 D StrictMode:    at com.android.server.wm.TaskSnapshotPersister$DeleteWriteQueueItem.write(TaskSnapshotPersister.java:463)
04-11 03:58:15.782  6108  6239 D StrictMode:    at com.android.server.wm.TaskSnapshotPersister$1.run(TaskSnapshotPersister.java:286)
04-11 03:58:15.783  6108  6127 I DropBoxManagerService: add tag=system_server_strictmode isTagEnabled=true flags=0x2
04-11 03:58:15.783  6108  6239 D StrictMode: StrictMode policy violation: android.os.strictmode.CredentialProtectedWhileLockedViolation: Accessed credential protected path /data/system_ce/0/snapshots/5_reduced.jpg while user 0 was locked
04-11 03:58:15.783  6108  6239 D StrictMode:    at android.os.StrictMode.onCredentialProtectedPathAccess(StrictMode.java:2209)
04-11 03:58:15.783  6108  6239 D StrictMode:    at android.os.StrictMode.access$2000(StrictMode.java:153)
04-11 03:58:15.783  6108  6239 D StrictMode:    at android.os.StrictMode$5.onPathAccess(StrictMode.java:1841)
04-11 03:58:15.783  6108  6239 D StrictMode:    at libcore.io.BlockGuardOs.access(BlockGuardOs.java:72)
04-11 03:58:15.783  6108  6239 D StrictMode:    at java.io.UnixFileSystem.checkAccess(UnixFileSystem.java:281)
04-11 03:58:15.783  6108  6239 D StrictMode:    at java.io.File.exists(File.java:815)
04-11 03:58:15.783  6108  6239 D StrictMode:    at com.android.server.wm.TaskSnapshotPersister.deleteSnapshot(TaskSnapshotPersister.java:250)
04-11 03:58:15.783  6108  6239 D StrictMode:    at com.android.server.wm.TaskSnapshotPersister.access$1000(TaskSnapshotPersister.java:52)
04-11 03:58:15.783  6108  6239 D StrictMode:    at com.android.server.wm.TaskSnapshotPersister$DeleteWriteQueueItem.write(TaskSnapshotPersister.java:463)
04-11 03:58:15.783  6108  6239 D StrictMode:    at com.android.server.wm.TaskSnapshotPersister$1.run(TaskSnapshotPersister.java:286)
04-11 03:58:15.784  6108  6239 D StrictMode: StrictMode policy violation: android.os.strictmode.CredentialProtectedWhileLockedViolation: Accessed credential protected path /data/system_ce/0/snapshots/5.jpg while user 0 was locked
04-11 03:58:15.784  6108  6239 D StrictMode:    at android.os.StrictMode.onCredentialProtectedPathAccess(StrictMode.java:2209)
04-11 03:58:15.784  6108  6239 D StrictMode:    at android.os.StrictMode.access$2000(StrictMode.java:153)
04-11 03:58:15.784  6108  6239 D StrictMode:    at android.os.StrictMode$5.onPathAccess(StrictMode.java:1841)
04-11 03:58:15.784  6108  6239 D StrictMode:    at libcore.io.BlockGuardOs.access(BlockGuardOs.java:72)
04-11 03:58:15.784  6108  6239 D StrictMode:    at java.io.UnixFileSystem.checkAccess(UnixFileSystem.java:281)
04-11 03:58:15.784  6108  6239 D StrictMode:    at java.io.File.exists(File.java:815)
04-11 03:58:15.784  6108  6239 D StrictMode:    at com.android.server.wm.TaskSnapshotPersister.deleteSnapshot(TaskSnapshotPersister.java:254)
04-11 03:58:15.784  6108  6239 D StrictMode:    at com.android.server.wm.TaskSnapshotPersister.access$1000(TaskSnapshotPersister.java:52)
04-11 03:58:15.784  6108  6239 D StrictMode:    at com.android.server.wm.TaskSnapshotPersister$DeleteWriteQueueItem.write(TaskSnapshotPersister.java:463)
04-11 03:58:15.784  6108  6239 D StrictMode:    at com.android.server.wm.TaskSnapshotPersister$1.run(TaskSnapshotPersister.java:286)
04-11 03:58:15.815  6108  6593 E AudioSystem-JNI: AudioSystem::listAudioPorts error -19
04-11 03:58:15.815  6108  6593 W AudioManager: updateAudioPortCache: listAudioPorts failed
04-11 03:58:15.862     0     0 I         : [2:irq/4-abov-touc: 1183] abov-touchkey-ft1804 5-0020: [sec_input]  abov_tk_interrupt buf = 0x08
04-11 03:58:15.862     0     0 I         : [2:irq/4-abov-touc: 1183] abov-touchkey-ft1804 5-0020: [sec_input] keycode : P ver 0x0c
04-11 03:58:15.866     0     0 W         : [1:vibrator@1.0-se: 2895] [VIB] sec_vib_enable, timedout = 0
04-11 03:58:15.866     0     0 W         : [2:  kworker/u16:1:   51] [VIB] sec_vib_work, timedout = 0 , running = 0
04-11 03:58:15.869     0     0 W         : [3:vibrator@1.0-se: 2895] [VIB] sec_vib_enable, timedout = 10
04-11 03:58:15.869     0     0 W         : [2:  kworker/u16:1:   51] [VIB] sec_vib_work, timedout = 10 , running = 0
04-11 03:58:15.879     0     0 W         : [3:  kworker/u16:1:   51] [VIB] sec_vib_work, timedout = 0 , running = 1
04-11 03:58:15.900     0     0 W         : [0:vibrator@1.0-se: 2895] [VIB] sec_vib_enable, timedout = 30
04-11 03:58:15.900     0     0 W         : [1:  kworker/u16:1:   51] [VIB] sec_vib_work, timedout = 30 , running = 0
04-11 03:58:15.916  6108  6593 E AudioSystem-JNI: AudioSystem::listAudioPorts error -19
04-11 03:58:15.916  6108  6593 W AudioManager: updateAudioPortCache: listAudioPorts failed
04-11 03:58:15.926  6108  6239 D StrictMode: StrictMode policy violation: android.os.strictmode.CredentialProtectedWhileLockedViolation: Accessed credential protected path /data/system_ce/0/snapshots/6.proto while user 0 was locked
04-11 03:58:15.926  6108  6239 D StrictMode:    at android.os.StrictMode.onCredentialProtectedPathAccess(StrictMode.java:2209)
04-11 03:58:15.926  6108  6239 D StrictMode:    at android.os.StrictMode.access$2000(StrictMode.java:153)
04-11 03:58:15.926  6108  6239 D StrictMode:    at android.os.StrictMode$5.onPathAccess(StrictMode.java:1841)
04-11 03:58:15.926  6108  6239 D StrictMode:    at libcore.io.BlockGuardOs.remove(BlockGuardOs.java:341)
04-11 03:58:15.926  6108  6239 D StrictMode:    at java.io.UnixFileSystem.delete(UnixFileSystem.java:331)
04-11 03:58:15.926  6108  6239 D StrictMode:    at java.io.File.delete(File.java:1037)
04-11 03:58:15.926  6108  6239 D StrictMode:    at com.android.server.wm.TaskSnapshotPersister.deleteSnapshot(TaskSnapshotPersister.java:249)
04-11 03:58:15.926  6108  6239 D StrictMode:    at com.android.server.wm.TaskSnapshotPersister.access$1000(TaskSnapshotPersister.java:52)
04-11 03:58:15.926  6108  6239 D StrictMode:    at com.android.server.wm.TaskSnapshotPersister$DeleteWriteQueueItem.write(TaskSnapshotPersister.java:463)
04-11 03:58:15.926  6108  6239 D StrictMode:    at com.android.server.wm.TaskSnapshotPersister$1.run(TaskSnapshotPersister.java:286)
04-11 03:58:15.927  6108  6239 D StrictMode: StrictMode policy violation: android.os.strictmode.CredentialProtectedWhileLockedViolation: Accessed credential protected path /data/system_ce/0/snapshots/6_reduced.jpg while user 0 was locked
04-11 03:58:15.927  6108  6239 D StrictMode:    at android.os.StrictMode.onCredentialProtectedPathAccess(StrictMode.java:2209)
04-11 03:58:15.927  6108  6239 D StrictMode:    at android.os.StrictMode.access$2000(StrictMode.java:153)
04-11 03:58:15.927  6108  6239 D StrictMode:    at android.os.StrictMode$5.onPathAccess(StrictMode.java:1841)
04-11 03:58:15.927  6108  6239 D StrictMode:    at libcore.io.BlockGuardOs.access(BlockGuardOs.java:72)
04-11 03:58:15.927  6108  6239 D StrictMode:    at java.io.UnixFileSystem.checkAccess(UnixFileSystem.java:281)
04-11 03:58:15.927  6108  6239 D StrictMode:    at java.io.File.exists(File.java:815)
04-11 03:58:15.927  6108  6239 D StrictMode:    at com.android.server.wm.TaskSnapshotPersister.deleteSnapshot(TaskSnapshotPersister.java:250)
04-11 03:58:15.927  6108  6239 D StrictMode:    at com.android.server.wm.TaskSnapshotPersister.access$1000(TaskSnapshotPersister.java:52)
04-11 03:58:15.927  6108  6239 D StrictMode:    at com.android.server.wm.TaskSnapshotPersister$DeleteWriteQueueItem.write(TaskSnapshotPersister.java:463)
04-11 03:58:15.927  6108  6239 D StrictMode:    at com.android.server.wm.TaskSnapshotPersister$1.run(TaskSnapshotPersister.java:286)
04-11 03:58:15.928  6108  6239 D StrictMode: StrictMode policy violation: android.os.strictmode.CredentialProtectedWhileLockedViolation: Accessed credential protected path /data/system_ce/0/snapshots/6.jpg while user 0 was locked
04-11 03:58:15.928  6108  6239 D StrictMode:    at android.os.StrictMode.onCredentialProtectedPathAccess(StrictMode.java:2209)
04-11 03:58:15.928  6108  6239 D StrictMode:    at android.os.StrictMode.access$2000(StrictMode.java:153)
04-11 03:58:15.928  6108  6239 D StrictMode:    at android.os.StrictMode$5.onPathAccess(StrictMode.java:1841)
04-11 03:58:15.928  6108  6239 D StrictMode:    at libcore.io.BlockGuardOs.access(BlockGuardOs.java:72)
04-11 03:58:15.928  6108  6239 D StrictMode:    at java.io.UnixFileSystem.checkAccess(UnixFileSystem.java:281)
04-11 03:58:15.928  6108  6239 D StrictMode:    at java.io.File.exists(File.java:815)
04-11 03:58:15.928  6108  6239 D StrictMode:    at com.android.server.wm.TaskSnapshotPersister.deleteSnapshot(TaskSnapshotPersister.java:254)
04-11 03:58:15.928  6108  6239 D StrictMode:    at com.android.server.wm.TaskSnapshotPersister.access$1000(TaskSnapshotPersister.java:52)
04-11 03:58:15.928  6108  6239 D StrictMode:    at com.android.server.wm.TaskSnapshotPersister$DeleteWriteQueueItem.write(TaskSnapshotPersister.java:463)
04-11 03:58:15.928  6108  6239 D StrictMode:    at com.android.server.wm.TaskSnapshotPersister$1.run(TaskSnapshotPersister.java:286)
04-11 03:58:15.930     0     0 W         : [2:  kworker/u16:1:   51] [VIB] sec_vib_work, timedout = 0 , running = 1
04-11 03:58:15.788  6108  6127 I chatty  : uid=1000(system) android.io identical 2 lines
04-11 03:58:15.926  6108  6127 I DropBoxManagerService: add tag=system_server_strictmode isTagEnabled=true flags=0x2
04-11 03:58:15.929  6108  7435 E AppOps  : Attribution not found: uid=1000 pkg=android(null) op=VIBRATE
04-11 03:58:15.930  6108  6127 I DropBoxManagerService: add tag=system_server_strictmode isTagEnabled=true flags=0x2
04-11 03:58:15.931     0     0 W         : [0:vibrator@1.0-se: 2895] [VIB] sec_vib_enable, timedout = 0
04-11 03:58:15.931     0     0 W         : [1:  kworker/u16:1:   51] [VIB] sec_vib_work, timedout = 0 , running = 0
04-11 03:58:15.950     0     0 I         : [2:irq/4-abov-touc: 1183] abov-touchkey-ft1804 5-0020: [sec_input]  abov_tk_interrupt buf = 0x04
04-11 03:58:15.950     0     0 I         : [2:irq/4-abov-touc: 1183] abov-touchkey-ft1804 5-0020: [sec_input] keycode : R ver 0x0c
04-11 03:58:15.932  6108  6127 I DropBoxManagerService: add tag=system_server_strictmode isTagEnabled=true flags=0x2
04-11 03:58:15.949  6108  6126 D AutofillManagerService: onBackKeyPressed()
04-11 03:58:15.949  6108  6126 E RemoteAugmentedAutofillService: Bad service name for flags 1048704: com.google.android.as/com.google.android.apps.miphone.aiai.app.AiAiAugmentedAutofillService
04-11 03:58:15.957  6108  7245 I ActivityTaskManager: START u0 {act=android.intent.action.MAIN cat=[android.intent.category.HOME] flg=0x10000100 cmp=com.android.settings/.FallbackHome} from uid 0
04-11 03:58:15.962  6108  7245 W ActivityTaskManager: Tried to set launchTime (0) < mLastActivityLaunchTime (209812)
04-11 03:58:15.964  6108  7245 D GamingModeHelper: onTopAppChanged: com.android.settings
04-11 03:58:16.010  6504  6558 D mali_winsys: EGLint new_window_surface(egl_winsys_display *, void *, EGLSurface, EGLConfig, egl_winsys_surface **, EGLBoolean) returns 0x3000,  [720x1280]-format:1
04-11 03:58:16.017  6108  6593 E AudioSystem-JNI: AudioSystem::listAudioPorts error -19
04-11 03:58:16.017  6108  6593 W AudioManager: updateAudioPortCache: listAudioPorts failed
04-11 03:58:16.019  6108  6133 I ActivityTaskManager: Displayed com.android.settings/.FallbackHome: +61ms
04-11 03:58:16.026  2901  2946 E BufferQueueProducer: [com.android.settings/com.android.settings.FallbackHome#1](id:b550000002d,api:0,p:-1,c:2901) disconnect: not connected (req=1)
04-11 03:58:16.026  6504  6558 W libEGL  : EGLNativeWindowType 0x7aa837acf0 disconnect failed
04-11 03:58:16.072  6488  6488 W HidlServiceManagement: Waited one second for android.hardware.radio@1.4::IRadio/slot1
04-11 03:58:16.072  2759  2759 I hwservicemanager: Since android.hardware.radio@1.4::IRadio/slot1 is not registered, trying to start it as a lazy HAL.
04-11 03:58:16.072  6488  6488 I HidlServiceManagement: getService: Trying again for android.hardware.radio@1.4::IRadio/slot1...
04-11 03:58:16.073  2759  7437 W libc    : Unable to set property "ctl.interface_start" to "android.hardware.radio@1.4::IRadio/slot1": error code: 0x20
04-11 03:58:16.075     0     0 E [2:           init:    1] init: Control message: Could not find 'android.hardware.radio@1.4::IRadio/slot1' for ctl.interface_start from pid: 2759 (/system/bin/hwservicemanager)
04-11 03:58:16.118  6108  6593 E AudioSystem-JNI: AudioSystem::listAudioPorts error -19
04-11 03:58:16.118  6108  6593 W AudioManager: updateAudioPortCache: listAudioPorts failed
04-11 03:58:16.219  6108  6593 E AudioSystem-JNI: AudioSystem::listAudioPorts error -19
04-11 03:58:16.219  6108  6593 W AudioManager: updateAudioPortCache: listAudioPorts failed
04-11 03:58:16.241  6108  6239 D StrictMode: StrictMode policy violation: android.os.strictmode.CredentialProtectedWhileLockedViolation: Accessed credential protected path /data/system_ce/0/snapshots/7.proto while user 0 was locked
04-11 03:58:16.241  6108  6239 D StrictMode:    at android.os.StrictMode.onCredentialProtectedPathAccess(StrictMode.java:2209)
04-11 03:58:16.241  6108  6239 D StrictMode:    at android.os.StrictMode.access$2000(StrictMode.java:153)
04-11 03:58:16.241  6108  6239 D StrictMode:    at android.os.StrictMode$5.onPathAccess(StrictMode.java:1841)
04-11 03:58:16.241  6108  6239 D StrictMode:    at libcore.io.BlockGuardOs.remove(BlockGuardOs.java:341)
04-11 03:58:16.241  6108  6239 D StrictMode:    at java.io.UnixFileSystem.delete(UnixFileSystem.java:331)
04-11 03:58:16.241  6108  6239 D StrictMode:    at java.io.File.delete(File.java:1037)
04-11 03:58:16.241  6108  6239 D StrictMode:    at com.android.server.wm.TaskSnapshotPersister.deleteSnapshot(TaskSnapshotPersister.java:249)
04-11 03:58:16.241  6108  6239 D StrictMode:    at com.android.server.wm.TaskSnapshotPersister.access$1000(TaskSnapshotPersister.java:52)
04-11 03:58:16.241  6108  6239 D StrictMode:    at com.android.server.wm.TaskSnapshotPersister$DeleteWriteQueueItem.write(TaskSnapshotPersister.java:463)
04-11 03:58:16.241  6108  6239 D StrictMode:    at com.android.server.wm.TaskSnapshotPersister$1.run(TaskSnapshotPersister.java:286)
04-11 03:58:16.243  6108  6127 I DropBoxManagerService: add tag=system_server_strictmode isTagEnabled=true flags=0x2
04-11 03:58:16.247  6108  6239 D StrictMode: StrictMode policy violation: android.os.strictmode.CredentialProtectedWhileLockedViolation: Accessed credential protected path /data/system_ce/0/snapshots/7_reduced.jpg while user 0 was locked
04-11 03:58:16.247  6108  6239 D StrictMode:    at android.os.StrictMode.onCredentialProtectedPathAccess(StrictMode.java:2209)
04-11 03:58:16.247  6108  6239 D StrictMode:    at android.os.StrictMode.access$2000(StrictMode.java:153)
04-11 03:58:16.247  6108  6239 D StrictMode:    at android.os.StrictMode$5.onPathAccess(StrictMode.java:1841)
04-11 03:58:16.247  6108  6239 D StrictMode:    at libcore.io.BlockGuardOs.access(BlockGuardOs.java:72)
04-11 03:58:16.247  6108  6239 D StrictMode:    at java.io.UnixFileSystem.checkAccess(UnixFileSystem.java:281)
04-11 03:58:16.247  6108  6239 D StrictMode:    at java.io.File.exists(File.java:815)
04-11 03:58:16.247  6108  6239 D StrictMode:    at com.android.server.wm.TaskSnapshotPersister.deleteSnapshot(TaskSnapshotPersister.java:250)
04-11 03:58:16.247  6108  6239 D StrictMode:    at com.android.server.wm.TaskSnapshotPersister.access$1000(TaskSnapshotPersister.java:52)
04-11 03:58:16.247  6108  6239 D StrictMode:    at com.android.server.wm.TaskSnapshotPersister$DeleteWriteQueueItem.write(TaskSnapshotPersister.java:463)
04-11 03:58:16.247  6108  6239 D StrictMode:    at com.android.server.wm.TaskSnapshotPersister$1.run(TaskSnapshotPersister.java:286)
04-11 03:58:16.250  6108  6239 D StrictMode: StrictMode policy violation: android.os.strictmode.CredentialProtectedWhileLockedViolation: Accessed credential protected path /data/system_ce/0/snapshots/7.jpg while user 0 was locked
04-11 03:58:16.250  6108  6239 D StrictMode:    at android.os.StrictMode.onCredentialProtectedPathAccess(StrictMode.java:2209)
04-11 03:58:16.250  6108  6239 D StrictMode:    at android.os.StrictMode.access$2000(StrictMode.java:153)
04-11 03:58:16.250  6108  6239 D StrictMode:    at android.os.StrictMode$5.onPathAccess(StrictMode.java:1841)
04-11 03:58:16.250  6108  6239 D StrictMode:    at libcore.io.BlockGuardOs.access(BlockGuardOs.java:72)
04-11 03:58:16.250  6108  6239 D StrictMode:    at java.io.UnixFileSystem.checkAccess(UnixFileSystem.java:281)
04-11 03:58:16.250  6108  6239 D StrictMode:    at java.io.File.exists(File.java:815)
04-11 03:58:16.250  6108  6239 D StrictMode:    at com.android.server.wm.TaskSnapshotPersister.deleteSnapshot(TaskSnapshotPersister.java:254)
04-11 03:58:16.250  6108  6239 D StrictMode:    at com.android.server.wm.TaskSnapshotPersister.access$1000(TaskSnapshotPersister.java:52)
04-11 03:58:16.250  6108  6239 D StrictMode:    at com.android.server.wm.TaskSnapshotPersister$DeleteWriteQueueItem.write(TaskSnapshotPersister.java:463)
04-11 03:58:16.250  6108  6239 D StrictMode:    at com.android.server.wm.TaskSnapshotPersister$1.run(TaskSnapshotPersister.java:286)
04-11 03:58:16.320  6108  6593 E AudioSystem-JNI: AudioSystem::listAudioPorts error -19
04-11 03:58:16.320  6108  6593 W AudioManager: updateAudioPortCache: listAudioPorts failed
04-11 03:58:16.334  6108  6210 W HidlServiceManagement: Waited one second for android.hardware.usb.gadget@1.0::IUsbGadget/default
04-11 03:58:16.334  2759  2759 I hwservicemanager: Since android.hardware.usb.gadget@1.0::IUsbGadget/default is not registered, trying to start it as a lazy HAL.
04-11 03:58:16.335  6108  6210 I HidlServiceManagement: getService: Trying again for android.hardware.usb.gadget@1.0::IUsbGadget/default...
04-11 03:58:16.337  2759  7438 W libc    : Unable to set property "ctl.interface_start" to "android.hardware.usb.gadget@1.0::IUsbGadget/default": error code: 0x20
04-11 03:58:16.338     0     0 E [2:           init:    1] init: Control message: Could not find 'android.hardware.usb.gadget@1.0::IUsbGadget/default' for ctl.interface_start from pid: 2759 (/system/bin/hwservicemanager)
04-11 03:58:16.421  6108  6593 E AudioSystem-JNI: AudioSystem::listAudioPorts error -19
04-11 03:58:16.421  6108  6593 W AudioManager: updateAudioPortCache: listAudioPorts failed
04-11 03:58:16.464  2997  2997 W HidlServiceManagement: Waited one second for android.hardware.usb.gadget@1.0::IUsbGadget/default
04-11 03:58:16.465  2759  2759 I hwservicemanager: Since android.hardware.usb.gadget@1.0::IUsbGadget/default is not registered, trying to start it as a lazy HAL.
04-11 03:58:16.466  2997  2997 I HidlServiceManagement: getService: Trying again for android.hardware.usb.gadget@1.0::IUsbGadget/default...
04-11 03:58:16.467  2759  7439 W libc    : Unable to set property "ctl.interface_start" to "android.hardware.usb.gadget@1.0::IUsbGadget/default": error code: 0x20
04-11 03:58:16.469     0     0 E [0:           init:    1] init: Control message: Could not find 'android.hardware.usb.gadget@1.0::IUsbGadget/default' for ctl.interface_start from pid: 2759 (/system/bin/hwservicemanager)
04-11 03:58:16.523  6108  6593 E AudioSystem-JNI: AudioSystem::listAudioPorts error -19
04-11 03:58:16.523  6108  6593 W AudioManager: updateAudioPortCache: listAudioPorts failed
04-11 03:58:16.624  6108  6593 E AudioSystem-JNI: AudioSystem::listAudioPorts error -19
04-11 03:58:16.624  6108  6593 W AudioManager: updateAudioPortCache: listAudioPorts failed
04-11 03:58:16.651     0     0 I         : [2:  kworker/u16:1:   51] etspi_work_func_debug ldo: 0, sleep: 0, tz: 1, type: unknown
04-11 03:58:16.656     0     0 W         : [0:irq/8-ist30xx_t: 1192] [sec_input][ TSP ] p1
04-11 03:58:16.656     0     0 W         : [0:irq/8-ist30xx_t: 1192] [sec_input][ TSP ] p1 (p:0, ma:1, mi:1) (0)
04-11 03:58:16.662     0     0 E [0:health@2.0-serv: 2884] sec_bat_get_property: Fail to s2mu004-fuelgauge get (32=>-22)
04-11 03:58:16.663     0     0 W [0:health@2.0-serv: 2884] healthd: battery l=100 v=4303 t=27.4 h=2 st=5 c=-4 fc=0 chg=u
04-11 03:58:16.725  6108  6593 E AudioSystem-JNI: AudioSystem::listAudioPorts error -19
04-11 03:58:16.725  6108  6593 W AudioManager: updateAudioPortCache: listAudioPorts failed
04-11 03:58:16.771     0     0 W         : [0:irq/8-ist30xx_t: 1192] [sec_input][ TSP ] r1 mc:7 (0x30120) (0,P03T0120)
04-11 03:58:16.826  6108  6593 E AudioSystem-JNI: AudioSystem::listAudioPorts error -19
04-11 03:58:16.826  6108  6593 W AudioManager: updateAudioPortCache: listAudioPorts failed
04-11 03:58:16.926  6108  6593 E AudioSystem-JNI: AudioSystem::listAudioPorts error -19
04-11 03:58:16.927  6108  6593 W AudioManager: updateAudioPortCache: listAudioPorts failed
04-11 03:58:16.981     0     0 W         : [0:irq/8-ist30xx_t: 1192] [sec_input][ TSP ] p1
04-11 03:58:16.981     0     0 W         : [0:irq/8-ist30xx_t: 1192] [sec_input][ TSP ] p1 (p:0, ma:1, mi:1) (0)
04-11 03:58:17.027  6108  6593 E AudioSystem-JNI: AudioSystem::listAudioPorts error -19
04-11 03:58:17.027  6108  6593 W AudioManager: updateAudioPortCache: listAudioPorts failed
04-11 03:58:17.070     0     0 W         : [0:irq/8-ist30xx_t: 1192] [sec_input][ TSP ] r1 mc:8 (0x30120) (0,P03T0120)
04-11 03:58:17.072  6488  6488 W HidlServiceManagement: Waited one second for android.hardware.radio@1.4::IRadio/slot1
04-11 03:58:17.073  2759  2759 I hwservicemanager: Since android.hardware.radio@1.4::IRadio/slot1 is not registered, trying to start it as a lazy HAL.
04-11 03:58:17.073  6488  6488 I HidlServiceManagement: getService: Trying again for android.hardware.radio@1.4::IRadio/slot1...
04-11 03:58:17.074  2759  7440 W libc    : Unable to set property "ctl.interface_start" to "android.hardware.radio@1.4::IRadio/slot1": error code: 0x20
04-11 03:58:17.076     0     0 E [0:           init:    1] init: Control message: Could not find 'android.hardware.radio@1.4::IRadio/slot1' for ctl.interface_start from pid: 2759 (/system/bin/hwservicemanager)
04-11 03:58:17.128  6108  6593 E AudioSystem-JNI: AudioSystem::listAudioPorts error -19
04-11 03:58:17.128  6108  6593 W AudioManager: updateAudioPortCache: listAudioPorts failed
04-11 03:58:17.155     0     0 W         : [0:irq/8-ist30xx_t: 1192] [sec_input][ TSP ] p1
04-11 03:58:17.155     0     0 W         : [0:irq/8-ist30xx_t: 1192] [sec_input][ TSP ] p1 (p:0, ma:1, mi:1) (0)
04-11 03:58:17.228  6108  6593 E AudioSystem-JNI: AudioSystem::listAudioPorts error -19
04-11 03:58:17.228  6108  6593 W AudioManager: updateAudioPortCache: listAudioPorts failed
04-11 03:58:17.262     0     0 W         : [0:irq/8-ist30xx_t: 1192] [sec_input][ TSP ] r1 mc:6 (0x30120) (0,P03T0120)
04-11 03:58:17.305  6108  6206 E AudioSystem-JNI: Command failed for android_media_AudioSystem_initStreamVolume: -19
04-11 03:58:17.305  6108  6206 E AS.AudioService: Failed to initStreamVolume (1) for stream 11
04-11 03:58:17.305  6108  6206 E AS.AudioService: VSS(): initStreamVolume failed with 1 will retry
04-11 03:58:17.329  6108  6593 E AudioSystem-JNI: AudioSystem::listAudioPorts error -19
04-11 03:58:17.329  6108  6593 W AudioManager: updateAudioPortCache: listAudioPorts failed
04-11 03:58:17.335  6108  6210 W HidlServiceManagement: Waited one second for android.hardware.usb.gadget@1.0::IUsbGadget/default
04-11 03:58:17.335  2759  2759 I hwservicemanager: Since android.hardware.usb.gadget@1.0::IUsbGadget/default is not registered, trying to start it as a lazy HAL.
04-11 03:58:17.336  6108  6210 I HidlServiceManagement: getService: Trying again for android.hardware.usb.gadget@1.0::IUsbGadget/default...
04-11 03:58:17.336  2759  7441 W libc    : Unable to set property "ctl.interface_start" to "android.hardware.usb.gadget@1.0::IUsbGadget/default": error code: 0x20
04-11 03:58:17.338     0     0 E [3:           init:    1] init: Control message: Could not find 'android.hardware.usb.gadget@1.0::IUsbGadget/default' for ctl.interface_start from pid: 2759 (/system/bin/hwservicemanager)
04-11 03:58:17.429  6108  6593 E AudioSystem-JNI: AudioSystem::listAudioPorts error -19
04-11 03:58:17.430  6108  6593 W AudioManager: updateAudioPortCache: listAudioPorts failed
04-11 03:58:17.466  2997  2997 W HidlServiceManagement: Waited one second for android.hardware.usb.gadget@1.0::IUsbGadget/default
04-11 03:58:17.466  2759  2759 I hwservicemanager: Since android.hardware.usb.gadget@1.0::IUsbGadget/default is not registered, trying to start it as a lazy HAL.
04-11 03:58:17.467  2997  2997 I HidlServiceManagement: getService: Trying again for android.hardware.usb.gadget@1.0::IUsbGadget/default...
04-11 03:58:17.467  2759  7442 W libc    : Unable to set property "ctl.interface_start" to "android.hardware.usb.gadget@1.0::IUsbGadget/default": error code: 0x20
04-11 03:58:17.530  6108  6593 E AudioSystem-JNI: AudioSystem::listAudioPorts error -19
04-11 03:58:17.530  6108  6593 W AudioManager: updateAudioPortCache: listAudioPorts failed
04-11 03:58:17.631  6108  6593 E AudioSystem-JNI: AudioSystem::listAudioPorts error -19
04-11 03:58:17.632  6108  6593 W AudioManager: updateAudioPortCache: listAudioPorts failed
04-11 03:58:17.469     0     0 E [3:           init:    1] init: Control message: Could not find 'android.hardware.usb.gadget@1.0::IUsbGadget/default' for ctl.interface_start from pid: 2759 (/system/bin/hwservicemanager)
04-11 03:58:17.665     0     0 E [0:health@2.0-serv: 2884] sec_bat_get_property: Fail to s2mu004-fuelgauge get (32=>-22)
04-11 03:58:17.668     0     0 W [0:health@2.0-serv: 2884] healthd: battery l=100 v=4303 t=27.4 h=2 st=5 c=-4 fc=0 chg=u
04-11 03:58:17.732  6108  6593 E AudioSystem-JNI: AudioSystem::listAudioPorts error -19
04-11 03:58:17.732  6108  6593 W AudioManager: updateAudioPortCache: listAudioPorts failed
04-11 03:58:16.249  6108  6127 I chatty  : uid=1000(system) android.io identical 1 line
04-11 03:58:16.262  6108  6127 I DropBoxManagerService: add tag=system_server_strictmode isTagEnabled=true flags=0x2
04-11 03:58:17.764  6108  6125 D CompatibilityChangeReporter: Compat change id reported: 135634846; UID 10182; state: DISABLED
04-11 03:58:17.765  6108  6135 D CompatibilityChangeReporter: Compat change id reported: 143937733; UID 10182; state: DISABLED
04-11 03:58:17.790  6049  6049 D Zygote  : Forked child process 7443
04-11 03:58:17.793  6108  6135 I ActivityManager: Start proc 7443:com.android.permissioncontroller/u0a182 for service {com.android.permissioncontroller/com.android.permissioncontroller.permission.service.PermissionControllerServiceImpl}
04-11 03:58:17.810  7443  7443 E ssioncontrolle: Not starting debugger since process cannot load the jdwp agent.
04-11 03:58:17.832  7443  7443 D ApplicationLoaders: Returning zygote-cached class loader: /system/framework/android.test.base.jar
04-11 03:58:17.833  6108  6593 E AudioSystem-JNI: AudioSystem::listAudioPorts error -19
04-11 03:58:17.833  6108  6593 W AudioManager: updateAudioPortCache: listAudioPorts failed
04-11 03:58:17.848  7443  7443 D NetworkSecurityConfig: No Network Security Config specified, using platform default
04-11 03:58:17.849  7443  7443 D NetworkSecurityConfig: No Network Security Config specified, using platform default
04-11 03:58:17.860  7443  7443 I CarUiInstaller: CarUiInstaller started for com.android.permissioncontroller
04-11 03:58:17.879     0     0 I [0:           init:    1] init: starting service 'vendor.memtrack-hal-1-0'...
04-11 03:58:17.896  7458  7458 D android.hardware.memtrack@1.0-service: memtrack_open: enter; name=memtrack
04-11 03:58:17.897  7458  7458 D android.hardware.memtrack@1.0-service: memtrack_open: exit 0
04-11 03:58:17.897  7458  7458 E HidlServiceManagement: Service android.hardware.memtrack@1.0::IMemtrack/default must be in VINTF manifest in order to register/get.
04-11 03:58:17.897  7458  7458 E LegacySupport: Could not register service android.hardware.memtrack@1.0::IMemtrack/default (-2147483648).
04-11 03:58:17.901     0     0 I [2:           init:    1] init: Service 'vendor.memtrack-hal-1-0' (pid 7458) exited with status 0
04-11 03:58:17.901     0     0 I [2:           init:    1] init: Sending signal 9 to service 'vendor.memtrack-hal-1-0' (pid 7458) process group...
04-11 03:58:17.901     0     0 I [2:           init:    1] libprocessgroup: Successfully killed process cgroup uid 1000 pid 7458 in 0ms
04-11 03:58:17.915  7443  7456 I PermissionControllerServiceImpl: Updating user sensitive for user 0
04-11 03:58:17.934  6108  6593 E AudioSystem-JNI: AudioSystem::listAudioPorts error -19
04-11 03:58:17.934  6108  6593 W AudioManager: updateAudioPortCache: listAudioPorts failed
04-11 03:58:17.981  7443  7460 I UserPackageInfos: updating UserPackageInfosLiveData for user 0
04-11 03:58:17.981  7443  7461 I LancherPackagesLiveData: updating LauncherPackageLiveData
04-11 03:58:18.034  6108  6593 E AudioSystem-JNI: AudioSystem::listAudioPorts error -19
04-11 03:58:18.034  6108  6593 W AudioManager: updateAudioPortCache: listAudioPorts failed
04-11 03:58:18.073  6488  6488 W HidlServiceManagement: Waited one second for android.hardware.radio@1.4::IRadio/slot1
04-11 03:58:18.073  2759  2759 I hwservicemanager: Since android.hardware.radio@1.4::IRadio/slot1 is not registered, trying to start it as a lazy HAL.
04-11 03:58:18.074  6488  6488 I HidlServiceManagement: getService: Trying again for android.hardware.radio@1.4::IRadio/slot1...
04-11 03:58:18.075  2759  7465 W libc    : Unable to set property "ctl.interface_start" to "android.hardware.radio@1.4::IRadio/slot1": error code: 0x20
04-11 03:58:18.077     0     0 E [3:           init:    1] init: Control message: Could not find 'android.hardware.radio@1.4::IRadio/slot1' for ctl.interface_start from pid: 2759 (/system/bin/hwservicemanager)
04-11 03:58:18.135  6108  6593 E AudioSystem-JNI: AudioSystem::listAudioPorts error -19
04-11 03:58:18.135  6108  6593 W AudioManager: updateAudioPortCache: listAudioPorts failed
04-11 03:58:18.235  6108  6593 E AudioSystem-JNI: AudioSystem::listAudioPorts error -19
04-11 03:58:18.235  6108  6593 W AudioManager: updateAudioPortCache: listAudioPorts failed
04-11 03:58:18.336  6108  6210 W HidlServiceManagement: Waited one second for android.hardware.usb.gadget@1.0::IUsbGadget/default
04-11 03:58:18.336  6108  6593 E AudioSystem-JNI: AudioSystem::listAudioPorts error -19
04-11 03:58:18.336  6108  6593 W AudioManager: updateAudioPortCache: listAudioPorts failed
04-11 03:58:18.336  2759  2759 I hwservicemanager: Since android.hardware.usb.gadget@1.0::IUsbGadget/default is not registered, trying to start it as a lazy HAL.
04-11 03:58:18.336  6108  6210 I HidlServiceManagement: getService: Trying again for android.hardware.usb.gadget@1.0::IUsbGadget/default...
04-11 03:58:18.337  2759  7467 W libc    : Unable to set property "ctl.interface_start" to "android.hardware.usb.gadget@1.0::IUsbGadget/default": error code: 0x20
04-11 03:58:18.339     0     0 E [0:           init:    1] init: Control message: Could not find 'android.hardware.usb.gadget@1.0::IUsbGadget/default' for ctl.interface_start from pid: 2759 (/system/bin/hwservicemanager)
04-11 03:58:18.437  6108  6593 E AudioSystem-JNI: AudioSystem::listAudioPorts error -19
04-11 03:58:18.437  6108  6593 W AudioManager: updateAudioPortCache: listAudioPorts failed
04-11 03:58:18.467  2997  2997 W HidlServiceManagement: Waited one second for android.hardware.usb.gadget@1.0::IUsbGadget/default
04-11 03:58:18.467  2759  2759 I hwservicemanager: Since android.hardware.usb.gadget@1.0::IUsbGadget/default is not registered, trying to start it as a lazy HAL.
04-11 03:58:18.467  2997  2997 I HidlServiceManagement: getService: Trying again for android.hardware.usb.gadget@1.0::IUsbGadget/default...
04-11 03:58:18.468  2759  7468 W libc    : Unable to set property "ctl.interface_start" to "android.hardware.usb.gadget@1.0::IUsbGadget/default": error code: 0x20
04-11 03:58:18.470     0     0 E [3:           init:    1] init: Control message: Could not find 'android.hardware.usb.gadget@1.0::IUsbGadget/default' for ctl.interface_start from pid: 2759 (/system/bin/hwservicemanager)
04-11 03:58:18.538  6108  6593 E AudioSystem-JNI: AudioSystem::listAudioPorts error -19
04-11 03:58:18.538  6108  6593 W AudioManager: updateAudioPortCache: listAudioPorts failed
04-11 03:58:18.640  6108  6593 E AudioSystem-JNI: AudioSystem::listAudioPorts error -19
04-11 03:58:18.640  6108  6593 W AudioManager: updateAudioPortCache: listAudioPorts failed
04-11 03:58:18.651     0     0 I         : [2:  kworker/u16:1:   51] [SSP]      debug_work_func( 452): (99) - Sensor state: 0xf24f4176, RC: 1, CC: 0 DC: 0 TC: 0
04-11 03:58:18.651     0     0 I         : [2:  kworker/u16:1:   51] [SSP] 1 : -2611, 16, 4966 (66ms, 0ms)
04-11 03:58:18.664     0     0 E [0:health@2.0-serv: 2884] sec_bat_get_property: Fail to s2mu004-fuelgauge get (32=>-22)
04-11 03:58:18.668     0     0 W [0:health@2.0-serv: 2884] healthd: battery l=100 v=4303 t=27.4 h=2 st=5 c=-4 fc=0 chg=u
04-11 03:58:18.741  6108  6593 E AudioSystem-JNI: AudioSystem::listAudioPorts error -19
04-11 03:58:18.742  6108  6593 W AudioManager: updateAudioPortCache: listAudioPorts failed
04-11 03:58:18.787     0     0 I [3:           init:    1] init: starting service 'cpboot-daemon'...
04-11 03:58:18.825     0     0 E [1:            cbd: 7469] mif: cbd:  : get_cmdline_str: find str androidboot.debug_level=0x4f4c form /proc/cmdline
04-11 03:58:18.825     0     0 E [1:            cbd: 7469] mif: cbd:  : check_debug_level: androidboot.debug_level=0x4f4c, 0
04-11 03:58:18.826     0     0 E [1:            cbd: 7469] mif: cbd:  : check_debug_level: debug level=0, cp_debug=0
04-11 03:58:18.826     0     0 E [1:            cbd: 7469] mif: cbd:  : main: Start CP Boot Daemon (CBD)
04-11 03:58:18.826     0     0 E [1:            cbd: 7469] mif: cbd:  : main: Daemon Mode
04-11 03:58:18.826     0     0 E [1:            cbd: 7469] mif: cbd:  : main: SS310 modem
04-11 03:58:18.826     0     0 E [1:            cbd: 7469] mif: cbd:  : main: boot SHMEM link
04-11 03:58:18.826     0     0 E [1:            cbd: 7469] mif: cbd: m: main: main SHMEM link
04-11 03:58:18.826     0     0 E [1:            cbd: 7469] mif: cbd: m: main: partition number : platform/13540000.dwmmc0/by-name/RADIO
04-11 03:58:18.826     0     0 E [1:            cbd: 7469] mif: cbd: m: main: partition path : /dev/block/platform/13540000.dwmmc0/by-name/RADIO
04-11 03:58:18.826     0     0 E [1:            cbd: 7469] mif: cbd: m: main: set nv partition : /efs
04-11 03:58:18.826     0     0 E [1:            cbd: 7469] mif: cbd: m: main: nv file path : /efs/nv_data.bin
04-11 03:58:18.826     0     0 E [1:            cbd: 7469] mif: cbd: m: main: Call boot start
04-11 03:58:18.826     0     0 E [1:            cbd: 7469] mif: cbd: m: main: Modem type = 12
04-11 03:58:18.826     0     0 E [1:            cbd: 7469] mif: cbd: m: main: Boot link = 9
04-11 03:58:18.826     0     0 E [1:            cbd: 7469] mif: cbd: m: main: Main link = 9
04-11 03:58:18.826     0     0 E [1:            cbd: 7469] mif: cbd: m: check_board_revision: model_info-system_rev: 004
04-11 03:58:18.827     0     0 E [0:            cbd: 7469] mif: cbd: m: start_shannon310_boot: CP boot device = /dev/umts_boot0
04-11 03:58:18.827     0     0 E [0:            cbd: 7469] mif: cbd: m: start_shannon310_boot: CP binary file = /dev/block/platform/13540000.dwmmc0/by-name/RADIO
04-11 03:58:18.827     0     0 E [0:            cbd: 7469] mif: cbd: m: start_shannon310_boot: CP NV file = /efs/nv_data.bin
04-11 03:58:18.827     0     0 E [0:            cbd: 7469] mif: cbd: m: start_shannon310_boot: BOOT link SHMEM
04-11 03:58:18.827     0     0 E [0:            cbd: 7469] mif: cbd: m: start_shannon310_boot: MAIN link SHMEM
04-11 03:58:18.842  6108  6593 E AudioSystem-JNI: AudioSystem::listAudioPorts error -19
04-11 03:58:18.842  6108  6593 W AudioManager: updateAudioPortCache: listAudioPorts failed
04-11 03:58:18.851     0     0 I [1:           init:    1] init: starting service 'gpsd'...
04-11 03:58:18.902     0     0 I [1:           init:    1] init: starting service 'ril-daemon'...
04-11 03:58:18.903     0     0 I [1:           init:    1] init: Created socket '/dev/socket/sap_uim_socket1', mode 660, user 1002, group 1002
04-11 03:58:18.905     0     0 F [2:           init: 7471] init: /vendor/bin/hw/rild: cannot expand arguments': property 'vendor.sec.rild.libpath' doesn't exist while expanding '${vendor.sec.rild.libpath}'
04-11 03:58:18.907     0     0 I [1:           init:    1] init: Service 'ril-daemon' (pid 7471) exited with status 6
04-11 03:58:18.907     0     0 I [1:           init:    1] init: Sending signal 9 to service 'ril-daemon' (pid 7471) process group...
04-11 03:58:18.907     0     0 I [1:           init:    1] libprocessgroup: Successfully killed process cgroup uid 1001 pid 7471 in 0ms
04-11 03:58:18.907     0     0 I [1:           init:    1] init: Sending signal 9 to service 'cpboot-daemon' (pid 7469) process group...
04-11 03:58:18.912     0     0 I [1:           init:    1] libprocessgroup: Successfully killed process cgroup uid 0 pid 7469 in 5ms
04-11 03:58:18.913     0     0 I [1:           init:    1] init: Command 'restart DIAG-daemon' action=onrestart (<Service 'ril-daemon' onrestart>:2) took 0ms and failed: service DIAG-daemon not found
04-11 03:58:18.913     0     0 I [1:           init:    1] init: Service 'cpboot-daemon' (pid 7469) received signal 9
