04-11 03:58:18.915     0     0 I [1:           init:    1] init: starting service 'ril-daemon1'...
04-11 03:58:18.917     0     0 F [2:           init: 7472] init: /vendor/bin/hw/rild: cannot expand arguments': property 'vendor.sec.rild.libpath2' doesn't exist while expanding '${vendor.sec.rild.libpath2}'
04-11 03:58:18.918     0     0 I [1:           init:    1] init: Service 'gpsd' (pid 7470) exited with status 1
04-11 03:58:18.918     0     0 I [1:           init:    1] init: Sending signal 9 to service 'gpsd' (pid 7470) process group...
04-11 03:58:18.918     0     0 I [1:           init:    1] libprocessgroup: Successfully killed process cgroup uid 1021 pid 7470 in 0ms
04-11 03:58:18.919     0     0 I [1:           init:    1] init: Service 'ril-daemon1' (pid 7472) exited with status 6
04-11 03:58:18.919     0     0 I [1:           init:    1] init: Sending signal 9 to service 'ril-daemon1' (pid 7472) process group...
04-11 03:58:18.919     0     0 I [1:           init:    1] libprocessgroup: Successfully killed process cgroup uid 1001 pid 7472 in 0ms
04-11 03:58:18.920     0     0 I [1:           init:    1] init: Command 'restart DIAG-daemon' action=onrestart (<Service 'ril-daemon1' onrestart>:2) took 0ms and failed: service DIAG-daemon not found
04-11 03:58:18.943  6108  6593 E AudioSystem-JNI: AudioSystem::listAudioPorts error -19
04-11 03:58:18.943  6108  6593 W AudioManager: updateAudioPortCache: listAudioPorts failed
04-11 03:58:19.043  6108  6593 E AudioSystem-JNI: AudioSystem::listAudioPorts error -19
04-11 03:58:19.043  6108  6593 W AudioManager: updateAudioPortCache: listAudioPorts failed
04-11 03:58:19.074  6488  6488 W HidlServiceManagement: Waited one second for android.hardware.radio@1.4::IRadio/slot1
04-11 03:58:19.074  2759  2759 I hwservicemanager: Since android.hardware.radio@1.4::IRadio/slot1 is not registered, trying to start it as a lazy HAL.
04-11 03:58:19.075  6488  6488 I HidlServiceManagement: getService: Trying again for android.hardware.radio@1.4::IRadio/slot1...
04-11 03:58:19.075  2759  7473 W libc    : Unable to set property "ctl.interface_start" to "android.hardware.radio@1.4::IRadio/slot1": error code: 0x20
04-11 03:58:19.077     0     0 E [1:           init:    1] init: Control message: Could not find 'android.hardware.radio@1.4::IRadio/slot1' for ctl.interface_start from pid: 2759 (/system/bin/hwservicemanager)
04-11 03:58:19.145  6108  6593 E AudioSystem-JNI: AudioSystem::listAudioPorts error -19
04-11 03:58:19.145  6108  6593 W AudioManager: updateAudioPortCache: listAudioPorts failed
04-11 03:58:19.246  6108  6593 E AudioSystem-JNI: AudioSystem::listAudioPorts error -19
04-11 03:58:19.246  6108  6593 W AudioManager: updateAudioPortCache: listAudioPorts failed
04-11 03:58:19.308  6108  6206 E AudioSystem-JNI: Command failed for android_media_AudioSystem_initStreamVolume: -19
04-11 03:58:19.308  6108  6206 E AS.AudioService: Failed to initStreamVolume (1) for stream 11
04-11 03:58:19.308  6108  6206 E AS.AudioService: VSS(): initStreamVolume failed with 1 will retry
04-11 03:58:19.337  6108  6210 W HidlServiceManagement: Waited one second for android.hardware.usb.gadget@1.0::IUsbGadget/default
04-11 03:58:19.338  2759  2759 I hwservicemanager: Since android.hardware.usb.gadget@1.0::IUsbGadget/default is not registered, trying to start it as a lazy HAL.
04-11 03:58:19.338  6108  6210 I HidlServiceManagement: getService: Trying again for android.hardware.usb.gadget@1.0::IUsbGadget/default...
04-11 03:58:19.341  2759  7474 W libc    : Unable to set property "ctl.interface_start" to "android.hardware.usb.gadget@1.0::IUsbGadget/default": error code: 0x20
04-11 03:58:19.348  6108  6593 E AudioSystem-JNI: AudioSystem::listAudioPorts error -19
04-11 03:58:19.348  6108  6593 W AudioManager: updateAudioPortCache: listAudioPorts failed
04-11 03:58:19.342     0     0 E [2:           init:    1] init: Control message: Could not find 'android.hardware.usb.gadget@1.0::IUsbGadget/default' for ctl.interface_start from pid: 2759 (/system/bin/hwservicemanager)
04-11 03:58:19.410     0     0 W         : [0:irq/8-ist30xx_t: 1192] [sec_input][ TSP ] p1
04-11 03:58:19.410     0     0 W         : [0:irq/8-ist30xx_t: 1192] [sec_input][ TSP ] p1 (p:0, ma:1, mi:1) (0)
04-11 03:58:19.448  6108  6593 E AudioSystem-JNI: AudioSystem::listAudioPorts error -19
04-11 03:58:19.449  6108  6593 W AudioManager: updateAudioPortCache: listAudioPorts failed
04-11 03:58:19.444     0     0 W         : [0:irq/8-ist30xx_t: 1192] [sec_input][ TSP ] r1 mc:3 (0x30120) (0,P03T0120)
04-11 03:58:19.468  2997  2997 W HidlServiceManagement: Waited one second for android.hardware.usb.gadget@1.0::IUsbGadget/default
04-11 03:58:19.468  2759  2759 I hwservicemanager: Since android.hardware.usb.gadget@1.0::IUsbGadget/default is not registered, trying to start it as a lazy HAL.
04-11 03:58:19.468  2997  2997 I HidlServiceManagement: getService: Trying again for android.hardware.usb.gadget@1.0::IUsbGadget/default...
04-11 03:58:19.469  2759  7475 W libc    : Unable to set property "ctl.interface_start" to "android.hardware.usb.gadget@1.0::IUsbGadget/default": error code: 0x20
04-11 03:58:19.471     0     0 E [2:           init:    1] init: Control message: Could not find 'android.hardware.usb.gadget@1.0::IUsbGadget/default' for ctl.interface_start from pid: 2759 (/system/bin/hwservicemanager)
04-11 03:58:19.549  6108  6593 E AudioSystem-JNI: AudioSystem::listAudioPorts error -19
04-11 03:58:19.549  6108  6593 W AudioManager: updateAudioPortCache: listAudioPorts failed
04-11 03:58:19.650  6108  6593 E AudioSystem-JNI: AudioSystem::listAudioPorts error -19
04-11 03:58:19.650  6108  6593 W AudioManager: updateAudioPortCache: listAudioPorts failed
04-11 03:58:19.662     0     0 E [1:health@2.0-serv: 2884] sec_bat_get_property: Fail to s2mu004-fuelgauge get (32=>-22)
04-11 03:58:19.664     0     0 W [1:health@2.0-serv: 2884] healthd: battery l=100 v=4303 t=27.4 h=2 st=5 c=-4 fc=0 chg=u
04-11 03:58:19.751  6108  6593 E AudioSystem-JNI: AudioSystem::listAudioPorts error -19
04-11 03:58:19.751  6108  6593 W AudioManager: updateAudioPortCache: listAudioPorts failed
04-11 03:58:19.852  6108  6593 E AudioSystem-JNI: AudioSystem::listAudioPorts error -19
04-11 03:58:19.852  6108  6593 W AudioManager: updateAudioPortCache: listAudioPorts failed
04-11 03:58:19.953  6108  6593 E AudioSystem-JNI: AudioSystem::listAudioPorts error -19
04-11 03:58:19.953  6108  6593 W AudioManager: updateAudioPortCache: listAudioPorts failed
04-11 03:58:20.052  6108  6593 E AudioSystem-JNI: AudioSystem::listAudioPorts error -19
04-11 03:58:20.052  6108  6593 W AudioManager: updateAudioPortCache: listAudioPorts failed
04-11 03:58:20.075  6488  6488 W HidlServiceManagement: Waited one second for android.hardware.radio@1.4::IRadio/slot1
04-11 03:58:20.075  2759  2759 I hwservicemanager: Since android.hardware.radio@1.4::IRadio/slot1 is not registered, trying to start it as a lazy HAL.
04-11 03:58:20.075  6488  6488 I HidlServiceManagement: getService: Trying again for android.hardware.radio@1.4::IRadio/slot1...
04-11 03:58:20.076  2759  7476 W libc    : Unable to set property "ctl.interface_start" to "android.hardware.radio@1.4::IRadio/slot1": error code: 0x20
04-11 03:58:20.078     0     0 E [1:           init:    1] init: Control message: Could not find 'android.hardware.radio@1.4::IRadio/slot1' for ctl.interface_start from pid: 2759 (/system/bin/hwservicemanager)
04-11 03:58:20.121     0     0 I         : [0:    kworker/0:2: 1598] [sec_input] PWR key is pressed
04-11 03:58:20.153  6108  6593 E AudioSystem-JNI: AudioSystem::listAudioPorts error -19
04-11 03:58:20.153  6108  6593 W AudioManager: updateAudioPortCache: listAudioPorts failed
04-11 03:58:20.253  6108  6593 E AudioSystem-JNI: AudioSystem::listAudioPorts error -19
04-11 03:58:20.254  6108  6593 W AudioManager: updateAudioPortCache: listAudioPorts failed
04-11 03:58:20.280  6108  6180 D WindowManager: powerPress: eventTime=214460 interactive=true count=1 beganFromNonInteractive=false mShortPressOnPowerBehavior=1
04-11 03:58:20.280  6108  6180 I PowerManagerService: Going to sleep due to power_button (uid 1000)...
04-11 03:58:20.283  6108  6108 I ActivityManager: PendingStartActivityUids startActivity to updateOomAdj delay:5142ms, uid:1000
04-11 03:58:20.281     0     0 I         : [0:    kworker/0:2: 1598] [sec_input] PWR key is released
04-11 03:58:20.285  6260  6280 D KeyguardViewMediator: onStartedGoingToSleep(2)
04-11 03:58:20.297  6108  6142 D mali_winsys: EGLint new_window_surface(egl_winsys_display *, void *, EGLSurface, EGLConfig, egl_winsys_surface **, EGLBoolean) returns 0x3000,  [720x1280]-format:1
04-11 03:58:20.299  6260  6280 D KeyguardViewMediator: notifyStartedGoingToSleep
04-11 03:58:20.302  6260  6611 E AudioSystem: no strategy found for attributes { Content type: AUDIO_CONTENT_TYPE_SONIFICATION Usage: AUDIO_USAGE_ASSISTANCE_SONIFICATION Source: AUDIO_SOURCE_DEFAULT Flags: 0x800 Tags:  }
04-11 03:58:20.303  6108  7245 V FaceService: mDaemon was null, reconnect to face
04-11 03:58:20.303  2759  2759 I hwservicemanager: getTransport: Cannot find entry android.hardware.biometrics.face@1.0::IBiometricsFace/default in either framework or device manifest.
04-11 03:58:20.304  6108  7245 W FaceService: face HIDL not available
04-11 03:58:20.305  6052  6052 E AudioFlinger: createTrack() getOutputForAttr() return error -19 or invalid output handle
04-11 03:58:20.305  6260  6611 E IAudioFlinger: createTrack returned error -19
04-11 03:58:20.305  6260  6611 E AudioTrack: createTrack_l(0): AudioFlinger could not create track, status: -19 output 0
04-11 03:58:20.305  6260  6611 E SoundPool::Stream: play_l: error creating AudioTrack
04-11 03:58:20.305  6260  6611 D AudioTrack: gather(): no metrics gathered, track status=-19
04-11 03:58:20.308  6108  7245 V FingerprintService: mDaemon was null, reconnect to fingerprint
04-11 03:58:20.309  6108  7245 I android_os_HwBinder: HwBinder: Starting thread pool for getting: android.hardware.biometrics.fingerprint@2.1::IBiometricsFingerprint/default
04-11 03:58:20.310  6108  7245 V FingerprintService: Fingerprint HAL id: 517017974608
04-11 03:58:20.311  6108  7245 E FingerprintService: First SDK version 0 is invalid; must be at least VERSION_CODES.BASE
04-11 03:58:20.312  6868  6868 F libc    : Fatal signal 11 (SIGSEGV), code 1 (SEGV_MAPERR), fault addr 0x0 in tid 6868 (fingerprint@2.1), pid 6868 (fingerprint@2.1)
04-11 03:58:20.315  6108  6142 E ColorFade: Could not compile shader 2, 35632:
04-11 03:58:20.315  6108  6142 E ColorFade: #extension GL_OES_EGL_image_external : require
04-11 03:58:20.315  6108  6142 E ColorFade:
04-11 03:58:20.315  6108  6142 E ColorFade: precision mediump float;
04-11 03:58:20.315  6108  6142 E ColorFade: uniform samplerExternalOES texUnit;
04-11 03:58:20.315  6108  6142 E ColorFade: uniform float opacity;
04-11 03:58:20.315  6108  6142 E ColorFade: varying vec2 UV;
04-11 03:58:20.315  6108  6142 E ColorFade:
04-11 03:58:20.315  6108  6142 E ColorFade: vec3 srgbTransfer(vec3 c) {
04-11 03:58:20.315  6108  6142 E ColorFade:     vec3 gamma = 1.055 * pow(c, vec3(1.0/2.4)) - 0.055;
04-11 03:58:20.315  6108  6142 E ColorFade:     vec3 linear = 12.92 * c;
04-11 03:58:20.315  6108  6142 E ColorFade:     bvec3 selectParts = lessThan(c, vec3(0.0031308));
04-11 03:58:20.315  6108  6142 E ColorFade:     return mix(gamma, linear, selectParts);
04-11 03:58:20.315  6108  6142 E ColorFade: }
04-11 03:58:20.315  6108  6142 E ColorFade:
04-11 03:58:20.315  6108  6142 E ColorFade: vec3 srgbTransferInv(vec3 c) {
04-11 03:58:20.315  6108  6142 E ColorFade:     vec3 gamma = pow((c + 0.055)/1.055, vec3(2.4));
04-11 03:58:20.315  6108  6142 E ColorFade:     vec3 linear = c / 12.92;
04-11 03:58:20.315  6108  6142 E ColorFade:     bvec3 selectParts = lessThan(c, vec3(0.04045));
04-11 03:58:20.315  6108  6142 E ColorFade:     return mix(gamma, linear, selectParts);
04-11 03:58:20.315  6108  6142 E ColorFade: }
04-11 03:58:20.315  6108  6142 E ColorFade:
04-11 03:58:20.315  6108  6142 E ColorFade: void main() {
04-11 03:58:20.315  6108  6142 E ColorFade:     vec3 inRgb = srgbTransferInv(texture2D(texUnit, UV).rgb);
04-11 03:58:20.315  6108  6142 E ColorFade:     vec3 fade = inRgb * opacity * opacity;
04-11 03:58:20.315  6108  6142 E ColorFade:     vec3 outRgb = srgbTransfer(fade);
04-11 03:58:20.315  6108  6142 E ColorFade:
04-11 03:58:20.315  6108  6142 E ColorFade:     gl_FragColor = vec4(outRgb, 1.0);
04-11 03:58:20.315  6108  6142 E ColorFade: }
04-11 03:58:20.315  6108  6142 E ColorFade: 0:12: S0001: No matching overload for function 'mix' found
04-11 03:58:20.318  6108  6142 I DreamManagerService: Entering dreamland.
04-11 03:58:20.319     0     0 I         : [0:light@2.0-servi: 2885] lcd panel: elvss: 1915410c
04-11 03:58:20.319     0     0 I         : [0:light@2.0-servi: 2885] lcd panel: brightness: 0, bl: 0, nit: 2, lx: -1
04-11 03:58:20.320  6108  6142 I PowerManagerService: Dozing...
04-11 03:58:20.320  6108  6125 I DreamController: Starting dream: name=ComponentInfo{com.android.systemui/com.android.systemui.doze.DozeService}, isTest=false, canDoze=true, userId=0
04-11 03:58:20.323  6108  6125 D AutofillManagerService: Close system dialogs
04-11 03:58:20.329  7494  7494 I crash_dump64: obtaining output fd from tombstoned, type: kDebuggerdTombstone
04-11 03:58:20.329  2867  2867 I tombstoned: received crash request for pid 6868
04-11 03:58:20.330  7494  7494 I crash_dump64: performing dump of process 6868 (target tid = 6868)
04-11 03:58:20.331  7494  7494 F DEBUG   : *** *** *** *** *** *** *** *** *** *** *** *** *** *** *** ***
04-11 03:58:20.332  7494  7494 F DEBUG   : Havoc-OS Version: '4.15'
04-11 03:58:20.332  7494  7494 F DEBUG   : Build fingerprint: 'samsung/havoc_a3y17lte/a3y17lte:11/RQ3A.211001.001/1649641153:eng/release-keys'
04-11 03:58:20.332  7494  7494 F DEBUG   : Revision: '0'
04-11 03:58:20.332  7494  7494 F DEBUG   : ABI: 'arm64'
04-11 03:58:20.333  7494  7494 F DEBUG   : Timestamp: 2022-04-11 03:58:20+0000
04-11 03:58:20.333  7494  7494 F DEBUG   : pid: 6868, tid: 6868, name: fingerprint@2.1  >>> /vendor/bin/hw/android.hardware.biometrics.fingerprint@2.1-service.samsung <<<
04-11 03:58:20.333  7494  7494 F DEBUG   : uid: 1000
04-11 03:58:20.333  7494  7494 F DEBUG   : signal 11 (SIGSEGV), code 1 (SEGV_MAPERR), fault addr 0x0
04-11 03:58:20.333  7494  7494 F DEBUG   : Cause: null pointer dereference
04-11 03:58:20.333  7494  7494 F DEBUG   :     x0  0000000000000000  x1  00000077509990b8  x2  0000000000000002  x3  0000000000000000
04-11 03:58:20.333  7494  7494 F DEBUG   :     x4  00000077509990b8  x5  0000000000000000  x6  0000007feaa552a0  x7  fefefefeff736d68
04-11 03:58:20.333  7494  7494 F DEBUG   :     x8  0000000000000030  x9  5784fe5b2d158e68  x10 0000000010000000  x11 0000000000000000
04-11 03:58:20.333  7494  7494 F DEBUG   :     x12 0000007750999070  x13 0000007750999000  x14 0000000070742a85  x15 0000007750999098
04-11 03:58:20.333  7494  7494 F DEBUG   :     x16 00000079e250c6c0  x17 00000079e0e53e58  x18 00000079e19a2000  x19 0000007feaa55300
04-11 03:58:20.333  7494  7494 F DEBUG   :     x20 00000077509990a8  x21 0000000000000000  x22 0000000000000000  x23 00000079e10f6000
04-11 03:58:20.333  7494  7494 F DEBUG   :     x24 00000079e10f6000  x25 0000000000000000  x26 0000000000000000  x27 0000007feaa55870
04-11 03:58:20.334  7494  7494 F DEBUG   :     x28 0000000000000000  x29 0000007feaa552b0
04-11 03:58:20.334  7494  7494 F DEBUG   :     lr  00000079e2509be4  sp  0000007feaa552a0  pc  0000000000000000  pst 0000000000000000
04-11 03:58:20.339  6108  6210 W HidlServiceManagement: Waited one second for android.hardware.usb.gadget@1.0::IUsbGadget/default
04-11 03:58:20.339  2759  2759 I hwservicemanager: Since android.hardware.usb.gadget@1.0::IUsbGadget/default is not registered, trying to start it as a lazy HAL.
04-11 03:58:20.339  6108  6210 I HidlServiceManagement: getService: Trying again for android.hardware.usb.gadget@1.0::IUsbGadget/default...
04-11 03:58:20.341  2759  7497 W libc    : Unable to set property "ctl.interface_start" to "android.hardware.usb.gadget@1.0::IUsbGadget/default": error code: 0x20
04-11 03:58:20.343  7494  7494 F DEBUG   : backtrace:
04-11 03:58:20.343  7494  7494 F DEBUG   :       #00 pc 0000000000000000  <unknown>
04-11 03:58:20.343  7494  7494 F DEBUG   :       #01 pc 0000000000004be0  /system/vendor/bin/hw/android.hardware.biometrics.fingerprint@2.1-service.samsung (android::hardware::biometrics::fingerprint::V2_1::implementation::BiometricsFingerprint::setActiveGroup(unsigned int, android::hardware::hidl_string const&)+120) (BuildId: b2d8816c9d208186d7dffabff884a84a)
04-11 03:58:20.343  7494  7494 F DEBUG   :       #02 pc 00000000000188cc  /system/lib64/android.hardware.biometrics.fingerprint@2.1.so (android::hardware::biometrics::fingerprint::V2_1::BnHwBiometricsFingerprint::_hidl_setActiveGroup(android::hidl::base::V1_0::BnHwBase*, android::hardware::Parcel const&, android::hardware::Parcel*, std::__1::function<void (android::hardware::Parcel&)>)+244) (BuildId: 66211348c64b3800a4f740cbed481241)
04-11 03:58:20.343  7494  7494 F DEBUG   :       #03 pc 000000000001941c  /system/lib64/android.hardware.biometrics.fingerprint@2.1.so (android::hardware::biometrics::fingerprint::V2_1::BnHwBiometricsFingerprint::onTransact(unsigned int, android::hardware::Parcel const&, android::hardware::Parcel*, unsigned int, std::__1::function<void (android::hardware::Parcel&)>)+1236) (BuildId: 66211348c64b3800a4f740cbed481241)
04-11 03:58:20.344  7494  7494 F DEBUG   :       #04 pc 0000000000094898  /system/lib64/libhidlbase.so (android::hardware::BHwBinder::transact(unsigned int, android::hardware::Parcel const&, android::hardware::Parcel*, unsigned int, std::__1::function<void (android::hardware::Parcel&)>)+72) (BuildId: b21fc06b5e0338f1e71411bd947b9252)
04-11 03:58:20.344  7494  7494 F DEBUG   :       #05 pc 000000000009894c  /system/lib64/libhidlbase.so (android::hardware::IPCThreadState::getAndExecuteCommand()+1076) (BuildId: b21fc06b5e0338f1e71411bd947b9252)
04-11 03:58:20.344  7494  7494 F DEBUG   :       #06 pc 0000000000099ba8  /system/lib64/libhidlbase.so (android::hardware::IPCThreadState::joinThreadPool(bool)+96) (BuildId: b21fc06b5e0338f1e71411bd947b9252)
04-11 03:58:20.344  7494  7494 F DEBUG   :       #07 pc 0000000000005c58  /system/vendor/bin/hw/android.hardware.biometrics.fingerprint@2.1-service.samsung (main+304) (BuildId: b2d8816c9d208186d7dffabff884a84a)
04-11 03:58:20.344  7494  7494 F DEBUG   :       #08 pc 0000000000049a34  /apex/com.android.runtime/lib64/bionic/libc.so (__libc_init+108) (BuildId: 1e3cd92e7917e47dea90b202e498fb1a)
04-11 03:58:20.343     0     0 E [1:           init:    1] init: Control message: Could not find 'android.hardware.usb.gadget@1.0::IUsbGadget/default' for ctl.interface_start from pid: 2759 (/system/bin/hwservicemanager)
04-11 03:58:20.354  6108  6593 E AudioSystem-JNI: AudioSystem::listAudioPorts error -19
04-11 03:58:20.354  6108  6593 W AudioManager: updateAudioPortCache: listAudioPorts failed
04-11 03:58:20.362     0     0 D [1:    logd.reader: 2762] logd: logdr: UID=1000 GID=1000 PID=7494 n tail=50 logMask=8 pid=6868 start=0ns timeout=0ns
04-11 03:58:20.366     0     0 D [1:    logd.reader: 2762] logd: logdr: UID=1000 GID=1000 PID=7494 n tail=50 logMask=1 pid=6868 start=0ns timeout=0ns
04-11 03:58:20.374     0     0 D [0:    logd.reader: 2762] logd: logdr: UID=1000 GID=1000 PID=7494 n tail=0 logMask=8 pid=6868 start=0ns timeout=0ns
04-11 03:58:20.378     0     0 D [0:    logd.reader: 2762] logd: logdr: UID=1000 GID=1000 PID=7494 n tail=0 logMask=1 pid=6868 start=0ns timeout=0ns
04-11 03:58:20.380  6108  6325 I system_server: Starting a blocking GC Alloc
04-11 03:58:20.380  6108  6325 I system_server: Starting a blocking GC Alloc
04-11 03:58:20.388  6108  6133 I system_server: Waiting for a blocking GC Alloc
04-11 03:58:20.436  6108  6325 I system_server: Alloc young concurrent copying GC freed 36493(2136KB) AllocSpace objects, 0(0B) LOS objects, 38% free, 9175KB/14MB, paused 138us total 55.096ms
04-11 03:58:20.436  6108  6133 I system_server: WaitForGcToComplete blocked Alloc on ObjectsAllocated for 47.717ms
04-11 03:58:20.436  6108  6133 I system_server: Starting a blocking GC Alloc
04-11 03:58:20.436  6108  6325 W NativeCrashListener: Couldn't find ProcessRecord for pid 6868
04-11 03:58:20.436  2867  2867 E tombstoned: Tombstone written to: /data/tombstones/tombstone_24
04-11 03:58:20.419  6868  6868 W fingerprint@2.1: type=1701 audit(0.0:519): auid=4294967295 uid=1000 gid=1000 ses=4294967295 subj=u:r:hal_fingerprint_default:s0 exe="/system/vendor/bin/hw/android.hardware.biometrics.fingerprint@2.1-service.samsung" sig=11
04-11 03:58:20.441     0     0 I [1:           init:    1] init: Untracked pid 7494 exited with status 0
04-11 03:58:20.441     0     0 I [1:           init:    1] init: Service 'vendor.fps_hal' (pid 6868) received signal 11
04-11 03:58:20.442     0     0 I [1:           init:    1] init: Sending signal 9 to service 'vendor.fps_hal' (pid 6868) process group...
04-11 03:58:20.447     0     0 I [1:           init:    1] libprocessgroup: Successfully killed process cgroup uid 1000 pid 6868 in 5ms
04-11 03:58:20.448     0     0 I [0:           init:    1] init: Untracked pid 7496 exited with status 0
04-11 03:58:20.448     0     0 I [0:           init:    1] init: starting service 'vendor.fps_hal'...
04-11 03:58:20.451     0     0 I [2:  kworker/u16:2: 1493] binder: release 6868:6868 transaction 140350 in, still active
04-11 03:58:20.451     0     0 I [2:  kworker/u16:2: 1493] binder: send failed reply for transaction 140350 to 6108:7245
04-11 03:58:20.449  6108  6549 E FingerprintService: HAL died
04-11 03:58:20.450  6108  7245 E FingerprintService: Failed to setActiveGroup():
04-11 03:58:20.450  6108  7245 E FingerprintService: android.os.RemoteException: HwBinder Error: (-32)
04-11 03:58:20.450  6108  7245 E FingerprintService:    at android.os.HwRemoteBinder.transact(Native Method)
04-11 03:58:20.450  6108  7245 E FingerprintService:    at android.hardware.biometrics.fingerprint.V2_1.IBiometricsFingerprint$Proxy.setActiveGroup(IBiometricsFingerprint.java:532)
04-11 03:58:20.450  6108  7245 E FingerprintService:    at com.android.server.biometrics.fingerprint.FingerprintService.updateActiveGroup(FingerprintService.java:1035)
04-11 03:58:20.450  6108  7245 E FingerprintService:    at com.android.server.biometrics.BiometricServiceBase.loadAuthenticatorIds(BiometricServiceBase.java:1226)
04-11 03:58:20.450  6108  7245 E FingerprintService:    at com.android.server.biometrics.fingerprint.FingerprintService.getFingerprintDaemon(FingerprintService.java:1163)
04-11 03:58:20.450  6108  7245 E FingerprintService:    at com.android.server.biometrics.fingerprint.FingerprintService.access$5400(FingerprintService.java:102)
04-11 03:58:20.450  6108  7245 E FingerprintService:    at com.android.server.biometrics.fingerprint.FingerprintService$FingerprintServiceWrapper.isHardwareDetected(FingerprintService.java:452)
04-11 03:58:20.450  6108  7245 E FingerprintService:    at android.hardware.fingerprint.IFingerprintService$Stub.onTransact(IFingerprintService.java:501)
04-11 03:58:20.450  6108  7245 E FingerprintService:    at android.os.Binder.execTransactInternal(Binder.java:1154)
04-11 03:58:20.450  6108  7245 E FingerprintService:    at android.os.Binder.execTransact(Binder.java:1123)
04-11 03:58:20.450  6108  7245 E FingerprintService: First SDK version 0 is invalid; must be at least VERSION_CODES.BASE
04-11 03:58:20.450  6108  7245 E FingerprintService: Failed to setActiveGroup():
04-11 03:58:20.450  6108  7245 E FingerprintService: android.os.RemoteException: HwBinder Error: (-32)
04-11 03:58:20.450  6108  7245 E FingerprintService:    at android.os.HwRemoteBinder.transact(Native Method)
04-11 03:58:20.450  6108  7245 E FingerprintService:    at android.hardware.biometrics.fingerprint.V2_1.IBiometricsFingerprint$Proxy.setActiveGroup(IBiometricsFingerprint.java:532)
04-11 03:58:20.450  6108  7245 E FingerprintService:    at com.android.server.biometrics.fingerprint.FingerprintService.updateActiveGroup(FingerprintService.java:1035)
04-11 03:58:20.450  6108  7245 E FingerprintService:    at com.android.server.biometrics.fingerprint.FingerprintService.getFingerprintDaemon(FingerprintService.java:1164)
04-11 03:58:20.450  6108  7245 E FingerprintService:    at com.android.server.biometrics.fingerprint.FingerprintService.access$5400(FingerprintService.java:102)
04-11 03:58:20.450  6108  7245 E FingerprintService:    at com.android.server.biometrics.fingerprint.FingerprintService$FingerprintServiceWrapper.isHardwareDetected(FingerprintService.java:452)
04-11 03:58:20.450  6108  7245 E FingerprintService:    at android.hardware.fingerprint.IFingerprintService$Stub.onTransact(IFingerprintService.java:501)
04-11 03:58:20.450  6108  7245 E FingerprintService:    at android.os.Binder.execTransactInternal(Binder.java:1154)
04-11 03:58:20.450  6108  7245 E FingerprintService:    at android.os.Binder.execTransact(Binder.java:1123)
04-11 03:58:20.451  6108  7245 V FingerprintService: Enumerating user(0)
04-11 03:58:20.451  6108  6108 E FingerprintService: Sending BIOMETRIC_ERROR_HW_UNAVAILABLE after HAL crash
04-11 03:58:20.451  6108  6108 V FingerprintService: handleError(client=null, error = 1)
04-11 03:58:20.451  6108  6108 V FingerprintService: starting client EnumerateClient(android) targetUserId: 0 currentUserId: -10000 cookie: 0/0
04-11 03:58:20.451  6108  6108 V FingerprintService: mDaemon was null, reconnect to fingerprint
04-11 03:58:20.452  6260  6260 D KeyguardViewMediator: handleNotifyStartedGoingToSleep
04-11 03:58:20.454  6260  6260 V ShadeControllerImpl: NotificationShadeWindow: com.android.systemui.statusbar.phone.NotificationShadeWindowView{31ea9ec I.E...... ......ID 0,0-720,1280} canPanelBeCollapsed(): false
04-11 03:58:20.455  6108  6593 E AudioSystem-JNI: AudioSystem::listAudioPorts error -19
04-11 03:58:20.455  6108  6593 W AudioManager: updateAudioPortCache: listAudioPorts failed
04-11 03:58:20.458  2759  2759 I hwservicemanager: Since android.hardware.biometrics.fingerprint@2.1::IBiometricsFingerprint/default is not registered, trying to start it as a lazy HAL.
04-11 03:58:20.459  6108  6108 W FingerprintService: fingerprint HIDL not available
04-11 03:58:20.459  6108  6108 W FingerprintService: enumerate(): no fingerprint HAL!
04-11 03:58:20.459  6108  6108 W FingerprintService: start enumerate for user 0 failed, result=3
04-11 03:58:20.459  6108  6108 V BiometricStats: Error latency: -1
04-11 03:58:20.460  6108  6108 W BiometricStats: found a negative latency : -1
04-11 03:58:20.460  2759  7504 W libc    : Unable to set property "ctl.interface_start" to "android.hardware.biometrics.fingerprint@2.1::IBiometricsFingerprint/default": error code: 0x20
04-11 03:58:20.460  6108  6108 V BiometricStats: Error latency: -1
04-11 03:58:20.460  6108  6108 W BiometricStats: found a negative latency : -1
04-11 03:58:20.460  6108  6108 V FingerprintService: Done with client: android
04-11 03:58:20.464  7503  7503 E android.hardware.biometrics.fingerprint@2.1-service.samsung: Can't open HAL module
04-11 03:58:20.466  7503  7503 I HidlServiceManagement: Registered android.hardware.biometrics.fingerprint@2.1::IBiometricsFingerprint/default
04-11 03:58:20.466  7503  7503 I HidlServiceManagement: Removing namespace from process name android.hardware.biometrics.fingerprint@2.1-service.samsung to fingerprint@2.1-service.samsung.
04-11 03:58:20.467  7503  7503 I android.hardware.biometrics.fingerprint@2.1-service.samsung: Fingerprint HAL service is Ready.
04-11 03:58:20.468  2997  2997 W HidlServiceManagement: Waited one second for android.hardware.usb.gadget@1.0::IUsbGadget/default
04-11 03:58:20.462     0     0 E [0:           init:    1] init: Control message: Could not find 'android.hardware.biometrics.fingerprint@2.1::IBiometricsFingerprint/default' for ctl.interface_start from pid: 2759 (/system/bin/hwservicemanager)
04-11 03:58:20.469  2759  2759 I hwservicemanager: Since android.hardware.usb.gadget@1.0::IUsbGadget/default is not registered, trying to start it as a lazy HAL.
04-11 03:58:20.469  2997  2997 I HidlServiceManagement: getService: Trying again for android.hardware.usb.gadget@1.0::IUsbGadget/default...
04-11 03:58:20.470  2759  7505 W libc    : Unable to set property "ctl.interface_start" to "android.hardware.usb.gadget@1.0::IUsbGadget/default": error code: 0x20
04-11 03:58:20.472     0     0 E [2:           init:    1] init: Control message: Could not find 'android.hardware.usb.gadget@1.0::IUsbGadget/default' for ctl.interface_start from pid: 2759 (/system/bin/hwservicemanager)
04-11 03:58:20.508  6108  7245 I DreamManagerService: Leaving dreamland.
04-11 03:58:20.508  6108  6125 I DreamManagerService: Performing gentle wake from dream.
04-11 03:58:20.508  6108  6125 I DreamController: Stopping dream: name=ComponentInfo{com.android.systemui/com.android.systemui.doze.DozeService}, isTest=false, canDoze=true, userId=0, reason='finished self'
04-11 03:58:20.510  6108  6142 I PowerManagerService: Sleeping (uid 1000)...
04-11 03:58:20.511  6108  7245 V FingerprintService: mDaemon was null, reconnect to fingerprint
04-11 03:58:20.512  6108  7245 I android_os_HwBinder: HwBinder: Starting thread pool for getting: android.hardware.biometrics.fingerprint@2.1::IBiometricsFingerprint/default
04-11 03:58:20.513  6108  7245 V FingerprintService: Fingerprint HAL id: 511861376720
04-11 03:58:20.513  6108  7245 E FingerprintService: First SDK version 0 is invalid; must be at least VERSION_CODES.BASE
04-11 03:58:20.513  7503  7503 F libc    : Fatal signal 11 (SIGSEGV), code 1 (SEGV_MAPERR), fault addr 0x0 in tid 7503 (fingerprint@2.1), pid 7503 (fingerprint@2.1)
04-11 03:58:20.514  2891  2923 D Sensors : activate handle 1, index 0
04-11 03:58:20.514  2891  2923 I Sensors : AccSensor old sensor_state 2, new sensor_state : 0 en : 0
04-11 03:58:20.516     0     0 I         : [1:HwBinder:2891_1: 2923] [SSP]   set_sensors_enable( 266): new_enable = 0, old_enable = 2
04-11 03:58:20.516     0     0 I         : [1:HwBinder:2891_1: 2923] [SSP]    ssp_remove_sensor( 168): remove sensor = 2, current state = 0
04-11 03:58:20.516     0     0 I         : [1:HwBinder:2891_1: 2923] [SSP]     send_instruction( 358): Inst = 0xa2, Sensor Type = 0x1, data = 66
04-11 03:58:20.521  2891  2923 D Sensors : mSensors[0]->enable err 0
04-11 03:58:20.522  6260  6280 D KeyguardViewMediator: onFinishedGoingToSleep(2)
04-11 03:58:20.522  6260  6280 D KeyguardViewMediator: notifyFinishedGoingToSleep
04-11 03:58:20.523  6260  6280 D KeyguardViewMediator: doKeyguard: not showing because device isn't provisioned and the sim is not locked or missing
04-11 03:58:20.530     0     0 W [0:    kworker/0:2: 1598] wmitlv_check_and_pad_tlvs: WARN: TLV array of structures needs padding. tlv_size_diff=256
04-11 03:58:20.530  7508  7508 I crash_dump64: obtaining output fd from tombstoned, type: kDebuggerdTombstone
04-11 03:58:20.530  2867  2867 I tombstoned: received crash request for pid 7503
04-11 03:58:20.531  7508  7508 I crash_dump64: performing dump of process 7503 (target tid = 7503)
04-11 03:58:20.532  7508  7508 F DEBUG   : *** *** *** *** *** *** *** *** *** *** *** *** *** *** *** ***
04-11 03:58:20.532  7508  7508 F DEBUG   : Havoc-OS Version: '4.15'
04-11 03:58:20.533  7508  7508 F DEBUG   : Build fingerprint: 'samsung/havoc_a3y17lte/a3y17lte:11/RQ3A.211001.001/1649641153:eng/release-keys'
04-11 03:58:20.533  7508  7508 F DEBUG   : Revision: '0'
04-11 03:58:20.533  7508  7508 F DEBUG   : ABI: 'arm64'
04-11 03:58:20.533  7508  7508 F DEBUG   : Timestamp: 2022-04-11 03:58:20+0000
04-11 03:58:20.533  7508  7508 F DEBUG   : pid: 7503, tid: 7503, name: fingerprint@2.1  >>> /vendor/bin/hw/android.hardware.biometrics.fingerprint@2.1-service.samsung <<<
04-11 03:58:20.533  7508  7508 F DEBUG   : uid: 1000
04-11 03:58:20.533  7508  7508 F DEBUG   : signal 11 (SIGSEGV), code 1 (SEGV_MAPERR), fault addr 0x0
04-11 03:58:20.533  7508  7508 F DEBUG   : Cause: null pointer dereference
04-11 03:58:20.533  7508  7508 F DEBUG   :     x0  0000000000000000  x1  000000761d3e50b8  x2  0000000000000002  x3  0000000000000000
04-11 03:58:20.533  7508  7508 F DEBUG   :     x4  000000761d3e50b8  x5  0000000000000000  x6  0000007ff09cf8e0  x7  fefefefeff736d68
04-11 03:58:20.533  7508  7508 F DEBUG   :     x8  0000000000000030  x9  7f7f231336f92f99  x10 0000000010000000  x11 0000000000000000
04-11 03:58:20.534  7508  7508 F DEBUG   :     x12 000000761d3e5070  x13 000000761d3e5000  x14 0000000070742a85  x15 000000761d3e5098
04-11 03:58:20.534  7508  7508 F DEBUG   :     x16 00000078aef426c0  x17 00000078ada12e58  x18 00000078ae8cc000  x19 0000007ff09cf940
04-11 03:58:20.534  7508  7508 F DEBUG   :     x20 000000761d3e50a8  x21 0000000000000000  x22 0000000000000000  x23 00000078adb2c000
04-11 03:58:20.534  7508  7508 F DEBUG   :     x24 00000078adb2c000  x25 0000000000000000  x26 0000000000000000  x27 0000007ff09cfeb0
04-11 03:58:20.534  7508  7508 F DEBUG   :     x28 0000000000000000  x29 0000007ff09cf8f0
04-11 03:58:20.534  7508  7508 F DEBUG   :     lr  00000078aef3fbe4  sp  0000007ff09cf8e0  pc  0000000000000000  pst 0000000000000000
04-11 03:58:20.536  6108  6108 D NetworkSecurityConfig: No Network Security Config specified, using platform default
04-11 03:58:20.543  7508  7508 F DEBUG   : backtrace:
04-11 03:58:20.543  7508  7508 F DEBUG   :       #00 pc 0000000000000000  <unknown>
04-11 03:58:20.543  7508  7508 F DEBUG   :       #01 pc 0000000000004be0  /system/vendor/bin/hw/android.hardware.biometrics.fingerprint@2.1-service.samsung (android::hardware::biometrics::fingerprint::V2_1::implementation::BiometricsFingerprint::setActiveGroup(unsigned int, android::hardware::hidl_string const&)+120) (BuildId: b2d8816c9d208186d7dffabff884a84a)
04-11 03:58:20.543  7508  7508 F DEBUG   :       #02 pc 00000000000188cc  /system/lib64/android.hardware.biometrics.fingerprint@2.1.so (android::hardware::biometrics::fingerprint::V2_1::BnHwBiometricsFingerprint::_hidl_setActiveGroup(android::hidl::base::V1_0::BnHwBase*, android::hardware::Parcel const&, android::hardware::Parcel*, std::__1::function<void (android::hardware::Parcel&)>)+244) (BuildId: 66211348c64b3800a4f740cbed481241)
04-11 03:58:20.543  7508  7508 F DEBUG   :       #03 pc 000000000001941c  /system/lib64/android.hardware.biometrics.fingerprint@2.1.so (android::hardware::biometrics::fingerprint::V2_1::BnHwBiometricsFingerprint::onTransact(unsigned int, android::hardware::Parcel const&, android::hardware::Parcel*, unsigned int, std::__1::function<void (android::hardware::Parcel&)>)+1236) (BuildId: 66211348c64b3800a4f740cbed481241)
04-11 03:58:20.543  7508  7508 F DEBUG   :       #04 pc 0000000000094898  /system/lib64/libhidlbase.so (android::hardware::BHwBinder::transact(unsigned int, android::hardware::Parcel const&, android::hardware::Parcel*, unsigned int, std::__1::function<void (android::hardware::Parcel&)>)+72) (BuildId: b21fc06b5e0338f1e71411bd947b9252)
04-11 03:58:20.543  7508  7508 F DEBUG   :       #05 pc 000000000009894c  /system/lib64/libhidlbase.so (android::hardware::IPCThreadState::getAndExecuteCommand()+1076) (BuildId: b21fc06b5e0338f1e71411bd947b9252)
04-11 03:58:20.543  7508  7508 F DEBUG   :       #06 pc 0000000000099ba8  /system/lib64/libhidlbase.so (android::hardware::IPCThreadState::joinThreadPool(bool)+96) (BuildId: b21fc06b5e0338f1e71411bd947b9252)
04-11 03:58:20.543  7508  7508 F DEBUG   :       #07 pc 0000000000005c58  /system/vendor/bin/hw/android.hardware.biometrics.fingerprint@2.1-service.samsung (main+304) (BuildId: b2d8816c9d208186d7dffabff884a84a)
04-11 03:58:20.543  7508  7508 F DEBUG   :       #08 pc 0000000000049a34  /apex/com.android.runtime/lib64/bionic/libc.so (__libc_init+108) (BuildId: 1e3cd92e7917e47dea90b202e498fb1a)
04-11 03:58:20.555  6108  6593 E AudioSystem-JNI: AudioSystem::listAudioPorts error -19
04-11 03:58:20.555  6108  6593 W AudioManager: updateAudioPortCache: listAudioPorts failed
04-11 03:58:20.562     0     0 D [3:    logd.reader: 2762] logd: logdr: UID=1000 GID=1000 PID=7508 n tail=50 logMask=8 pid=7503 start=0ns timeout=0ns
04-11 03:58:20.566     0     0 D [3:    logd.reader: 2762] logd: logdr: UID=1000 GID=1000 PID=7508 n tail=50 logMask=1 pid=7503 start=0ns timeout=0ns
04-11 03:58:20.575     0     0 D [0:    logd.reader: 2762] logd: logdr: UID=1000 GID=1000 PID=7508 n tail=0 logMask=8 pid=7503 start=0ns timeout=0ns
04-11 03:58:20.579     0     0 D [0:    logd.reader: 2762] logd: logdr: UID=1000 GID=1000 PID=7508 n tail=0 logMask=1 pid=7503 start=0ns timeout=0ns
04-11 03:58:20.581  6108  6325 W NativeCrashListener: Couldn't find ProcessRecord for pid 7503
04-11 03:58:20.582  2867  2867 E tombstoned: Tombstone written to: /data/tombstones/tombstone_25
04-11 03:58:20.569  7503  7503 W fingerprint@2.1: type=1701 audit(0.0:520): auid=4294967295 uid=1000 gid=1000 ses=4294967295 subj=u:r:hal_fingerprint_default:s0 exe="/system/vendor/bin/hw/android.hardware.biometrics.fingerprint@2.1-service.samsung" sig=11
04-11 03:58:20.583  6108  6466 E FingerprintService: HAL died
04-11 03:58:20.584  6108  7245 E FingerprintService: Failed to setActiveGroup():
04-11 03:58:20.584  6108  7245 E FingerprintService: android.os.RemoteException: HwBinder Error: (-32)
04-11 03:58:20.584  6108  7245 E FingerprintService:    at android.os.HwRemoteBinder.transact(Native Method)
04-11 03:58:20.584  6108  7245 E FingerprintService:    at android.hardware.biometrics.fingerprint.V2_1.IBiometricsFingerprint$Proxy.setActiveGroup(IBiometricsFingerprint.java:532)
04-11 03:58:20.584  6108  7245 E FingerprintService:    at com.android.server.biometrics.fingerprint.FingerprintService.updateActiveGroup(FingerprintService.java:1035)
04-11 03:58:20.584  6108  7245 E FingerprintService:    at com.android.server.biometrics.BiometricServiceBase.loadAuthenticatorIds(BiometricServiceBase.java:1226)
04-11 03:58:20.584  6108  7245 E FingerprintService:    at com.android.server.biometrics.fingerprint.FingerprintService.getFingerprintDaemon(FingerprintService.java:1163)
04-11 03:58:20.584  6108  7245 E FingerprintService:    at com.android.server.biometrics.fingerprint.FingerprintService.access$5400(FingerprintService.java:102)
04-11 03:58:20.584  6108  7245 E FingerprintService:    at com.android.server.biometrics.fingerprint.FingerprintService$FingerprintServiceWrapper.isHardwareDetected(FingerprintService.java:452)
04-11 03:58:20.584  6108  7245 E FingerprintService:    at android.hardware.fingerprint.IFingerprintService$Stub.onTransact(IFingerprintService.java:501)
04-11 03:58:20.584  6108  7245 E FingerprintService:    at android.os.Binder.execTransactInternal(Binder.java:1154)
04-11 03:58:20.584  6108  7245 E FingerprintService:    at android.os.Binder.execTransact(Binder.java:1123)
04-11 03:58:20.585  6108  7245 E FingerprintService: First SDK version 0 is invalid; must be at least VERSION_CODES.BASE
04-11 03:58:20.585  6108  7245 E FingerprintService: Failed to setActiveGroup():
04-11 03:58:20.585  6108  7245 E FingerprintService: android.os.RemoteException: HwBinder Error: (-32)
04-11 03:58:20.585  6108  7245 E FingerprintService:    at android.os.HwRemoteBinder.transact(Native Method)
04-11 03:58:20.585  6108  7245 E FingerprintService:    at android.hardware.biometrics.fingerprint.V2_1.IBiometricsFingerprint$Proxy.setActiveGroup(IBiometricsFingerprint.java:532)
04-11 03:58:20.585  6108  7245 E FingerprintService:    at com.android.server.biometrics.fingerprint.FingerprintService.updateActiveGroup(FingerprintService.java:1035)
04-11 03:58:20.585  6108  7245 E FingerprintService:    at com.android.server.biometrics.fingerprint.FingerprintService.getFingerprintDaemon(FingerprintService.java:1164)
04-11 03:58:20.585  6108  7245 E FingerprintService:    at com.android.server.biometrics.fingerprint.FingerprintService.access$5400(FingerprintService.java:102)
04-11 03:58:20.585  6108  7245 E FingerprintService:    at com.android.server.biometrics.fingerprint.FingerprintService$FingerprintServiceWrapper.isHardwareDetected(FingerprintService.java:452)
04-11 03:58:20.585  6108  7245 E FingerprintService:    at android.hardware.fingerprint.IFingerprintService$Stub.onTransact(IFingerprintService.java:501)
04-11 03:58:20.585  6108  7245 E FingerprintService:    at android.os.Binder.execTransactInternal(Binder.java:1154)
04-11 03:58:20.585  6108  7245 E FingerprintService:    at android.os.Binder.execTransact(Binder.java:1123)
04-11 03:58:20.585  6108  7245 V FingerprintService: Enumerating user(0)
04-11 03:58:20.586  6108  6108 E FingerprintService: Sending BIOMETRIC_ERROR_HW_UNAVAILABLE after HAL crash
04-11 03:58:20.586  6108  6108 V FingerprintService: handleError(client=null, error = 1)
04-11 03:58:20.586  6108  6108 V FingerprintService: starting client EnumerateClient(android) targetUserId: 0 currentUserId: -10000 cookie: 0/0
04-11 03:58:20.586  6108  6108 V FingerprintService: mDaemon was null, reconnect to fingerprint
04-11 03:58:20.586  2759  2759 I hwservicemanager: Since android.hardware.biometrics.fingerprint@2.1::IBiometricsFingerprint/default is not registered, trying to start it as a lazy HAL.
04-11 03:58:20.587  6108  6108 W FingerprintService: fingerprint HIDL not available
04-11 03:58:20.587  6108  6108 W FingerprintService: enumerate(): no fingerprint HAL!
04-11 03:58:20.587  6108  6108 W FingerprintService: start enumerate for user 0 failed, result=3
04-11 03:58:20.588  6108  6108 V BiometricStats: Error latency: -1
04-11 03:58:20.588  6108  6108 W BiometricStats: found a negative latency : -1
04-11 03:58:20.588  6108  6108 V BiometricStats: Error latency: -1
04-11 03:58:20.585     0     0 I [3:  kworker/u16:2: 1493] binder: release 7503:7503 transaction 140556 in, still active
04-11 03:58:20.588  6108  6108 W BiometricStats: found a negative latency : -1
04-11 03:58:20.589  6108  6108 V FingerprintService: Done with client: android
04-11 03:58:20.585     0     0 I [3:  kworker/u16:2: 1493] binder: send failed reply for transaction 140556 to 6108:7245
04-11 03:58:20.585     0     0 I [1:           init:    1] init: Service 'vendor.fps_hal' (pid 7503) received signal 11
04-11 03:58:20.586     0     0 I [1:           init:    1] init: Sending signal 9 to service 'vendor.fps_hal' (pid 7503) process group...
04-11 03:58:20.591     0     0 I [1:           init:    1] libprocessgroup: Successfully killed process cgroup uid 1000 pid 7503 in 5ms
04-11 03:58:20.591  2759  7516 W libc    : Unable to set property "ctl.interface_start" to "android.hardware.biometrics.fingerprint@2.1::IBiometricsFingerprint/default": error code: 0x20
04-11 03:58:20.598  6108  6547 V FingerprintService: mDaemon was null, reconnect to fingerprint
04-11 03:58:20.598  2759  2759 I hwservicemanager: Since android.hardware.biometrics.fingerprint@2.1::IBiometricsFingerprint/default is not registered, trying to start it as a lazy HAL.
04-11 03:58:20.599  6108  6547 W FingerprintService: fingerprint HIDL not available
04-11 03:58:20.592     0     0 I [0:           init:    1] init: Untracked pid 7510 received signal 9
04-11 03:58:20.592     0     0 I [0:           init:    1] init: Untracked pid 7508 exited with status 0
04-11 03:58:20.592     0     0 E [0:           init:    1] init: Control message: Could not find 'android.hardware.biometrics.fingerprint@2.1::IBiometricsFingerprint/default' for ctl.interface_start from pid: 2759 (/system/bin/hwservicemanager)
04-11 03:58:20.600  2759  7517 W libc    : Unable to set property "ctl.interface_start" to "android.hardware.biometrics.fingerprint@2.1::IBiometricsFingerprint/default": error code: 0x20
04-11 03:58:20.601  6260  6260 D KeyguardViewMediator: handleNotifyFinishedGoingToSleep
04-11 03:58:20.603  6108  6547 V FingerprintService: mDaemon was null, reconnect to fingerprint
04-11 03:58:20.604  2759  2759 I hwservicemanager: Since android.hardware.biometrics.fingerprint@2.1::IBiometricsFingerprint/default is not registered, trying to start it as a lazy HAL.
04-11 03:58:20.604  6108  6547 W FingerprintService: fingerprint HIDL not available
04-11 03:58:20.604  2759  7518 W libc    : Unable to set property "ctl.interface_start" to "android.hardware.biometrics.fingerprint@2.1::IBiometricsFingerprint/default": error code: 0x20
04-11 03:58:20.611  6260  6260 D StatusBar: updateQsExpansionEnabled - QS Expand enabled: false
04-11 03:58:20.636  6260  6260 D StrictMode: StrictMode policy violation; ~duration=27 ms: android.os.strictmode.CustomViolation: IPC detected on critical path: StatusBarStateControllerImpl#setState(0)
04-11 03:58:20.636  6260  6260 D StrictMode:    at android.os.StrictMode$AndroidBlockGuardPolicy.onCustomSlowCall(StrictMode.java:1546)
04-11 03:58:20.636  6260  6260 D StrictMode:    at android.os.StrictMode.noteSlowCall(StrictMode.java:2538)
04-11 03:58:20.636  6260  6260 D StrictMode:    at com.android.systemui.DejankUtils$1.onTransactStarted(DejankUtils.java:77)
04-11 03:58:20.636  6260  6260 D StrictMode:    at android.os.BinderProxy.transact(BinderProxy.java:532)
04-11 03:58:20.636  6260  6260 D StrictMode:    at android.content.ContentProviderProxy.call(ContentProviderNative.java:730)
04-11 03:58:20.636  6260  6260 D StrictMode:    at android.provider.Settings$NameValueCache.getStringForUser(Settings.java:2784)
04-11 03:58:20.636  6260  6260 D StrictMode:    at android.provider.Settings$Secure.getStringForUser(Settings.java:7060)
04-11 03:58:20.636  6260  6260 D StrictMode:    at android.provider.Settings$Secure.getIntForUser(Settings.java:7257)
04-11 03:58:20.636  6260  6260 D StrictMode:    at com.android.systemui.statusbar.phone.StatusBar.updateRoundedFwvals(StatusBar.java:2470)
04-11 03:58:20.636  6260  6260 D StrictMode:    at com.android.systemui.statusbar.phone.StatusBar.updateTheme(StatusBar.java:4301)
04-11 03:58:20.636  6260  6260 D StrictMode:    at com.android.systemui.statusbar.phone.StatusBar.onStateChanged(StatusBar.java:4423)
04-11 03:58:20.636  6260  6260 D StrictMode:    at com.android.systemui.statusbar.StatusBarStateControllerImpl.setState(StatusBarStateControllerImpl.java:163)
04-11 03:58:20.636  6260  6260 D StrictMode:    at com.android.systemui.statusbar.phone.StatusBar.hideKeyguardImpl(StatusBar.java:4200)
04-11 03:58:20.636  6260  6260 D StrictMode:    at com.android.systemui.statusbar.phone.StatusBar.updateIsKeyguard(StatusBar.java:4065)
04-11 03:58:20.636  6260  6260 D StrictMode:    at com.android.systemui.statusbar.phone.StatusBar$16.onFinishedGoingToSleep(StatusBar.java:4645)
04-11 03:58:20.636  6260  6260 D StrictMode:    at com.android.systemui.keyguard.-$$Lambda$AKoGNPXjF07Pzc3_fzdQTCHgk6E.accept(Unknown Source:2)
04-11 03:58:20.636  6260  6260 D StrictMode:    at com.android.systemui.keyguard.Lifecycle.dispatch(Lifecycle.java:39)
04-11 03:58:20.636  6260  6260 D StrictMode:    at com.android.systemui.keyguard.WakefulnessLifecycle.dispatchFinishedGoingToSleep(WakefulnessLifecycle.java:92)
04-11 03:58:20.636  6260  6260 D StrictMode:    at com.android.systemui.keyguard.KeyguardLifecyclesDispatcher$1.handleMessage(KeyguardLifecyclesDispatcher.java:81)
04-11 03:58:20.636  6260  6260 D StrictMode:    at android.os.Handler.dispatchMessage(Handler.java:106)
04-11 03:58:20.636  6260  6260 D StrictMode:    at android.os.Looper.loop(Looper.java:223)
04-11 03:58:20.636  6260  6260 D StrictMode:    at android.app.ActivityThread.main(ActivityThread.java:7669)
04-11 03:58:20.636  6260  6260 D StrictMode:    at java.lang.reflect.Method.invoke(Native Method)
04-11 03:58:20.636  6260  6260 D StrictMode:    at com.android.internal.os.RuntimeInit$MethodAndArgsCaller.run(RuntimeInit.java:592)
04-11 03:58:20.636  6260  6260 D StrictMode:    at com.android.internal.os.ZygoteInit.main(ZygoteInit.java:947)
04-11 03:58:20.637  6260  6260 D StrictMode: StrictMode policy violation; ~duration=27 ms: android.os.strictmode.CustomViolation: IPC detected on critical path: StatusBarStateControllerImpl#setState(0)
04-11 03:58:20.637  6260  6260 D StrictMode:    at android.os.StrictMode$AndroidBlockGuardPolicy.onCustomSlowCall(StrictMode.java:1546)
04-11 03:58:20.637  6260  6260 D StrictMode:    at android.os.StrictMode.noteSlowCall(StrictMode.java:2538)
04-11 03:58:20.637  6260  6260 D StrictMode:    at com.android.systemui.DejankUtils$1.onTransactStarted(DejankUtils.java:77)
04-11 03:58:20.637  6260  6260 D StrictMode:    at android.os.BinderProxy.transact(BinderProxy.java:532)
04-11 03:58:20.637  6260  6260 D StrictMode:    at android.view.IWindowManager$Stub$Proxy.showStrictModeViolation(IWindowManager.java:3695)
04-11 03:58:20.637  6260  6260 D StrictMode:    at android.os.StrictMode$AndroidBlockGuardPolicy.handleViolationWithTimingAttempt(StrictMode.java:1674)
04-11 03:58:20.637  6260  6260 D StrictMode:    at android.os.StrictMode$AndroidBlockGuardPolicy.startHandlingViolationException(StrictMode.java:1624)
04-11 03:58:20.637  6260  6260 D StrictMode:    at android.os.StrictMode$AndroidBlockGuardPolicy.onCustomSlowCall(StrictMode.java:1546)
04-11 03:58:20.637  6260  6260 D StrictMode:    at android.os.StrictMode.noteSlowCall(StrictMode.java:2538)
04-11 03:58:20.637  6260  6260 D StrictMode:    at com.android.systemui.DejankUtils$1.onTransactStarted(DejankUtils.java:77)
04-11 03:58:20.637  6260  6260 D StrictMode:    at android.os.BinderProxy.transact(BinderProxy.java:532)
04-11 03:58:20.637  6260  6260 D StrictMode:    at android.content.ContentProviderProxy.call(ContentProviderNative.java:730)
04-11 03:58:20.637  6260  6260 D StrictMode:    at android.provider.Settings$NameValueCache.getStringForUser(Settings.java:2784)
04-11 03:58:20.637  6260  6260 D StrictMode:    at android.provider.Settings$Secure.getStringForUser(Settings.java:7060)
