04-11 03:58:22.770  6260  6260 D StrictMode:    at com.android.systemui.statusbar.notification.stack.NotificationStackScrollLayout.updateFooter(NotificationStackScrollLayout.java:841)
04-11 03:58:22.770  6260  6260 D StrictMode:    at com.android.systemui.statusbar.phone.NotificationPanelViewController.updateNotificationViews(NotificationPanelViewController.java:3333)
04-11 03:58:22.770  6260  6260 D StrictMode:    at com.android.systemui.statusbar.phone.StatusBarNotificationPresenter.updateNotificationViews(StatusBarNotificationPresenter.java:325)
04-11 03:58:22.770  6260  6260 D StrictMode:    at com.android.systemui.statusbar.notification.NotificationEntryManager.updateNotifications(NotificationEntryManager.java:713)
04-11 03:58:22.770  6260  6260 D StrictMode:    at com.android.systemui.statusbar.NotificationLockscreenUserManagerImpl.updatePublicMode(NotificationLockscreenUserManagerImpl.java:616)
04-11 03:58:22.770  6260  6260 D StrictMode:    at com.google.android.systemui.NotificationLockscreenUserManagerGoogle.updatePublicMode(NotificationLockscreenUserManagerGoogle.java:74)
04-11 03:58:22.770  6260  6260 D StrictMode:    at com.android.systemui.statusbar.phone.StatusBar.hideKeyguardImpl(StatusBar.java:4205)
04-11 03:58:22.770  6260  6260 D StrictMode:    at com.android.systemui.statusbar.phone.StatusBar.updateIsKeyguard(StatusBar.java:4065)
04-11 03:58:22.770  6260  6260 D StrictMode:    at com.android.systemui.statusbar.phone.StatusBar.updateIsKeyguard(StatusBar.java:4039)
04-11 03:58:22.770  6260  6260 D StrictMode:    at com.android.systemui.statusbar.phone.StatusBar$16.onStartedWakingUp(StatusBar.java:4674)
04-11 03:58:22.770  6260  6260 D StrictMode:    at com.android.systemui.keyguard.-$$Lambda$TPhVA13qrDBGFKbgQpRNBPBvAqI.accept(Unknown Source:2)
04-11 03:58:22.770  6260  6260 D StrictMode:    at com.android.systemui.keyguard.Lifecycle.dispatch(Lifecycle.java:39)
04-11 03:58:22.770  6260  6260 D StrictMode:    at com.android.systemui.keyguard.WakefulnessLifecycle.dispatchStartedWakingUp(WakefulnessLifecycle.java:68)
04-11 03:58:22.770  6260  6260 D StrictMode:    at com.android.systemui.keyguard.KeyguardLifecyclesDispatcher$1.handleMessage(KeyguardLifecyclesDispatcher.java:72)
04-11 03:58:22.770  6260  6260 D StrictMode:    at android.os.Handler.dispatchMessage(Handler.java:106)
04-11 03:58:22.770  6260  6260 D StrictMode:    at android.os.Looper.loop(Looper.java:223)
04-11 03:58:22.770  6260  6260 D StrictMode:    at android.app.ActivityThread.main(ActivityThread.java:7669)
04-11 03:58:22.770  6260  6260 D StrictMode:    at java.lang.reflect.Method.invoke(Native Method)
04-11 03:58:22.770  6260  6260 D StrictMode:    at com.android.internal.os.RuntimeInit$MethodAndArgsCaller.run(RuntimeInit.java:592)
04-11 03:58:22.770  6260  6260 D StrictMode:    at com.android.internal.os.ZygoteInit.main(ZygoteInit.java:947)
04-11 03:58:22.771  6260  6260 D StrictMode: StrictMode policy violation; ~duration=7 ms: android.os.strictmode.CustomViolation: IPC detected on critical path: StatusBar#onStartedWakingUp
04-11 03:58:22.771  6260  6260 D StrictMode:    at android.os.StrictMode$AndroidBlockGuardPolicy.onCustomSlowCall(StrictMode.java:1546)
04-11 03:58:22.771  6260  6260 D StrictMode:    at android.os.StrictMode.noteSlowCall(StrictMode.java:2538)
04-11 03:58:22.771  6260  6260 D StrictMode:    at com.android.systemui.DejankUtils$1.onTransactStarted(DejankUtils.java:77)
04-11 03:58:22.771  6260  6260 D StrictMode:    at android.os.BinderProxy.transact(BinderProxy.java:532)
04-11 03:58:22.771  6260  6260 D StrictMode:    at android.app.admin.IDevicePolicyManager$Stub$Proxy.getKeyguardDisabledFeatures(IDevicePolicyManager.java:8291)
04-11 03:58:22.771  6260  6260 D StrictMode:    at android.app.admin.DevicePolicyManager.getKeyguardDisabledFeatures(DevicePolicyManager.java:6319)
04-11 03:58:22.771  6260  6260 D StrictMode:    at com.android.systemui.statusbar.NotificationLockscreenUserManagerImpl.updateLockscreenNotificationSetting(NotificationLockscreenUserManagerImpl.java:378)
04-11 03:58:22.771  6260  6260 D StrictMode:    at com.google.android.systemui.NotificationLockscreenUserManagerGoogle.updateLockscreenNotificationSetting(NotificationLockscreenUserManagerGoogle.java:57)
04-11 03:58:22.771  6260  6260 D StrictMode:    at com.google.android.systemui.NotificationLockscreenUserManagerGoogle.updatePublicMode(NotificationLockscreenUserManagerGoogle.java:75)
04-11 03:58:22.771  6260  6260 D StrictMode:    at com.android.systemui.statusbar.phone.StatusBar.hideKeyguardImpl(StatusBar.java:4205)
04-11 03:58:22.771  6260  6260 D StrictMode:    at com.android.systemui.statusbar.phone.StatusBar.updateIsKeyguard(StatusBar.java:4065)
04-11 03:58:22.771  6260  6260 D StrictMode:    at com.android.systemui.statusbar.phone.StatusBar.updateIsKeyguard(StatusBar.java:4039)
04-11 03:58:22.771  6260  6260 D StrictMode:    at com.android.systemui.statusbar.phone.StatusBar$16.onStartedWakingUp(StatusBar.java:4674)
04-11 03:58:22.771  6260  6260 D StrictMode:    at com.android.systemui.keyguard.-$$Lambda$TPhVA13qrDBGFKbgQpRNBPBvAqI.accept(Unknown Source:2)
04-11 03:58:22.771  6260  6260 D StrictMode:    at com.android.systemui.keyguard.Lifecycle.dispatch(Lifecycle.java:39)
04-11 03:58:22.771  6260  6260 D StrictMode:    at com.android.systemui.keyguard.WakefulnessLifecycle.dispatchStartedWakingUp(WakefulnessLifecycle.java:68)
04-11 03:58:22.771  6260  6260 D StrictMode:    at com.android.systemui.keyguard.KeyguardLifecyclesDispatcher$1.handleMessage(KeyguardLifecyclesDispatcher.java:72)
04-11 03:58:22.771  6260  6260 D StrictMode:    at android.os.Handler.dispatchMessage(Handler.java:106)
04-11 03:58:22.771  6260  6260 D StrictMode:    at android.os.Looper.loop(Looper.java:223)
04-11 03:58:22.771  6260  6260 D StrictMode:    at android.app.ActivityThread.main(ActivityThread.java:7669)
04-11 03:58:22.771  6260  6260 D StrictMode:    at java.lang.reflect.Method.invoke(Native Method)
04-11 03:58:22.771  6260  6260 D StrictMode:    at com.android.internal.os.RuntimeInit$MethodAndArgsCaller.run(RuntimeInit.java:592)
04-11 03:58:22.771  6260  6260 D StrictMode:    at com.android.internal.os.ZygoteInit.main(ZygoteInit.java:947)
04-11 03:58:22.771  6260  6260 D KeyguardViewMediator: handleNotifyScreenTurningOn
04-11 03:58:22.774  6260  6260 D KeyguardClockSwitch: Updating clock: 3:58
04-11 03:58:22.775  6108  6193 E WifiScoringParams: Invalid frequency(-1), using 5G as default rssi array
04-11 03:58:22.775  2891  2923 I Sensors : AccSensor period = 66667000 timeout = 0
04-11 03:58:22.775  2891  2923 D Sensors : activate handle 1, index 0
04-11 03:58:22.776  2891  2923 I Sensors : AccSensor old sensor_state 0, new sensor_state : 2 en : 1
04-11 03:58:22.779  6056  6056 W wificond: Failed to get NL80211_ATTR_EXT_FEATURES
04-11 03:58:22.782  6108  6593 E AudioSystem-JNI: AudioSystem::listAudioPorts error -19
04-11 03:58:22.782  6108  6593 W AudioManager: updateAudioPortCache: listAudioPorts failed
04-11 03:58:22.782  2891  2923 D Sensors : mSensors[0]->enable err 0
04-11 03:58:22.781  6056  6056 W wificond: Failed to get NL80211_ATTR_EXT_FEATURES
04-11 03:58:22.783  6108  6142 I DisplayPowerController: Unblocked screen on after 43 ms
04-11 03:58:22.789  6056  6056 W wificond: Failed to get NL80211_ATTR_EXT_FEATURES
04-11 03:58:22.799  6260  6260 D KeyguardClockSwitch: Updating clock: 3:58
04-11 03:58:22.791  6056  6056 W wificond: Failed to get NL80211_ATTR_EXT_FEATURES
04-11 03:58:22.870  6108  6180 D WindowManager: powerPress: eventTime=217050 interactive=true count=1 beganFromNonInteractive=true mShortPressOnPowerBehavior=1
04-11 03:58:22.883  6108  6593 E AudioSystem-JNI: AudioSystem::listAudioPorts error -19
04-11 03:58:22.883  6108  6593 W AudioManager: updateAudioPortCache: listAudioPorts failed
04-11 03:58:22.896  7527  7527 D android.hardware.memtrack@1.0-service: memtrack_open: enter; name=memtrack
04-11 03:58:22.896  7527  7527 D android.hardware.memtrack@1.0-service: memtrack_open: exit 0
04-11 03:58:22.897  7527  7527 E HidlServiceManagement: Service android.hardware.memtrack@1.0::IMemtrack/default must be in VINTF manifest in order to register/get.
04-11 03:58:22.897  7527  7527 E LegacySupport: Could not register service android.hardware.memtrack@1.0::IMemtrack/default (-2147483648).
04-11 03:58:22.950  2901  2901 D SurfaceFlinger: Finished setting power mode 2 on display 0
04-11 03:58:22.950  6108  6240 D SurfaceControl: Excessive delay in setPowerMode()
04-11 03:58:22.951  6108  6142 W PowerManagerService: Screen on took 241 ms
04-11 03:58:22.951  6260  6280 D KeyguardViewMediator: notifyScreenTurnedOn
04-11 03:58:22.952  6260  6260 D KeyguardViewMediator: handleNotifyScreenTurnedOn
04-11 03:58:22.755     0     0 I [1:composer@2.1-se: 2883] decon: decon_notifier: blank_mode: 0, 10, + UNBLANK  , EARLY_EVENT_BLANK
04-11 03:58:22.755     0     0 I         : [1:composer@2.1-se: 2883] lcd panel: fb_notifier_callback: 10, 0
04-11 03:58:22.755     0     0 I [1:composer@2.1-se: 2883] decon: decon_blank ++ blank_mode : 0
04-11 03:58:22.755     0     0 I [1:composer@2.1-se: 2883] decon: decon-int UNBLANK mode: 0type (0: DSI)
04-11 03:58:22.756     0     0 W         : [1:composer@2.1-se: 2883] decon 14830000.decon_fb: pm_stay_awake
04-11 03:58:22.756     0     0 I [1:composer@2.1-se: 2883] dsim: dsim_enable: ++
04-11 03:58:22.769     0     0 W [0:    kworker/0:2: 1598] wmitlv_check_and_pad_tlvs: WARN: TLV array of structures needs padding. tlv_size_diff=256
04-11 03:58:22.777     0     0 I         : [1:HwBinder:2891_1: 2923] [SSP] cmd = -2147156991, sensor_type = 1
04-11 03:58:22.777     0     0 I         : [1:HwBinder:2891_1: 2923] [SSP] batch 1: delay 66667000, timeout 0, flag 0, ret 0
04-11 03:58:22.778     0     0 I         : [1:HwBinder:2891_1: 2923] [SSP]   set_sensors_enable( 266): new_enable = 2, old_enable = 0
04-11 03:58:22.778     0     0 I         : [1:HwBinder:2891_1: 2923] [SSP]        enable_sensor(  58): ADD accelerometer_sensor , type 1 DELAY 66667000 ns
04-11 03:58:22.778     0     0 I         : [1:HwBinder:2891_1: 2923] [SSP]     send_instruction( 358): Inst = 0xa1, Sensor Type = 0x1, data = 66
04-11 03:58:22.784     0     0 I         : [1:HwBinder:2891_1: 2923] [SSP]        enable_sensor(  80): delay 66, timeout 0, flag=0, ret1
04-11 03:58:22.792     0     0 I         : [1:composer@2.1-se: 2883] lcd panel: + dsim_panel_displayon: 0
04-11 03:58:22.792     0     0 I         : [1:composer@2.1-se: 2883] lcd panel: s6e3aa2_init
04-11 03:58:22.821     0     0 I         : [1:composer@2.1-se: 2883] lcd panel: dsim_read_hl_data:  3( 3), 04, 41 00 02
04-11 03:58:22.821     0     0 I         : [1:composer@2.1-se: 2883] lcd panel: s6e3aa2_read_id: 410002
04-11 03:58:22.821     0     0 I         : [1:composer@2.1-se: 2883] lcd panel: elvss: 1915410c
04-11 03:58:22.821     0     0 I         : [1:composer@2.1-se: 2883] lcd panel: acl: 147f5002, brightness: 0, adaptive_control: 1
04-11 03:58:22.821     0     0 I         : [1:composer@2.1-se: 2883] lcd panel: brightness: 0, bl: 0, nit: 2, lx: -1
04-11 03:58:22.843     0     0 I         : [1:irq/568-SSP_Int: 1678] [SSP] [M] AKC
04-11 03:58:22.843     0     0 I         : [1:irq/568-SSP_Int: 1678] change_sensor_odr_list
04-11 03:58:22.843     0     0 I         : [1:irq/568-SSP_Int: 1678] save bak odr 1, 1, -1, -1, 0
04-11 03:58:22.843     0     0 I         : [1:irq/568-SSP_Int: 1678] save bak odr 1, 0, -1, -1, 0
04-11 03:58:22.843     0     0 I         : [1:irq/568-SSP_Int: 1678] RM 1 0 0 0 60
04-11 03:58:22.843     0     0 I         : [1:irq/568-SSP_Int: 1678] g_ptSh->cTimer = 0
04-11 03:58:22.843     0     0 I         : [1:irq/568-SSP_Int: 1678] AKO
04-11 03:58:22.843     0     0 I         : [1:irq/568-SSP_Int: 1678] change_sensor_odr_list
04-11 03:58:22.843     0     0 I         : [1:irq/568-SSP_Int: 1678] save bak odr 1, 1, 60, 60, 60
04-11 03:58:22.843     0     0 I         : [1:irq/568-SSP_Int: 1678] save bak odr 1, 0, 60, 60, 60
04-11 03:58:22.843     0     0 I         : [1:irq/568-SSP_Int: 1678] AD 1 1 0 1, 60
04-11 03:58:22.843     0     0 I         : [1:irq/568-SSP_Int: 1678] g_ptSh->cTimer = 60
04-11 03:58:22.871     0     0 I         : [0:    kworker/0:2: 1598] [sec_input] PWR key is released
04-11 03:58:22.878     0     0 W         : [0:    kworker/0:2: 1598] 1 log buffers are dropped
04-11 03:58:22.881     0     0 I [2:           init:    1] init: starting service 'vendor.memtrack-hal-1-0'...
04-11 03:58:22.900     0     0 I [0:           init:    1] init: Service 'vendor.memtrack-hal-1-0' (pid 7527) exited with status 0
04-11 03:58:22.900     0     0 I [0:           init:    1] init: Sending signal 9 to service 'vendor.memtrack-hal-1-0' (pid 7527) process group...
04-11 03:58:22.900     0     0 I [0:           init:    1] libprocessgroup: Successfully killed process cgroup uid 1000 pid 7527 in 0ms
04-11 03:58:22.951     0     0 I         : [1:composer@2.1-se: 2883] lcd panel: - dsim_panel_displayon: 1, 1
04-11 03:58:22.951     0     0 I [1:composer@2.1-se: 2883] dsim: dsim_enable: --
04-11 03:58:22.951     0     0 I [1:composer@2.1-se: 2883] decon: decon_enable: doze_state: 2
04-11 03:58:22.951     0     0 I [1:composer@2.1-se: 2883] decon: decon_blank -- blank_mode : 0, 0
04-11 03:58:22.951     0     0 I         : [1:composer@2.1-se: 2883] lcd panel: brightness: 0, bl: 0, nit: 2, lx: -1
04-11 03:58:22.951     0     0 I         : [1:composer@2.1-se: 2883] mdnie mdnie: fb_notifier_callback: event: 9, blank: 0
04-11 03:58:22.951     0     0 I         : [1:composer@2.1-se: 2883] mdnie mdnie: mdnie_find_table: disable_trans_dimming=1
04-11 03:58:22.951     0     0 I         : [1:composer@2.1-se: 2883] mdnie mdnie: AUTO_UI
04-11 03:58:22.951     0     0 I         : [1:composer@2.1-se: 2883] lcd panel: fb_notifier_callback: 09, 0
04-11 03:58:22.951     0     0 I         : [1:composer@2.1-se: 2883] lcd panel: s6e3aa2_displayon
04-11 03:58:22.951     0     0 I [1:composer@2.1-se: 2883] decon: decon_abd_pin_enable_interrupt: on: 1, pcd(11,1) level: 1, count: 0, state: 1, normal
04-11 03:58:22.951     0     0 I [1:composer@2.1-se: 2883] decon: decon_abd_pin_enable_interrupt: ignore_vsync: 0
04-11 03:58:22.951     0     0 I [1:composer@2.1-se: 2883] decon: decon_notifier: blank_mode: 0, 09, - UNBLANK  , EVENT_BLANK      , 196
04-11 03:58:22.954     0     0 I [1:composer@2.1-se: 2883] decon: decon_notifier: blank_mode: 0, 15, * UNBLANK  , EVENT_FRAME      , 2(198)
04-11 03:58:22.955     0     0 I         : [3:light@2.0-servi: 2885] lcd panel: elvss: 1915511c
04-11 03:58:22.955     0     0 I         : [3:light@2.0-servi: 2885] lcd panel: brightness: 146, bl: 56, nit: 220, lx: -1
04-11 03:58:22.969     0     0 I [0:composer@2.1-se: 2883] decon: decon_notifier: blank_mode: 0, 15, * UNBLANK  , EVENT_FRAME      , 17(213)
04-11 03:58:22.983  6108  6593 E AudioSystem-JNI: AudioSystem::listAudioPorts error -19
04-11 03:58:22.983  6108  6593 W AudioManager: updateAudioPortCache: listAudioPorts failed
04-11 03:58:23.081  6488  6488 W HidlServiceManagement: Waited one second for android.hardware.radio@1.4::IRadio/slot1
04-11 03:58:23.081  2759  2759 I hwservicemanager: Since android.hardware.radio@1.4::IRadio/slot1 is not registered, trying to start it as a lazy HAL.
04-11 03:58:23.081  6488  6488 I HidlServiceManagement: getService: Trying again for android.hardware.radio@1.4::IRadio/slot1...
04-11 03:58:23.083  2759  7529 W libc    : Unable to set property "ctl.interface_start" to "android.hardware.radio@1.4::IRadio/slot1": error code: 0x20
04-11 03:58:23.084  6108  6593 E AudioSystem-JNI: AudioSystem::listAudioPorts error -19
04-11 03:58:23.084  6108  6593 W AudioManager: updateAudioPortCache: listAudioPorts failed
04-11 03:58:23.085     0     0 E [2:           init:    1] init: Control message: Could not find 'android.hardware.radio@1.4::IRadio/slot1' for ctl.interface_start from pid: 2759 (/system/bin/hwservicemanager)
04-11 03:58:23.184  6108  6593 E AudioSystem-JNI: AudioSystem::listAudioPorts error -19
04-11 03:58:23.185  6108  6593 W AudioManager: updateAudioPortCache: listAudioPorts failed
04-11 03:58:23.285  6108  6593 E AudioSystem-JNI: AudioSystem::listAudioPorts error -19
04-11 03:58:23.285  6108  6593 W AudioManager: updateAudioPortCache: listAudioPorts failed
04-11 03:58:23.315  6108  6206 E AudioSystem-JNI: Command failed for android_media_AudioSystem_initStreamVolume: -19
04-11 03:58:23.315  6108  6206 E AS.AudioService: Failed to initStreamVolume (1) for stream 11
04-11 03:58:23.315  6108  6206 E AS.AudioService: VSS(): initStreamVolume failed with 1 will retry
04-11 03:58:23.344  6108  6210 W HidlServiceManagement: Waited one second for android.hardware.usb.gadget@1.0::IUsbGadget/default
04-11 03:58:23.344  2759  2759 I hwservicemanager: Since android.hardware.usb.gadget@1.0::IUsbGadget/default is not registered, trying to start it as a lazy HAL.
04-11 03:58:23.344  6108  6210 I HidlServiceManagement: getService: Trying again for android.hardware.usb.gadget@1.0::IUsbGadget/default...
04-11 03:58:23.345  2759  7530 W libc    : Unable to set property "ctl.interface_start" to "android.hardware.usb.gadget@1.0::IUsbGadget/default": error code: 0x20
04-11 03:58:23.347     0     0 E [2:           init:    1] init: Control message: Could not find 'android.hardware.usb.gadget@1.0::IUsbGadget/default' for ctl.interface_start from pid: 2759 (/system/bin/hwservicemanager)
04-11 03:58:23.386  6108  6593 E AudioSystem-JNI: AudioSystem::listAudioPorts error -19
04-11 03:58:23.386  6108  6593 W AudioManager: updateAudioPortCache: listAudioPorts failed
04-11 03:58:23.472  2997  2997 W HidlServiceManagement: Waited one second for android.hardware.usb.gadget@1.0::IUsbGadget/default
04-11 03:58:23.473  2759  2759 I hwservicemanager: Since android.hardware.usb.gadget@1.0::IUsbGadget/default is not registered, trying to start it as a lazy HAL.
04-11 03:58:23.474  2997  2997 I HidlServiceManagement: getService: Trying again for android.hardware.usb.gadget@1.0::IUsbGadget/default...
04-11 03:58:23.476  2759  7531 W libc    : Unable to set property "ctl.interface_start" to "android.hardware.usb.gadget@1.0::IUsbGadget/default": error code: 0x20
04-11 03:58:23.488  6108  6593 E AudioSystem-JNI: AudioSystem::listAudioPorts error -19
04-11 03:58:23.488  6108  6593 W AudioManager: updateAudioPortCache: listAudioPorts failed
04-11 03:58:23.477     0     0 E [2:           init:    1] init: Control message: Could not find 'android.hardware.usb.gadget@1.0::IUsbGadget/default' for ctl.interface_start from pid: 2759 (/system/bin/hwservicemanager)
04-11 03:58:23.571     0     0 I         : [0:    kworker/0:2: 1598] [sec_input] PWR key is pressed
04-11 03:58:23.589  6108  6593 E AudioSystem-JNI: AudioSystem::listAudioPorts error -19
04-11 03:58:23.589  6108  6593 W AudioManager: updateAudioPortCache: listAudioPorts failed
04-11 03:58:23.663     0     0 E [2:health@2.0-serv: 2884] sec_bat_get_property: Fail to s2mu004-fuelgauge get (32=>-22)
04-11 03:58:23.664     0     0 W [2:health@2.0-serv: 2884] healthd: battery l=100 v=4303 t=27.5 h=2 st=5 c=-6 fc=0 chg=u
04-11 03:58:23.689  6108  6593 E AudioSystem-JNI: AudioSystem::listAudioPorts error -19
04-11 03:58:23.689  6108  6593 W AudioManager: updateAudioPortCache: listAudioPorts failed
04-11 03:58:23.710  6108  6180 D WindowManager: powerPress: eventTime=217910 interactive=true count=1 beganFromNonInteractive=false mShortPressOnPowerBehavior=1
04-11 03:58:23.710  6108  6180 I PowerManagerService: Going to sleep due to power_button (uid 1000)...
04-11 03:58:23.713  6260  6280 D KeyguardViewMediator: onStartedGoingToSleep(2)
04-11 03:58:23.711     0     0 I         : [0:    kworker/0:2: 1598] [sec_input] PWR key is released
04-11 03:58:23.719  6260  6280 D KeyguardViewMediator: notifyStartedGoingToSleep
04-11 03:58:23.720  6260  6611 E AudioSystem: no strategy found for attributes { Content type: AUDIO_CONTENT_TYPE_SONIFICATION Usage: AUDIO_USAGE_ASSISTANCE_SONIFICATION Source: AUDIO_SOURCE_DEFAULT Flags: 0x800 Tags:  }
04-11 03:58:23.722  6052  6052 E AudioFlinger: createTrack() getOutputForAttr() return error -19 or invalid output handle
04-11 03:58:23.722  6260  6611 E IAudioFlinger: createTrack returned error -19
04-11 03:58:23.722  6260  6611 E AudioTrack: createTrack_l(0): AudioFlinger could not create track, status: -19 output 0
04-11 03:58:23.722  6108  7245 V FaceService: mDaemon was null, reconnect to face
04-11 03:58:23.722  6260  6611 E SoundPool::Stream: play_l: error creating AudioTrack
04-11 03:58:23.722  6260  6611 D AudioTrack: gather(): no metrics gathered, track status=-19
04-11 03:58:23.722  2759  2759 I hwservicemanager: getTransport: Cannot find entry android.hardware.biometrics.face@1.0::IBiometricsFace/default in either framework or device manifest.
04-11 03:58:23.723  6108  7245 W FaceService: face HIDL not available
04-11 03:58:23.725  6108  6142 E ColorFade: Could not compile shader 3, 35632:
04-11 03:58:23.725  6108  6142 E ColorFade: #extension GL_OES_EGL_image_external : require
04-11 03:58:23.725  6108  6142 E ColorFade:
04-11 03:58:23.725  6108  6142 E ColorFade: precision mediump float;
04-11 03:58:23.725  6108  6142 E ColorFade: uniform samplerExternalOES texUnit;
04-11 03:58:23.725  6108  6142 E ColorFade: uniform float opacity;
04-11 03:58:23.725  6108  6142 E ColorFade: varying vec2 UV;
04-11 03:58:23.725  6108  6142 E ColorFade:
04-11 03:58:23.725  6108  6142 E ColorFade: vec3 srgbTransfer(vec3 c) {
04-11 03:58:23.725  6108  6142 E ColorFade:     vec3 gamma = 1.055 * pow(c, vec3(1.0/2.4)) - 0.055;
04-11 03:58:23.725  6108  6142 E ColorFade:     vec3 linear = 12.92 * c;
04-11 03:58:23.725  6108  6142 E ColorFade:     bvec3 selectParts = lessThan(c, vec3(0.0031308));
04-11 03:58:23.725  6108  6142 E ColorFade:     return mix(gamma, linear, selectParts);
04-11 03:58:23.725  6108  6142 E ColorFade: }
04-11 03:58:23.725  6108  6142 E ColorFade:
04-11 03:58:23.725  6108  6142 E ColorFade: vec3 srgbTransferInv(vec3 c) {
04-11 03:58:23.725  6108  6142 E ColorFade:     vec3 gamma = pow((c + 0.055)/1.055, vec3(2.4));
04-11 03:58:23.725  6108  6142 E ColorFade:     vec3 linear = c / 12.92;
04-11 03:58:23.725  6108  6142 E ColorFade:     bvec3 selectParts = lessThan(c, vec3(0.04045));
04-11 03:58:23.725  6108  6142 E ColorFade:     return mix(gamma, linear, selectParts);
04-11 03:58:23.725  6108  6142 E ColorFade: }
04-11 03:58:23.725  6108  6142 E ColorFade:
04-11 03:58:23.725  6108  6142 E ColorFade: void main() {
04-11 03:58:23.725  6108  6142 E ColorFade:     vec3 inRgb = srgbTransferInv(texture2D(texUnit, UV).rgb);
04-11 03:58:23.725  6108  6142 E ColorFade:     vec3 fade = inRgb * opacity * opacity;
04-11 03:58:23.725  6108  6142 E ColorFade:     vec3 outRgb = srgbTransfer(fade);
04-11 03:58:23.725  6108  6142 E ColorFade:
04-11 03:58:23.725  6108  6142 E ColorFade:     gl_FragColor = vec4(outRgb, 1.0);
04-11 03:58:23.725  6108  6142 E ColorFade: }
04-11 03:58:23.725  6108  6142 E ColorFade: 0:12: S0001: No matching overload for function 'mix' found
04-11 03:58:23.726  6108  7245 V FingerprintService: mDaemon was null, reconnect to fingerprint
04-11 03:58:23.727  2759  2759 I hwservicemanager: Since android.hardware.biometrics.fingerprint@2.1::IBiometricsFingerprint/default is not registered, trying to start it as a lazy HAL.
04-11 03:58:23.728  6108  7245 W FingerprintService: fingerprint HIDL not available
04-11 03:58:23.728  6108  6142 I DreamManagerService: Entering dreamland.
04-11 03:58:23.729  6108  6142 I PowerManagerService: Dozing...
04-11 03:58:23.730  6108  6125 I DreamController: Starting dream: name=ComponentInfo{com.android.systemui/com.android.systemui.doze.DozeService}, isTest=false, canDoze=true, userId=0
04-11 03:58:23.731  6260  6260 D KeyguardViewMediator: handleNotifyStartedGoingToSleep
04-11 03:58:23.732  2759  7533 W libc    : Unable to set property "ctl.interface_start" to "android.hardware.biometrics.fingerprint@2.1::IBiometricsFingerprint/default": error code: 0x20
04-11 03:58:23.733  6260  6260 V ShadeControllerImpl: NotificationShadeWindow: com.android.systemui.statusbar.phone.NotificationShadeWindowView{31ea9ec I.E...... ......ID 0,0-720,1280} canPanelBeCollapsed(): false
04-11 03:58:23.736  6108  6125 D AutofillManagerService: Close system dialogs
04-11 03:58:23.732     0     0 I         : [2:light@2.0-servi: 2885] lcd panel: elvss: 1915410c
04-11 03:58:23.732     0     0 I         : [2:light@2.0-servi: 2885] lcd panel: brightness: 0, bl: 0, nit: 2, lx: -1
04-11 03:58:23.734     0     0 E [1:           init:    1] init: Control message: Could not find 'android.hardware.biometrics.fingerprint@2.1::IBiometricsFingerprint/default' for ctl.interface_start from pid: 2759 (/system/bin/hwservicemanager)
04-11 03:58:23.767  6108  7016 I DreamManagerService: Leaving dreamland.
04-11 03:58:23.767  6108  6125 I DreamManagerService: Performing gentle wake from dream.
04-11 03:58:23.767  6108  6125 I DreamController: Stopping dream: name=ComponentInfo{com.android.systemui/com.android.systemui.doze.DozeService}, isTest=false, canDoze=true, userId=0, reason='finished self'
04-11 03:58:23.770  6108  6142 I PowerManagerService: Sleeping (uid 1000)...
04-11 03:58:23.772  6108  7016 V FingerprintService: mDaemon was null, reconnect to fingerprint
04-11 03:58:23.773  2891  2923 D Sensors : activate handle 1, index 0
04-11 03:58:23.773  2759  2759 I hwservicemanager: Since android.hardware.biometrics.fingerprint@2.1::IBiometricsFingerprint/default is not registered, trying to start it as a lazy HAL.
04-11 03:58:23.773  2891  2923 I Sensors : AccSensor old sensor_state 2, new sensor_state : 0 en : 0
04-11 03:58:23.773  6108  7016 W FingerprintService: fingerprint HIDL not available
04-11 03:58:23.774  2759  7535 W libc    : Unable to set property "ctl.interface_start" to "android.hardware.biometrics.fingerprint@2.1::IBiometricsFingerprint/default": error code: 0x20
04-11 03:58:23.775     0     0 I         : [1:HwBinder:2891_1: 2923] [SSP]   set_sensors_enable( 266): new_enable = 0, old_enable = 2
04-11 03:58:23.775     0     0 I         : [1:HwBinder:2891_1: 2923] [SSP]    ssp_remove_sensor( 168): remove sensor = 2, current state = 0
04-11 03:58:23.775     0     0 I         : [1:HwBinder:2891_1: 2923] [SSP]     send_instruction( 358): Inst = 0xa2, Sensor Type = 0x1, data = 66
04-11 03:58:23.776     0     0 E [1:           init:    1] init: Control message: Could not find 'android.hardware.biometrics.fingerprint@2.1::IBiometricsFingerprint/default' for ctl.interface_start from pid: 2759 (/system/bin/hwservicemanager)
04-11 03:58:23.780  2891  2923 D Sensors : mSensors[0]->enable err 0
04-11 03:58:23.781  6260  6633 D KeyguardViewMediator: onFinishedGoingToSleep(2)
04-11 03:58:23.781  6260  6633 D KeyguardViewMediator: notifyFinishedGoingToSleep
04-11 03:58:23.783  6260  6633 D KeyguardViewMediator: doKeyguard: not showing because device isn't provisioned and the sim is not locked or missing
04-11 03:58:23.784  6108  7016 V FingerprintService: mDaemon was null, reconnect to fingerprint
04-11 03:58:23.784  2759  2759 I hwservicemanager: Since android.hardware.biometrics.fingerprint@2.1::IBiometricsFingerprint/default is not registered, trying to start it as a lazy HAL.
04-11 03:58:23.785  6108  7016 W FingerprintService: fingerprint HIDL not available
04-11 03:58:23.786  2759  7536 W libc    : Unable to set property "ctl.interface_start" to "android.hardware.biometrics.fingerprint@2.1::IBiometricsFingerprint/default": error code: 0x20
04-11 03:58:23.787  6260  6260 D KeyguardViewMediator: handleNotifyFinishedGoingToSleep
04-11 03:58:23.790  6108  7245 V FingerprintService: mDaemon was null, reconnect to fingerprint
04-11 03:58:23.790  6108  6593 E AudioSystem-JNI: AudioSystem::listAudioPorts error -19
04-11 03:58:23.790  6108  6593 W AudioManager: updateAudioPortCache: listAudioPorts failed
04-11 03:58:23.792  2759  2759 I hwservicemanager: Since android.hardware.biometrics.fingerprint@2.1::IBiometricsFingerprint/default is not registered, trying to start it as a lazy HAL.
04-11 03:58:23.793  6108  7245 W FingerprintService: fingerprint HIDL not available
04-11 03:58:23.795  2759  7537 W libc    : Unable to set property "ctl.interface_start" to "android.hardware.biometrics.fingerprint@2.1::IBiometricsFingerprint/default": error code: 0x20
04-11 03:58:23.800  6260  6260 D StatusBar: updateQsExpansionEnabled - QS Expand enabled: false
04-11 03:58:23.787     0     0 E [1:           init:    1] init: Control message: Could not find 'android.hardware.biometrics.fingerprint@2.1::IBiometricsFingerprint/default' for ctl.interface_start from pid: 2759 (/system/bin/hwservicemanager)
04-11 03:58:23.790     0     0 W [0:    kworker/0:2: 1598] wmitlv_check_and_pad_tlvs: WARN: TLV array of structures needs padding. tlv_size_diff=256
04-11 03:58:23.793     0     0 I [0:           init:    1] init: starting service 'cpboot-daemon'...
04-11 03:58:23.797     0     0 E [0:           init:    1] init: Control message: Could not find 'android.hardware.biometrics.fingerprint@2.1::IBiometricsFingerprint/default' for ctl.interface_start from pid: 2759 (/system/bin/hwservicemanager)
04-11 03:58:23.806     0     0 E [2:            cbd: 7538] mif: cbd:  : get_cmdline_str: find str androidboot.debug_level=0x4f4c form /proc/cmdline
04-11 03:58:23.806     0     0 E [2:            cbd: 7538] mif: cbd:  : check_debug_level: androidboot.debug_level=0x4f4c, 0
04-11 03:58:23.806     0     0 E [2:            cbd: 7538] mif: cbd:  : check_debug_level: debug level=0, cp_debug=0
04-11 03:58:23.807     0     0 E [2:            cbd: 7538] mif: cbd:  : main: Start CP Boot Daemon (CBD)
04-11 03:58:23.807     0     0 E [2:            cbd: 7538] mif: cbd:  : main: Daemon Mode
04-11 03:58:23.807     0     0 E [2:            cbd: 7538] mif: cbd:  : main: SS310 modem
04-11 03:58:23.807     0     0 E [2:            cbd: 7538] mif: cbd:  : main: boot SHMEM link
04-11 03:58:23.807     0     0 E [2:            cbd: 7538] mif: cbd: m: main: main SHMEM link
04-11 03:58:23.807     0     0 E [2:            cbd: 7538] mif: cbd: m: main: partition number : platform/13540000.dwmmc0/by-name/RADIO
04-11 03:58:23.807     0     0 E [2:            cbd: 7538] mif: cbd: m: main: partition path : /dev/block/platform/13540000.dwmmc0/by-name/RADIO
04-11 03:58:23.807     0     0 E [2:            cbd: 7538] mif: cbd: m: main: set nv partition : /efs
04-11 03:58:23.807     0     0 E [2:            cbd: 7538] mif: cbd: m: main: nv file path : /efs/nv_data.bin
04-11 03:58:23.807     0     0 E [2:            cbd: 7538] mif: cbd: m: main: Call boot start
04-11 03:58:23.807     0     0 E [2:            cbd: 7538] mif: cbd: m: main: Modem type = 12
04-11 03:58:23.807     0     0 E [2:            cbd: 7538] mif: cbd: m: main: Boot link = 9
04-11 03:58:23.807     0     0 E [2:            cbd: 7538] mif: cbd: m: main: Main link = 9
04-11 03:58:23.807     0     0 E [2:            cbd: 7538] mif: cbd: m: check_board_revision: model_info-system_rev: 004
04-11 03:58:23.808     0     0 E [0:            cbd: 7538] mif: cbd: m: start_shannon310_boot: CP boot device = /dev/umts_boot0
04-11 03:58:23.808     0     0 E [0:            cbd: 7538] mif: cbd: m: start_shannon310_boot: CP binary file = /dev/block/platform/13540000.dwmmc0/by-name/RADIO
04-11 03:58:23.808     0     0 E [0:            cbd: 7538] mif: cbd: m: start_shannon310_boot: CP NV file = /efs/nv_data.bin
04-11 03:58:23.808     0     0 E [0:            cbd: 7538] mif: cbd: m: start_shannon310_boot: BOOT link SHMEM
04-11 03:58:23.808     0     0 E [0:            cbd: 7538] mif: cbd: m: start_shannon310_boot: MAIN link SHMEM
04-11 03:58:23.821  6260  6260 D StrictMode: StrictMode policy violation; ~duration=22 ms: android.os.strictmode.CustomViolation: IPC detected on critical path: StatusBarStateControllerImpl#setState(0)
04-11 03:58:23.821  6260  6260 D StrictMode:    at android.os.StrictMode$AndroidBlockGuardPolicy.onCustomSlowCall(StrictMode.java:1546)
04-11 03:58:23.821  6260  6260 D StrictMode:    at android.os.StrictMode.noteSlowCall(StrictMode.java:2538)
04-11 03:58:23.821  6260  6260 D StrictMode:    at com.android.systemui.DejankUtils$1.onTransactStarted(DejankUtils.java:77)
04-11 03:58:23.821  6260  6260 D StrictMode:    at android.os.BinderProxy.transact(BinderProxy.java:532)
04-11 03:58:23.821  6260  6260 D StrictMode:    at android.content.ContentProviderProxy.call(ContentProviderNative.java:730)
04-11 03:58:23.821  6260  6260 D StrictMode:    at android.provider.Settings$NameValueCache.getStringForUser(Settings.java:2784)
04-11 03:58:23.821  6260  6260 D StrictMode:    at android.provider.Settings$Secure.getStringForUser(Settings.java:7060)
04-11 03:58:23.821  6260  6260 D StrictMode:    at android.provider.Settings$Secure.getIntForUser(Settings.java:7257)
04-11 03:58:23.821  6260  6260 D StrictMode:    at com.android.systemui.statusbar.phone.StatusBar.updateRoundedFwvals(StatusBar.java:2470)
04-11 03:58:23.821  6260  6260 D StrictMode:    at com.android.systemui.statusbar.phone.StatusBar.updateTheme(StatusBar.java:4301)
04-11 03:58:23.821  6260  6260 D StrictMode:    at com.android.systemui.statusbar.phone.StatusBar.onStateChanged(StatusBar.java:4423)
04-11 03:58:23.821  6260  6260 D StrictMode:    at com.android.systemui.statusbar.StatusBarStateControllerImpl.setState(StatusBarStateControllerImpl.java:163)
04-11 03:58:23.821  6260  6260 D StrictMode:    at com.android.systemui.statusbar.phone.StatusBar.hideKeyguardImpl(StatusBar.java:4200)
04-11 03:58:23.821  6260  6260 D StrictMode:    at com.android.systemui.statusbar.phone.StatusBar.updateIsKeyguard(StatusBar.java:4065)
04-11 03:58:23.821  6260  6260 D StrictMode:    at com.android.systemui.statusbar.phone.StatusBar$16.onFinishedGoingToSleep(StatusBar.java:4645)
04-11 03:58:23.821  6260  6260 D StrictMode:    at com.android.systemui.keyguard.-$$Lambda$AKoGNPXjF07Pzc3_fzdQTCHgk6E.accept(Unknown Source:2)
04-11 03:58:23.821  6260  6260 D StrictMode:    at com.android.systemui.keyguard.Lifecycle.dispatch(Lifecycle.java:39)
04-11 03:58:23.821  6260  6260 D StrictMode:    at com.android.systemui.keyguard.WakefulnessLifecycle.dispatchFinishedGoingToSleep(WakefulnessLifecycle.java:92)
04-11 03:58:23.821  6260  6260 D StrictMode:    at com.android.systemui.keyguard.KeyguardLifecyclesDispatcher$1.handleMessage(KeyguardLifecyclesDispatcher.java:81)
04-11 03:58:23.821  6260  6260 D StrictMode:    at android.os.Handler.dispatchMessage(Handler.java:106)
04-11 03:58:23.821  6260  6260 D StrictMode:    at android.os.Looper.loop(Looper.java:223)
04-11 03:58:23.821  6260  6260 D StrictMode:    at android.app.ActivityThread.main(ActivityThread.java:7669)
04-11 03:58:23.821  6260  6260 D StrictMode:    at java.lang.reflect.Method.invoke(Native Method)
04-11 03:58:23.821  6260  6260 D StrictMode:    at com.android.internal.os.RuntimeInit$MethodAndArgsCaller.run(RuntimeInit.java:592)
04-11 03:58:23.821  6260  6260 D StrictMode:    at com.android.internal.os.ZygoteInit.main(ZygoteInit.java:947)
04-11 03:58:23.821  6260  6260 D StrictMode: StrictMode policy violation; ~duration=22 ms: android.os.strictmode.CustomViolation: IPC detected on critical path: StatusBarStateControllerImpl#setState(0)
04-11 03:58:23.821  6260  6260 D StrictMode:    at android.os.StrictMode$AndroidBlockGuardPolicy.onCustomSlowCall(StrictMode.java:1546)
04-11 03:58:23.821  6260  6260 D StrictMode:    at android.os.StrictMode.noteSlowCall(StrictMode.java:2538)
04-11 03:58:23.821  6260  6260 D StrictMode:    at com.android.systemui.DejankUtils$1.onTransactStarted(DejankUtils.java:77)
04-11 03:58:23.821  6260  6260 D StrictMode:    at android.os.BinderProxy.transact(BinderProxy.java:532)
04-11 03:58:23.821  6260  6260 D StrictMode:    at android.view.IWindowManager$Stub$Proxy.showStrictModeViolation(IWindowManager.java:3695)
04-11 03:58:23.821  6260  6260 D StrictMode:    at android.os.StrictMode$AndroidBlockGuardPolicy.handleViolationWithTimingAttempt(StrictMode.java:1674)
04-11 03:58:23.821  6260  6260 D StrictMode:    at android.os.StrictMode$AndroidBlockGuardPolicy.startHandlingViolationException(StrictMode.java:1624)
04-11 03:58:23.821  6260  6260 D StrictMode:    at android.os.StrictMode$AndroidBlockGuardPolicy.onCustomSlowCall(StrictMode.java:1546)
04-11 03:58:23.821  6260  6260 D StrictMode:    at android.os.StrictMode.noteSlowCall(StrictMode.java:2538)
04-11 03:58:23.821  6260  6260 D StrictMode:    at com.android.systemui.DejankUtils$1.onTransactStarted(DejankUtils.java:77)
04-11 03:58:23.821  6260  6260 D StrictMode:    at android.os.BinderProxy.transact(BinderProxy.java:532)
04-11 03:58:23.821  6260  6260 D StrictMode:    at android.content.ContentProviderProxy.call(ContentProviderNative.java:730)
04-11 03:58:23.821  6260  6260 D StrictMode:    at android.provider.Settings$NameValueCache.getStringForUser(Settings.java:2784)
04-11 03:58:23.821  6260  6260 D StrictMode:    at android.provider.Settings$Secure.getStringForUser(Settings.java:7060)
04-11 03:58:23.821  6260  6260 D StrictMode:    at android.provider.Settings$Secure.getIntForUser(Settings.java:7257)
04-11 03:58:23.821  6260  6260 D StrictMode:    at com.android.systemui.statusbar.phone.StatusBar.updateRoundedFwvals(StatusBar.java:2470)
04-11 03:58:23.821  6260  6260 D StrictMode:    at com.android.systemui.statusbar.phone.StatusBar.updateTheme(StatusBar.java:4301)
04-11 03:58:23.821  6260  6260 D StrictMode:    at com.android.systemui.statusbar.phone.StatusBar.onStateChanged(StatusBar.java:4423)
04-11 03:58:23.821  6260  6260 D StrictMode:    at com.android.systemui.statusbar.StatusBarStateControllerImpl.setState(StatusBarStateControllerImpl.java:163)
04-11 03:58:23.821  6260  6260 D StrictMode:    at com.android.systemui.statusbar.phone.StatusBar.hideKeyguardImpl(StatusBar.java:4200)
04-11 03:58:23.821  6260  6260 D StrictMode:    at com.android.systemui.statusbar.phone.StatusBar.updateIsKeyguard(StatusBar.java:4065)
04-11 03:58:23.821  6260  6260 D StrictMode:    at com.android.systemui.statusbar.phone.StatusBar$16.onFinishedGoingToSleep(StatusBar.java:4645)
04-11 03:58:23.821  6260  6260 D StrictMode:    at com.android.systemui.keyguard.-$$Lambda$AKoGNPXjF07Pzc3_fzdQTCHgk6E.accept(Unknown Source:2)
04-11 03:58:23.821  6260  6260 D StrictMode:    at com.android.systemui.keyguard.Lifecycle.dispatch(Lifecycle.java:39)
04-11 03:58:23.821  6260  6260 D StrictMode:    at com.android.systemui.keyguard.WakefulnessLifecycle.dispatchFinishedGoingToSleep(WakefulnessLifecycle.java:92)
04-11 03:58:23.821  6260  6260 D StrictMode:    at com.android.systemui.keyguard.KeyguardLifecyclesDispatcher$1.handleMessage(KeyguardLifecyclesDispatcher.java:81)
04-11 03:58:23.821  6260  6260 D StrictMode:    at android.os.Handler.dispatchMessage(Handler.java:106)
04-11 03:58:23.821  6260  6260 D StrictMode:    at android.os.Looper.loop(Looper.java:223)
04-11 03:58:23.821  6260  6260 D StrictMode:    at android.app.ActivityThread.main(ActivityThread.java:7669)
04-11 03:58:23.821  6260  6260 D StrictMode:    at java.lang.reflect.Method.invoke(Native Method)
04-11 03:58:23.821  6260  6260 D StrictMode:    at com.android.internal.os.RuntimeInit$MethodAndArgsCaller.run(RuntimeInit.java:592)
04-11 03:58:23.821  6260  6260 D StrictMode:    at com.android.internal.os.ZygoteInit.main(ZygoteInit.java:947)
04-11 03:58:23.822  6260  6260 D StrictMode: StrictMode policy violation; ~duration=21 ms: android.os.strictmode.CustomViolation: IPC detected on critical path: StatusBarStateControllerImpl#setState(0)
04-11 03:58:23.822  6260  6260 D StrictMode:    at android.os.StrictMode$AndroidBlockGuardPolicy.onCustomSlowCall(StrictMode.java:1546)
04-11 03:58:23.822  6260  6260 D StrictMode:    at android.os.StrictMode.noteSlowCall(StrictMode.java:2538)
04-11 03:58:23.822  6260  6260 D StrictMode:    at com.android.systemui.DejankUtils$1.onTransactStarted(DejankUtils.java:77)
04-11 03:58:23.822  6260  6260 D StrictMode:    at android.os.BinderProxy.transact(BinderProxy.java:532)
04-11 03:58:23.822  6260  6260 D StrictMode:    at android.content.ContentProviderProxy.call(ContentProviderNative.java:730)
04-11 03:58:23.822  6260  6260 D StrictMode:    at android.provider.Settings$NameValueCache.getStringForUser(Settings.java:2784)
04-11 03:58:23.822  6260  6260 D StrictMode:    at android.provider.Settings$Secure.getStringForUser(Settings.java:7060)
04-11 03:58:23.822  6260  6260 D StrictMode:    at android.provider.Settings$Secure.getIntForUser(Settings.java:7257)
04-11 03:58:23.822  6260  6260 D StrictMode:    at com.android.systemui.statusbar.phone.StatusBar.isCurrentRoundedSameAsFw(StatusBar.java:2463)
04-11 03:58:23.822  6260  6260 D StrictMode:    at com.android.systemui.statusbar.phone.StatusBar.updateRoundedFwvals(StatusBar.java:2472)
04-11 03:58:23.822  6260  6260 D StrictMode:    at com.android.systemui.statusbar.phone.StatusBar.updateTheme(StatusBar.java:4301)
04-11 03:58:23.822  6260  6260 D StrictMode:    at com.android.systemui.statusbar.phone.StatusBar.onStateChanged(StatusBar.java:4423)
04-11 03:58:23.822  6260  6260 D StrictMode:    at com.android.systemui.statusbar.StatusBarStateControllerImpl.setState(StatusBarStateControllerImpl.java:163)
04-11 03:58:23.822  6260  6260 D StrictMode:    at com.android.systemui.statusbar.phone.StatusBar.hideKeyguardImpl(StatusBar.java:4200)
04-11 03:58:23.822  6260  6260 D StrictMode:    at com.android.systemui.statusbar.phone.StatusBar.updateIsKeyguard(StatusBar.java:4065)
04-11 03:58:23.822  6260  6260 D StrictMode:    at com.android.systemui.statusbar.phone.StatusBar$16.onFinishedGoingToSleep(StatusBar.java:4645)
04-11 03:58:23.822  6260  6260 D StrictMode:    at com.android.systemui.keyguard.-$$Lambda$AKoGNPXjF07Pzc3_fzdQTCHgk6E.accept(Unknown Source:2)
04-11 03:58:23.822  6260  6260 D StrictMode:    at com.android.systemui.keyguard.Lifecycle.dispatch(Lifecycle.java:39)
04-11 03:58:23.822  6260  6260 D StrictMode:    at com.android.systemui.keyguard.WakefulnessLifecycle.dispatchFinishedGoingToSleep(WakefulnessLifecycle.java:92)
04-11 03:58:23.822  6260  6260 D StrictMode:    at com.android.systemui.keyguard.KeyguardLifecyclesDispatcher$1.handleMessage(KeyguardLifecyclesDispatcher.java:81)
04-11 03:58:23.822  6260  6260 D StrictMode:    at android.os.Handler.dispatchMessage(Handler.java:106)
04-11 03:58:23.822  6260  6260 D StrictMode:    at android.os.Looper.loop(Looper.java:223)
04-11 03:58:23.822  6260  6260 D StrictMode:    at android.app.ActivityThread.main(ActivityThread.java:7669)
04-11 03:58:23.822  6260  6260 D StrictMode:    at java.lang.reflect.Method.invoke(Native Method)
04-11 03:58:23.822  6260  6260 D StrictMode:    at com.android.internal.os.RuntimeInit$MethodAndArgsCaller.run(RuntimeInit.java:592)
04-11 03:58:23.822  6260  6260 D StrictMode:    at com.android.internal.os.ZygoteInit.main(ZygoteInit.java:947)
04-11 03:58:23.823  6260  6260 D StrictMode: StrictMode policy violation; ~duration=14 ms: android.os.strictmode.CustomViolation: IPC detected on critical path: StatusBarStateControllerImpl#setState(0)
04-11 03:58:23.823  6260  6260 D StrictMode:    at android.os.StrictMode$AndroidBlockGuardPolicy.onCustomSlowCall(StrictMode.java:1546)
04-11 03:58:23.823  6260  6260 D StrictMode:    at android.os.StrictMode.noteSlowCall(StrictMode.java:2538)
04-11 03:58:23.823  6260  6260 D StrictMode:    at com.android.systemui.DejankUtils$1.onTransactStarted(DejankUtils.java:77)
04-11 03:58:23.823  6260  6260 D StrictMode:    at android.os.BinderProxy.transact(BinderProxy.java:532)
04-11 03:58:23.823  6260  6260 D StrictMode:    at android.content.ContentProviderProxy.call(ContentProviderNative.java:730)
04-11 03:58:23.823  6260  6260 D StrictMode:    at android.provider.Settings$NameValueCache.getStringForUser(Settings.java:2784)
04-11 03:58:23.823  6260  6260 D StrictMode:    at android.provider.Settings$Secure.getStringForUser(Settings.java:7060)
04-11 03:58:23.823  6260  6260 D StrictMode:    at android.provider.Settings$Secure.getIntForUser(Settings.java:7257)
04-11 03:58:23.823  6260  6260 D StrictMode:    at com.android.systemui.statusbar.notification.stack.NotificationStackScrollLayout.updateFooter(NotificationStackScrollLayout.java:841)
04-11 03:58:23.823  6260  6260 D StrictMode:    at com.android.systemui.statusbar.phone.NotificationPanelViewController.updateNotificationViews(NotificationPanelViewController.java:3333)
04-11 03:58:23.823  6260  6260 D StrictMode:    at com.android.systemui.statusbar.phone.StatusBarNotificationPresenter.updateNotificationViews(StatusBarNotificationPresenter.java:325)
04-11 03:58:23.823  6260  6260 D StrictMode:    at com.android.systemui.statusbar.notification.NotificationEntryManager.updateNotifications(NotificationEntryManager.java:713)
04-11 03:58:23.823  6260  6260 D StrictMode:    at com.android.systemui.statusbar.NotificationLockscreenUserManagerImpl.updatePublicMode(NotificationLockscreenUserManagerImpl.java:616)
04-11 03:58:23.823  6260  6260 D StrictMode:    at com.google.android.systemui.NotificationLockscreenUserManagerGoogle.updatePublicMode(NotificationLockscreenUserManagerGoogle.java:74)
04-11 03:58:23.823  6260  6260 D StrictMode:    at com.android.systemui.statusbar.NotificationLockscreenUserManagerImpl.onStateChanged(NotificationLockscreenUserManagerImpl.java:583)
04-11 03:58:23.823  6260  6260 D StrictMode:    at com.android.systemui.statusbar.StatusBarStateControllerImpl.setState(StatusBarStateControllerImpl.java:163)
04-11 03:58:23.823  6260  6260 D StrictMode:    at com.android.systemui.statusbar.phone.StatusBar.hideKeyguardImpl(StatusBar.java:4200)
04-11 03:58:23.823  6260  6260 D StrictMode:    at com.android.systemui.statusbar.phone.StatusBar.updateIsKeyguard(StatusBar.java:4065)
04-11 03:58:23.823  6260  6260 D StrictMode:    at com.android.systemui.statusbar.phone.StatusBar$16.onFinishedGoingToSleep(StatusBar.java:4645)
04-11 03:58:23.823  6260  6260 D StrictMode:    at com.android.systemui.keyguard.-$$Lambda$AKoGNPXjF07Pzc3_fzdQTCHgk6E.accept(Unknown Source:2)
04-11 03:58:23.823  6260  6260 D StrictMode:    at com.android.systemui.keyguard.Lifecycle.dispatch(Lifecycle.java:39)
04-11 03:58:23.823  6260  6260 D StrictMode:    at com.android.systemui.keyguard.WakefulnessLifecycle.dispatchFinishedGoingToSleep(WakefulnessLifecycle.java:92)
04-11 03:58:23.823  6260  6260 D StrictMode:    at com.android.systemui.keyguard.KeyguardLifecyclesDispatcher$1.handleMessage(KeyguardLifecyclesDispatcher.java:81)
04-11 03:58:23.823  6260  6260 D StrictMode:    at android.os.Handler.dispatchMessage(Handler.java:106)
04-11 03:58:23.823  6260  6260 D StrictMode:    at android.os.Looper.loop(Looper.java:223)
04-11 03:58:23.823  6260  6260 D StrictMode:    at android.app.ActivityThread.main(ActivityThread.java:7669)
04-11 03:58:23.823  6260  6260 D StrictMode:    at java.lang.reflect.Method.invoke(Native Method)
04-11 03:58:23.823  6260  6260 D StrictMode:    at com.android.internal.os.RuntimeInit$MethodAndArgsCaller.run(RuntimeInit.java:592)
04-11 03:58:23.823  6260  6260 D StrictMode:    at com.android.internal.os.ZygoteInit.main(ZygoteInit.java:947)
04-11 03:58:23.824  6260  6260 D StrictMode: StrictMode policy violation; ~duration=12 ms: android.os.strictmode.CustomViolation: IPC detected on critical path: StatusBarStateControllerImpl#setState(0)
04-11 03:58:23.824  6260  6260 D StrictMode:    at android.os.StrictMode$AndroidBlockGuardPolicy.onCustomSlowCall(StrictMode.java:1546)
04-11 03:58:23.824  6260  6260 D StrictMode:    at android.os.StrictMode.noteSlowCall(StrictMode.java:2538)
04-11 03:58:23.824  6260  6260 D StrictMode:    at com.android.systemui.DejankUtils$1.onTransactStarted(DejankUtils.java:77)
04-11 03:58:23.824  6260  6260 D StrictMode:    at android.os.BinderProxy.transact(BinderProxy.java:532)
04-11 03:58:23.824  6260  6260 D StrictMode:    at android.app.admin.IDevicePolicyManager$Stub$Proxy.getKeyguardDisabledFeatures(IDevicePolicyManager.java:8291)
04-11 03:58:23.824  6260  6260 D StrictMode:    at android.app.admin.DevicePolicyManager.getKeyguardDisabledFeatures(DevicePolicyManager.java:6319)
04-11 03:58:23.824  6260  6260 D StrictMode:    at com.android.systemui.statusbar.NotificationLockscreenUserManagerImpl.updateLockscreenNotificationSetting(NotificationLockscreenUserManagerImpl.java:378)
04-11 03:58:23.824  6260  6260 D StrictMode:    at com.google.android.systemui.NotificationLockscreenUserManagerGoogle.updateLockscreenNotificationSetting(NotificationLockscreenUserManagerGoogle.java:57)
04-11 03:58:23.824  6260  6260 D StrictMode:    at com.google.android.systemui.NotificationLockscreenUserManagerGoogle.updatePublicMode(NotificationLockscreenUserManagerGoogle.java:75)
04-11 03:58:23.824  6260  6260 D StrictMode:    at com.android.systemui.statusbar.NotificationLockscreenUserManagerImpl.onStateChanged(NotificationLockscreenUserManagerImpl.java:583)
04-11 03:58:23.824  6260  6260 D StrictMode:    at com.android.systemui.statusbar.StatusBarStateControllerImpl.setState(StatusBarStateControllerImpl.java:163)
04-11 03:58:23.824  6260  6260 D StrictMode:    at com.android.systemui.statusbar.phone.StatusBar.hideKeyguardImpl(StatusBar.java:4200)
04-11 03:58:23.824  6260  6260 D StrictMode:    at com.android.systemui.statusbar.phone.StatusBar.updateIsKeyguard(StatusBar.java:4065)
04-11 03:58:23.824  6260  6260 D StrictMode:    at com.android.systemui.statusbar.phone.StatusBar$16.onFinishedGoingToSleep(StatusBar.java:4645)
04-11 03:58:23.824  6260  6260 D StrictMode:    at com.android.systemui.keyguard.-$$Lambda$AKoGNPXjF07Pzc3_fzdQTCHgk6E.accept(Unknown Source:2)
04-11 03:58:23.824  6260  6260 D StrictMode:    at com.android.systemui.keyguard.Lifecycle.dispatch(Lifecycle.java:39)
04-11 03:58:23.824  6260  6260 D StrictMode:    at com.android.systemui.keyguard.WakefulnessLifecycle.dispatchFinishedGoingToSleep(WakefulnessLifecycle.java:92)
